Archive member included to satisfy reference by file (symbol)

c:/program files (x86)/atmel/studio/7.0/toolchain/avr8/avr8-gnu-toolchain/bin/../lib/gcc/avr/4.9.2/../../../../avr/lib/avr5\libm.a(addsf3.o)
                              src/lcd.o (__subsf3)
c:/program files (x86)/atmel/studio/7.0/toolchain/avr8/avr8-gnu-toolchain/bin/../lib/gcc/avr/4.9.2/../../../../avr/lib/avr5\libm.a(addsf3x.o)
                              c:/program files (x86)/atmel/studio/7.0/toolchain/avr8/avr8-gnu-toolchain/bin/../lib/gcc/avr/4.9.2/../../../../avr/lib/avr5\libm.a(addsf3.o) (__addsf3x)
c:/program files (x86)/atmel/studio/7.0/toolchain/avr8/avr8-gnu-toolchain/bin/../lib/gcc/avr/4.9.2/../../../../avr/lib/avr5\libm.a(cmpsf2.o)
                              src/isr.o (__nesf2)
c:/program files (x86)/atmel/studio/7.0/toolchain/avr8/avr8-gnu-toolchain/bin/../lib/gcc/avr/4.9.2/../../../../avr/lib/avr5\libm.a(divsf3.o)
                              src/lcd.o (__divsf3)
c:/program files (x86)/atmel/studio/7.0/toolchain/avr8/avr8-gnu-toolchain/bin/../lib/gcc/avr/4.9.2/../../../../avr/lib/avr5\libm.a(divsf3x.o)
                              c:/program files (x86)/atmel/studio/7.0/toolchain/avr8/avr8-gnu-toolchain/bin/../lib/gcc/avr/4.9.2/../../../../avr/lib/avr5\libm.a(divsf3.o) (__divsf3x)
c:/program files (x86)/atmel/studio/7.0/toolchain/avr8/avr8-gnu-toolchain/bin/../lib/gcc/avr/4.9.2/../../../../avr/lib/avr5\libm.a(fixsfsi.o)
                              src/lcd.o (__fixsfsi)
c:/program files (x86)/atmel/studio/7.0/toolchain/avr8/avr8-gnu-toolchain/bin/../lib/gcc/avr/4.9.2/../../../../avr/lib/avr5\libm.a(fixunssfsi.o)
                              src/isr.o (__fixunssfsi)
c:/program files (x86)/atmel/studio/7.0/toolchain/avr8/avr8-gnu-toolchain/bin/../lib/gcc/avr/4.9.2/../../../../avr/lib/avr5\libm.a(floatsisf.o)
                              src/isr.o (__floatunsisf)
c:/program files (x86)/atmel/studio/7.0/toolchain/avr8/avr8-gnu-toolchain/bin/../lib/gcc/avr/4.9.2/../../../../avr/lib/avr5\libm.a(fp_cmp.o)
                              c:/program files (x86)/atmel/studio/7.0/toolchain/avr8/avr8-gnu-toolchain/bin/../lib/gcc/avr/4.9.2/../../../../avr/lib/avr5\libm.a(cmpsf2.o) (__fp_cmp)
c:/program files (x86)/atmel/studio/7.0/toolchain/avr8/avr8-gnu-toolchain/bin/../lib/gcc/avr/4.9.2/../../../../avr/lib/avr5\libm.a(fp_inf.o)
                              c:/program files (x86)/atmel/studio/7.0/toolchain/avr8/avr8-gnu-toolchain/bin/../lib/gcc/avr/4.9.2/../../../../avr/lib/avr5\libm.a(addsf3x.o) (__fp_inf)
c:/program files (x86)/atmel/studio/7.0/toolchain/avr8/avr8-gnu-toolchain/bin/../lib/gcc/avr/4.9.2/../../../../avr/lib/avr5\libm.a(fp_nan.o)
                              c:/program files (x86)/atmel/studio/7.0/toolchain/avr8/avr8-gnu-toolchain/bin/../lib/gcc/avr/4.9.2/../../../../avr/lib/avr5\libm.a(addsf3x.o) (__fp_nan)
c:/program files (x86)/atmel/studio/7.0/toolchain/avr8/avr8-gnu-toolchain/bin/../lib/gcc/avr/4.9.2/../../../../avr/lib/avr5\libm.a(fp_pscA.o)
                              c:/program files (x86)/atmel/studio/7.0/toolchain/avr8/avr8-gnu-toolchain/bin/../lib/gcc/avr/4.9.2/../../../../avr/lib/avr5\libm.a(addsf3x.o) (__fp_pscA)
c:/program files (x86)/atmel/studio/7.0/toolchain/avr8/avr8-gnu-toolchain/bin/../lib/gcc/avr/4.9.2/../../../../avr/lib/avr5\libm.a(fp_pscB.o)
                              c:/program files (x86)/atmel/studio/7.0/toolchain/avr8/avr8-gnu-toolchain/bin/../lib/gcc/avr/4.9.2/../../../../avr/lib/avr5\libm.a(addsf3x.o) (__fp_pscB)
c:/program files (x86)/atmel/studio/7.0/toolchain/avr8/avr8-gnu-toolchain/bin/../lib/gcc/avr/4.9.2/../../../../avr/lib/avr5\libm.a(fp_round.o)
                              c:/program files (x86)/atmel/studio/7.0/toolchain/avr8/avr8-gnu-toolchain/bin/../lib/gcc/avr/4.9.2/../../../../avr/lib/avr5\libm.a(addsf3.o) (__fp_round)
c:/program files (x86)/atmel/studio/7.0/toolchain/avr8/avr8-gnu-toolchain/bin/../lib/gcc/avr/4.9.2/../../../../avr/lib/avr5\libm.a(fp_split3.o)
                              c:/program files (x86)/atmel/studio/7.0/toolchain/avr8/avr8-gnu-toolchain/bin/../lib/gcc/avr/4.9.2/../../../../avr/lib/avr5\libm.a(addsf3x.o) (__fp_split3)
c:/program files (x86)/atmel/studio/7.0/toolchain/avr8/avr8-gnu-toolchain/bin/../lib/gcc/avr/4.9.2/../../../../avr/lib/avr5\libm.a(fp_zero.o)
                              c:/program files (x86)/atmel/studio/7.0/toolchain/avr8/avr8-gnu-toolchain/bin/../lib/gcc/avr/4.9.2/../../../../avr/lib/avr5\libm.a(addsf3x.o) (__fp_zero)
c:/program files (x86)/atmel/studio/7.0/toolchain/avr8/avr8-gnu-toolchain/bin/../lib/gcc/avr/4.9.2/../../../../avr/lib/avr5\libm.a(gesf2.o)
                              src/lcd.o (__gesf2)
c:/program files (x86)/atmel/studio/7.0/toolchain/avr8/avr8-gnu-toolchain/bin/../lib/gcc/avr/4.9.2/../../../../avr/lib/avr5\libm.a(mulsf3.o)
                              src/isr.o (__mulsf3)
c:/program files (x86)/atmel/studio/7.0/toolchain/avr8/avr8-gnu-toolchain/bin/../lib/gcc/avr/4.9.2/../../../../avr/lib/avr5\libm.a(mulsf3x.o)
                              c:/program files (x86)/atmel/studio/7.0/toolchain/avr8/avr8-gnu-toolchain/bin/../lib/gcc/avr/4.9.2/../../../../avr/lib/avr5\libm.a(mulsf3.o) (__mulsf3x)
c:/program files (x86)/atmel/studio/7.0/toolchain/avr8/avr8-gnu-toolchain/bin/../lib/gcc/avr/4.9.2/avr5\libgcc.a(_udivmodqi4.o)
                              src/lcd.o (__udivmodqi4)
c:/program files (x86)/atmel/studio/7.0/toolchain/avr8/avr8-gnu-toolchain/bin/../lib/gcc/avr/4.9.2/avr5\libgcc.a(_udivmodhi4.o)
                              src/ASF/common/services/calendar/calendar.o (__udivmodhi4)
c:/program files (x86)/atmel/studio/7.0/toolchain/avr8/avr8-gnu-toolchain/bin/../lib/gcc/avr/4.9.2/avr5\libgcc.a(_divmodhi4.o)
                              src/lcd.o (__divmodhi4)
c:/program files (x86)/atmel/studio/7.0/toolchain/avr8/avr8-gnu-toolchain/bin/../lib/gcc/avr/4.9.2/avr5\libgcc.a(_udivmodsi4.o)
                              src/ASF/common/services/calendar/calendar.o (__udivmodsi4)
c:/program files (x86)/atmel/studio/7.0/toolchain/avr8/avr8-gnu-toolchain/bin/../lib/gcc/avr/4.9.2/avr5\libgcc.a(_exit.o)
                              C:/Program Files (x86)/Atmel/Studio/7.0/Packs/atmel/ATmega_DFP/1.1.130/gcc/dev/atmega328p/avr5/crtatmega328p.o (exit)
c:/program files (x86)/atmel/studio/7.0/toolchain/avr8/avr8-gnu-toolchain/bin/../lib/gcc/avr/4.9.2/avr5\libgcc.a(_copy_data.o)
                              src/ASF/common/services/calendar/calendar.o (__do_copy_data)
c:/program files (x86)/atmel/studio/7.0/toolchain/avr8/avr8-gnu-toolchain/bin/../lib/gcc/avr/4.9.2/avr5\libgcc.a(_clear_bss.o)
                              src/gfx_mono/gfx_mono_framebuffer.o (__do_clear_bss)
c:/program files (x86)/atmel/studio/7.0/toolchain/avr8/avr8-gnu-toolchain/bin/../lib/gcc/avr/4.9.2/avr5\libgcc.a(_umulhisi3.o)
                              src/ASF/common/services/calendar/calendar.o (__umulhisi3)
c:/program files (x86)/atmel/studio/7.0/toolchain/avr8/avr8-gnu-toolchain/bin/../lib/gcc/avr/4.9.2/avr5\libgcc.a(_muluhisi3.o)
                              src/ASF/common/services/calendar/calendar.o (__muluhisi3)
c:/program files (x86)/atmel/studio/7.0/toolchain/avr8/avr8-gnu-toolchain/bin/../lib/gcc/avr/4.9.2/../../../../avr/lib/avr5\libc.a(snprintf.o)
                              src/lcd.o (snprintf)
c:/program files (x86)/atmel/studio/7.0/toolchain/avr8/avr8-gnu-toolchain/bin/../lib/gcc/avr/4.9.2/../../../../avr/lib/avr5\libc.a(vfprintf_std.o)
                              c:/program files (x86)/atmel/studio/7.0/toolchain/avr8/avr8-gnu-toolchain/bin/../lib/gcc/avr/4.9.2/../../../../avr/lib/avr5\libc.a(snprintf.o) (vfprintf)
c:/program files (x86)/atmel/studio/7.0/toolchain/avr8/avr8-gnu-toolchain/bin/../lib/gcc/avr/4.9.2/../../../../avr/lib/avr5\libc.a(strnlen_P.o)
                              c:/program files (x86)/atmel/studio/7.0/toolchain/avr8/avr8-gnu-toolchain/bin/../lib/gcc/avr/4.9.2/../../../../avr/lib/avr5\libc.a(vfprintf_std.o) (strnlen_P)
c:/program files (x86)/atmel/studio/7.0/toolchain/avr8/avr8-gnu-toolchain/bin/../lib/gcc/avr/4.9.2/../../../../avr/lib/avr5\libc.a(strnlen.o)
                              c:/program files (x86)/atmel/studio/7.0/toolchain/avr8/avr8-gnu-toolchain/bin/../lib/gcc/avr/4.9.2/../../../../avr/lib/avr5\libc.a(vfprintf_std.o) (strnlen)
c:/program files (x86)/atmel/studio/7.0/toolchain/avr8/avr8-gnu-toolchain/bin/../lib/gcc/avr/4.9.2/../../../../avr/lib/avr5\libc.a(fputc.o)
                              c:/program files (x86)/atmel/studio/7.0/toolchain/avr8/avr8-gnu-toolchain/bin/../lib/gcc/avr/4.9.2/../../../../avr/lib/avr5\libc.a(vfprintf_std.o) (fputc)
c:/program files (x86)/atmel/studio/7.0/toolchain/avr8/avr8-gnu-toolchain/bin/../lib/gcc/avr/4.9.2/../../../../avr/lib/avr5\libc.a(ultoa_invert.o)
                              c:/program files (x86)/atmel/studio/7.0/toolchain/avr8/avr8-gnu-toolchain/bin/../lib/gcc/avr/4.9.2/../../../../avr/lib/avr5\libc.a(vfprintf_std.o) (__ultoa_invert)
c:/program files (x86)/atmel/studio/7.0/toolchain/avr8/avr8-gnu-toolchain/bin/../lib/gcc/avr/4.9.2/avr5\libgcc.a(_prologue.o)
                              c:/program files (x86)/atmel/studio/7.0/toolchain/avr8/avr8-gnu-toolchain/bin/../lib/gcc/avr/4.9.2/../../../../avr/lib/avr5\libc.a(snprintf.o) (__prologue_saves__)
c:/program files (x86)/atmel/studio/7.0/toolchain/avr8/avr8-gnu-toolchain/bin/../lib/gcc/avr/4.9.2/avr5\libgcc.a(_epilogue.o)
                              c:/program files (x86)/atmel/studio/7.0/toolchain/avr8/avr8-gnu-toolchain/bin/../lib/gcc/avr/4.9.2/../../../../avr/lib/avr5\libc.a(snprintf.o) (__epilogue_restores__)

Discarded input sections

 .text          0x00000000        0x4 C:/Program Files (x86)/Atmel/Studio/7.0/Packs/atmel/ATmega_DFP/1.1.130/gcc/dev/atmega328p/avr5/crtatmega328p.o
 .data          0x00000000        0x0 C:/Program Files (x86)/Atmel/Studio/7.0/Packs/atmel/ATmega_DFP/1.1.130/gcc/dev/atmega328p/avr5/crtatmega328p.o
 .bss           0x00000000        0x0 C:/Program Files (x86)/Atmel/Studio/7.0/Packs/atmel/ATmega_DFP/1.1.130/gcc/dev/atmega328p/avr5/crtatmega328p.o
 .text          0x00000000        0x0 src/ASF/common/services/calendar/calendar.o
 .data          0x00000000        0x0 src/ASF/common/services/calendar/calendar.o
 .bss           0x00000000        0x0 src/ASF/common/services/calendar/calendar.o
 .text.calendar_leapyear
                0x00000000       0x32 src/ASF/common/services/calendar/calendar.o
 .text.calendar_is_date_valid
                0x00000000       0x62 src/ASF/common/services/calendar/calendar.o
 .text.calendar_timestamp_to_date
                0x00000000      0x11c src/ASF/common/services/calendar/calendar.o
 .text.calendar_timestamp_to_date_tz
                0x00000000       0x98 src/ASF/common/services/calendar/calendar.o
 .text.calendar_date_to_timestamp
                0x00000000       0xfc src/ASF/common/services/calendar/calendar.o
 .text.calendar_date_to_timestamp_tz
                0x00000000       0xd2 src/ASF/common/services/calendar/calendar.o
 .text.calendar_time_between_dates
                0x00000000      0x174 src/ASF/common/services/calendar/calendar.o
 .text.calendar_add_second_to_date
                0x00000000       0x9e src/ASF/common/services/calendar/calendar.o
 .rodata.month  0x00000000       0x18 src/ASF/common/services/calendar/calendar.o
 .debug_info    0x00000000      0x703 src/ASF/common/services/calendar/calendar.o
 .debug_abbrev  0x00000000      0x25b src/ASF/common/services/calendar/calendar.o
 .debug_loc     0x00000000      0xae1 src/ASF/common/services/calendar/calendar.o
 .debug_aranges
                0x00000000       0x58 src/ASF/common/services/calendar/calendar.o
 .debug_ranges  0x00000000       0x60 src/ASF/common/services/calendar/calendar.o
 .debug_line    0x00000000      0x47e src/ASF/common/services/calendar/calendar.o
 .debug_str     0x00000000      0x3f5 src/ASF/common/services/calendar/calendar.o
 .comment       0x00000000       0x31 src/ASF/common/services/calendar/calendar.o
 .debug_frame   0x00000000      0x200 src/ASF/common/services/calendar/calendar.o
 .text          0x00000000        0x0 src/ASF/common/services/clock/mega/sysclk.o
 .data          0x00000000        0x0 src/ASF/common/services/clock/mega/sysclk.o
 .bss           0x00000000        0x0 src/ASF/common/services/clock/mega/sysclk.o
 .text          0x00000000        0x0 src/ASF/mega/drivers/usart/usart_mega.o
 .data          0x00000000        0x0 src/ASF/mega/drivers/usart/usart_mega.o
 .bss           0x00000000        0x0 src/ASF/mega/drivers/usart/usart_mega.o
 .text.usart_putchar
                0x00000000        0xe src/ASF/mega/drivers/usart/usart_mega.o
 .text.usart_getchar
                0x00000000        0xc src/ASF/mega/drivers/usart/usart_mega.o
 .text.usart_set_baudrate_precalculated
                0x00000000       0xe2 src/ASF/mega/drivers/usart/usart_mega.o
 .text.usart_set_baudrate
                0x00000000       0xdc src/ASF/mega/drivers/usart/usart_mega.o
 .text.usart_init_rs232
                0x00000000       0x8c src/ASF/mega/drivers/usart/usart_mega.o
 .text.usart_spi_set_baudrate
                0x00000000       0x68 src/ASF/mega/drivers/usart/usart_mega.o
 .text.usart_init_spi
                0x00000000       0x92 src/ASF/mega/drivers/usart/usart_mega.o
 .progmem.data.baudctrl_16mhz
                0x00000000        0xe src/ASF/mega/drivers/usart/usart_mega.o
 .progmem.data.baudctrl_8mhz
                0x00000000        0xe src/ASF/mega/drivers/usart/usart_mega.o
 .progmem.data.baudctrl_1mhz
                0x00000000        0xe src/ASF/mega/drivers/usart/usart_mega.o
 .debug_info    0x00000000      0x971 src/ASF/mega/drivers/usart/usart_mega.o
 .debug_abbrev  0x00000000      0x2f7 src/ASF/mega/drivers/usart/usart_mega.o
 .debug_loc     0x00000000      0x81d src/ASF/mega/drivers/usart/usart_mega.o
 .debug_aranges
                0x00000000       0x50 src/ASF/mega/drivers/usart/usart_mega.o
 .debug_ranges  0x00000000       0x40 src/ASF/mega/drivers/usart/usart_mega.o
 .debug_line    0x00000000      0x3c9 src/ASF/mega/drivers/usart/usart_mega.o
 .debug_str     0x00000000      0x750 src/ASF/mega/drivers/usart/usart_mega.o
 .comment       0x00000000       0x31 src/ASF/mega/drivers/usart/usart_mega.o
 .debug_frame   0x00000000      0x130 src/ASF/mega/drivers/usart/usart_mega.o
 .text          0x00000000        0x0 src/gfx_mono/gfx_mono_framebuffer.o
 .data          0x00000000        0x0 src/gfx_mono/gfx_mono_framebuffer.o
 .bss           0x00000000        0x0 src/gfx_mono/gfx_mono_framebuffer.o
 .text.gfx_mono_set_framebuffer
                0x00000000        0xa src/gfx_mono/gfx_mono_framebuffer.o
 .text.gfx_mono_framebuffer_put_page
                0x00000000       0x2c src/gfx_mono/gfx_mono_framebuffer.o
 .text.gfx_mono_framebuffer_get_page
                0x00000000       0x2a src/gfx_mono/gfx_mono_framebuffer.o
 .text.gfx_mono_framebuffer_put_byte
                0x00000000       0x1c src/gfx_mono/gfx_mono_framebuffer.o
 .text.gfx_mono_framebuffer_get_byte
                0x00000000       0x1c src/gfx_mono/gfx_mono_framebuffer.o
 .text.gfx_mono_framebuffer_draw_pixel
                0x00000000       0x76 src/gfx_mono/gfx_mono_framebuffer.o
 .text.gfx_mono_framebuffer_get_pixel
                0x00000000       0x42 src/gfx_mono/gfx_mono_framebuffer.o
 .text.gfx_mono_framebuffer_mask_byte
                0x00000000       0x4a src/gfx_mono/gfx_mono_framebuffer.o
 .bss.fbpointer
                0x00000000        0x2 src/gfx_mono/gfx_mono_framebuffer.o
 .debug_info    0x00000000      0x426 src/gfx_mono/gfx_mono_framebuffer.o
 .debug_abbrev  0x00000000      0x17d src/gfx_mono/gfx_mono_framebuffer.o
 .debug_loc     0x00000000      0x695 src/gfx_mono/gfx_mono_framebuffer.o
 .debug_aranges
                0x00000000       0x58 src/gfx_mono/gfx_mono_framebuffer.o
 .debug_ranges  0x00000000       0x48 src/gfx_mono/gfx_mono_framebuffer.o
 .debug_line    0x00000000      0x28a src/gfx_mono/gfx_mono_framebuffer.o
 .debug_str     0x00000000      0x380 src/gfx_mono/gfx_mono_framebuffer.o
 .comment       0x00000000       0x31 src/gfx_mono/gfx_mono_framebuffer.o
 .debug_frame   0x00000000       0xd8 src/gfx_mono/gfx_mono_framebuffer.o
 .text          0x00000000        0x0 src/gfx_mono/gfx_mono_generic.o
 .data          0x00000000        0x0 src/gfx_mono/gfx_mono_generic.o
 .bss           0x00000000        0x0 src/gfx_mono/gfx_mono_generic.o
 .text.gfx_mono_generic_put_bitmap
                0x00000000       0xb4 src/gfx_mono/gfx_mono_generic.o
 .text          0x00000000        0x0 src/gfx_mono/gfx_mono_lcd_uc1608.o
 .data          0x00000000        0x0 src/gfx_mono/gfx_mono_lcd_uc1608.o
 .bss           0x00000000        0x0 src/gfx_mono/gfx_mono_lcd_uc1608.o
 .text.gfx_mono_lcd_uc1608_get_page
                0x00000000       0x56 src/gfx_mono/gfx_mono_lcd_uc1608.o
 .text.gfx_mono_lcd_uc1608_get_pixel
                0x00000000       0x34 src/gfx_mono/gfx_mono_lcd_uc1608.o
 .text          0x00000000        0x0 src/gfx_mono/gfx_mono_null.o
 .data          0x00000000        0x0 src/gfx_mono/gfx_mono_null.o
 .bss           0x00000000        0x0 src/gfx_mono/gfx_mono_null.o
 .text.gfx_mono_null_init
                0x00000000        0x8 src/gfx_mono/gfx_mono_null.o
 .bss.framebuffer
                0x00000000      0xf00 src/gfx_mono/gfx_mono_null.o
 .debug_info    0x00000000       0xe4 src/gfx_mono/gfx_mono_null.o
 .debug_abbrev  0x00000000       0xb1 src/gfx_mono/gfx_mono_null.o
 .debug_aranges
                0x00000000       0x20 src/gfx_mono/gfx_mono_null.o
 .debug_ranges  0x00000000       0x10 src/gfx_mono/gfx_mono_null.o
 .debug_line    0x00000000       0xcf src/gfx_mono/gfx_mono_null.o
 .debug_str     0x00000000      0x1d5 src/gfx_mono/gfx_mono_null.o
 .comment       0x00000000       0x31 src/gfx_mono/gfx_mono_null.o
 .debug_frame   0x00000000       0x24 src/gfx_mono/gfx_mono_null.o
 .text          0x00000000        0x0 src/gfx_mono/gfx_mono_text.o
 .data          0x00000000        0x0 src/gfx_mono/gfx_mono_text.o
 .bss           0x00000000        0x0 src/gfx_mono/gfx_mono_text.o
 .text.gfx_mono_draw_progmem_string
                0x00000000       0x5e src/gfx_mono/gfx_mono_text.o
 .text.gfx_mono_get_string_bounding_box
                0x00000000       0x3e src/gfx_mono/gfx_mono_text.o
 .text.gfx_mono_get_progmem_string_bounding_box
                0x00000000       0x54 src/gfx_mono/gfx_mono_text.o
 .text          0x00000000        0x0 src/gfx_mono/sysfont.o
 .data          0x00000000        0x0 src/gfx_mono/sysfont.o
 .bss           0x00000000        0x0 src/gfx_mono/sysfont.o
 .text          0x00000000        0x0 src/isr.o
 .data          0x00000000        0x0 src/isr.o
 .bss           0x00000000        0x0 src/isr.o
 .text          0x00000000        0x0 src/lcd.o
 .data          0x00000000        0x0 src/lcd.o
 .bss           0x00000000        0x0 src/lcd.o
 .text.lcd_bounds_x
                0x00000000       0x14 src/lcd.o
 .text.lcd_bounds_y
                0x00000000       0x14 src/lcd.o
 .text.lcd_enable
                0x00000000        0xe src/lcd.o
 .text          0x00000000        0x0 src/twi.o
 .data          0x00000000        0x0 src/twi.o
 .bss           0x00000000        0x0 src/twi.o
 .text          0x00000000        0x0 src/ASF/common/boards/user_board/init.o
 .data          0x00000000        0x0 src/ASF/common/boards/user_board/init.o
 .bss           0x00000000        0x0 src/ASF/common/boards/user_board/init.o
 .text          0x00000000        0x0 src/main.o
 .data          0x00000000        0x0 src/main.o
 .bss           0x00000000        0x0 src/main.o
 .text.halt     0x00000000        0x6 src/main.o
 .bss.g_f_DEBUG32
                0x00000000        0x4 src/main.o
 .bss.g_f_DEBUG31
                0x00000000        0x4 src/main.o
 .bss.g_u8_DEBUG13
                0x00000000        0x1 src/main.o
 .bss.g_u8_DEBUG12
                0x00000000        0x1 src/main.o
 .bss.g_u8_DEBUG11
                0x00000000        0x1 src/main.o
 .text          0x00000000        0x0 c:/program files (x86)/atmel/studio/7.0/toolchain/avr8/avr8-gnu-toolchain/bin/../lib/gcc/avr/4.9.2/../../../../avr/lib/avr5\libm.a(addsf3.o)
 .data          0x00000000        0x0 c:/program files (x86)/atmel/studio/7.0/toolchain/avr8/avr8-gnu-toolchain/bin/../lib/gcc/avr/4.9.2/../../../../avr/lib/avr5\libm.a(addsf3.o)
 .bss           0x00000000        0x0 c:/program files (x86)/atmel/studio/7.0/toolchain/avr8/avr8-gnu-toolchain/bin/../lib/gcc/avr/4.9.2/../../../../avr/lib/avr5\libm.a(addsf3.o)
 .text          0x00000000        0x0 c:/program files (x86)/atmel/studio/7.0/toolchain/avr8/avr8-gnu-toolchain/bin/../lib/gcc/avr/4.9.2/../../../../avr/lib/avr5\libm.a(addsf3x.o)
 .data          0x00000000        0x0 c:/program files (x86)/atmel/studio/7.0/toolchain/avr8/avr8-gnu-toolchain/bin/../lib/gcc/avr/4.9.2/../../../../avr/lib/avr5\libm.a(addsf3x.o)
 .bss           0x00000000        0x0 c:/program files (x86)/atmel/studio/7.0/toolchain/avr8/avr8-gnu-toolchain/bin/../lib/gcc/avr/4.9.2/../../../../avr/lib/avr5\libm.a(addsf3x.o)
 .text          0x00000000        0x0 c:/program files (x86)/atmel/studio/7.0/toolchain/avr8/avr8-gnu-toolchain/bin/../lib/gcc/avr/4.9.2/../../../../avr/lib/avr5\libm.a(cmpsf2.o)
 .data          0x00000000        0x0 c:/program files (x86)/atmel/studio/7.0/toolchain/avr8/avr8-gnu-toolchain/bin/../lib/gcc/avr/4.9.2/../../../../avr/lib/avr5\libm.a(cmpsf2.o)
 .bss           0x00000000        0x0 c:/program files (x86)/atmel/studio/7.0/toolchain/avr8/avr8-gnu-toolchain/bin/../lib/gcc/avr/4.9.2/../../../../avr/lib/avr5\libm.a(cmpsf2.o)
 .text          0x00000000        0x0 c:/program files (x86)/atmel/studio/7.0/toolchain/avr8/avr8-gnu-toolchain/bin/../lib/gcc/avr/4.9.2/../../../../avr/lib/avr5\libm.a(divsf3.o)
 .data          0x00000000        0x0 c:/program files (x86)/atmel/studio/7.0/toolchain/avr8/avr8-gnu-toolchain/bin/../lib/gcc/avr/4.9.2/../../../../avr/lib/avr5\libm.a(divsf3.o)
 .bss           0x00000000        0x0 c:/program files (x86)/atmel/studio/7.0/toolchain/avr8/avr8-gnu-toolchain/bin/../lib/gcc/avr/4.9.2/../../../../avr/lib/avr5\libm.a(divsf3.o)
 .text          0x00000000        0x0 c:/program files (x86)/atmel/studio/7.0/toolchain/avr8/avr8-gnu-toolchain/bin/../lib/gcc/avr/4.9.2/../../../../avr/lib/avr5\libm.a(divsf3x.o)
 .data          0x00000000        0x0 c:/program files (x86)/atmel/studio/7.0/toolchain/avr8/avr8-gnu-toolchain/bin/../lib/gcc/avr/4.9.2/../../../../avr/lib/avr5\libm.a(divsf3x.o)
 .bss           0x00000000        0x0 c:/program files (x86)/atmel/studio/7.0/toolchain/avr8/avr8-gnu-toolchain/bin/../lib/gcc/avr/4.9.2/../../../../avr/lib/avr5\libm.a(divsf3x.o)
 .text          0x00000000        0x0 c:/program files (x86)/atmel/studio/7.0/toolchain/avr8/avr8-gnu-toolchain/bin/../lib/gcc/avr/4.9.2/../../../../avr/lib/avr5\libm.a(fixsfsi.o)
 .data          0x00000000        0x0 c:/program files (x86)/atmel/studio/7.0/toolchain/avr8/avr8-gnu-toolchain/bin/../lib/gcc/avr/4.9.2/../../../../avr/lib/avr5\libm.a(fixsfsi.o)
 .bss           0x00000000        0x0 c:/program files (x86)/atmel/studio/7.0/toolchain/avr8/avr8-gnu-toolchain/bin/../lib/gcc/avr/4.9.2/../../../../avr/lib/avr5\libm.a(fixsfsi.o)
 .text          0x00000000        0x0 c:/program files (x86)/atmel/studio/7.0/toolchain/avr8/avr8-gnu-toolchain/bin/../lib/gcc/avr/4.9.2/../../../../avr/lib/avr5\libm.a(fixunssfsi.o)
 .data          0x00000000        0x0 c:/program files (x86)/atmel/studio/7.0/toolchain/avr8/avr8-gnu-toolchain/bin/../lib/gcc/avr/4.9.2/../../../../avr/lib/avr5\libm.a(fixunssfsi.o)
 .bss           0x00000000        0x0 c:/program files (x86)/atmel/studio/7.0/toolchain/avr8/avr8-gnu-toolchain/bin/../lib/gcc/avr/4.9.2/../../../../avr/lib/avr5\libm.a(fixunssfsi.o)
 .text          0x00000000        0x0 c:/program files (x86)/atmel/studio/7.0/toolchain/avr8/avr8-gnu-toolchain/bin/../lib/gcc/avr/4.9.2/../../../../avr/lib/avr5\libm.a(floatsisf.o)
 .data          0x00000000        0x0 c:/program files (x86)/atmel/studio/7.0/toolchain/avr8/avr8-gnu-toolchain/bin/../lib/gcc/avr/4.9.2/../../../../avr/lib/avr5\libm.a(floatsisf.o)
 .bss           0x00000000        0x0 c:/program files (x86)/atmel/studio/7.0/toolchain/avr8/avr8-gnu-toolchain/bin/../lib/gcc/avr/4.9.2/../../../../avr/lib/avr5\libm.a(floatsisf.o)
 .text          0x00000000        0x0 c:/program files (x86)/atmel/studio/7.0/toolchain/avr8/avr8-gnu-toolchain/bin/../lib/gcc/avr/4.9.2/../../../../avr/lib/avr5\libm.a(fp_cmp.o)
 .data          0x00000000        0x0 c:/program files (x86)/atmel/studio/7.0/toolchain/avr8/avr8-gnu-toolchain/bin/../lib/gcc/avr/4.9.2/../../../../avr/lib/avr5\libm.a(fp_cmp.o)
 .bss           0x00000000        0x0 c:/program files (x86)/atmel/studio/7.0/toolchain/avr8/avr8-gnu-toolchain/bin/../lib/gcc/avr/4.9.2/../../../../avr/lib/avr5\libm.a(fp_cmp.o)
 .text          0x00000000        0x0 c:/program files (x86)/atmel/studio/7.0/toolchain/avr8/avr8-gnu-toolchain/bin/../lib/gcc/avr/4.9.2/../../../../avr/lib/avr5\libm.a(fp_inf.o)
 .data          0x00000000        0x0 c:/program files (x86)/atmel/studio/7.0/toolchain/avr8/avr8-gnu-toolchain/bin/../lib/gcc/avr/4.9.2/../../../../avr/lib/avr5\libm.a(fp_inf.o)
 .bss           0x00000000        0x0 c:/program files (x86)/atmel/studio/7.0/toolchain/avr8/avr8-gnu-toolchain/bin/../lib/gcc/avr/4.9.2/../../../../avr/lib/avr5\libm.a(fp_inf.o)
 .text          0x00000000        0x0 c:/program files (x86)/atmel/studio/7.0/toolchain/avr8/avr8-gnu-toolchain/bin/../lib/gcc/avr/4.9.2/../../../../avr/lib/avr5\libm.a(fp_nan.o)
 .data          0x00000000        0x0 c:/program files (x86)/atmel/studio/7.0/toolchain/avr8/avr8-gnu-toolchain/bin/../lib/gcc/avr/4.9.2/../../../../avr/lib/avr5\libm.a(fp_nan.o)
 .bss           0x00000000        0x0 c:/program files (x86)/atmel/studio/7.0/toolchain/avr8/avr8-gnu-toolchain/bin/../lib/gcc/avr/4.9.2/../../../../avr/lib/avr5\libm.a(fp_nan.o)
 .text          0x00000000        0x0 c:/program files (x86)/atmel/studio/7.0/toolchain/avr8/avr8-gnu-toolchain/bin/../lib/gcc/avr/4.9.2/../../../../avr/lib/avr5\libm.a(fp_pscA.o)
 .data          0x00000000        0x0 c:/program files (x86)/atmel/studio/7.0/toolchain/avr8/avr8-gnu-toolchain/bin/../lib/gcc/avr/4.9.2/../../../../avr/lib/avr5\libm.a(fp_pscA.o)
 .bss           0x00000000        0x0 c:/program files (x86)/atmel/studio/7.0/toolchain/avr8/avr8-gnu-toolchain/bin/../lib/gcc/avr/4.9.2/../../../../avr/lib/avr5\libm.a(fp_pscA.o)
 .text          0x00000000        0x0 c:/program files (x86)/atmel/studio/7.0/toolchain/avr8/avr8-gnu-toolchain/bin/../lib/gcc/avr/4.9.2/../../../../avr/lib/avr5\libm.a(fp_pscB.o)
 .data          0x00000000        0x0 c:/program files (x86)/atmel/studio/7.0/toolchain/avr8/avr8-gnu-toolchain/bin/../lib/gcc/avr/4.9.2/../../../../avr/lib/avr5\libm.a(fp_pscB.o)
 .bss           0x00000000        0x0 c:/program files (x86)/atmel/studio/7.0/toolchain/avr8/avr8-gnu-toolchain/bin/../lib/gcc/avr/4.9.2/../../../../avr/lib/avr5\libm.a(fp_pscB.o)
 .text          0x00000000        0x0 c:/program files (x86)/atmel/studio/7.0/toolchain/avr8/avr8-gnu-toolchain/bin/../lib/gcc/avr/4.9.2/../../../../avr/lib/avr5\libm.a(fp_round.o)
 .data          0x00000000        0x0 c:/program files (x86)/atmel/studio/7.0/toolchain/avr8/avr8-gnu-toolchain/bin/../lib/gcc/avr/4.9.2/../../../../avr/lib/avr5\libm.a(fp_round.o)
 .bss           0x00000000        0x0 c:/program files (x86)/atmel/studio/7.0/toolchain/avr8/avr8-gnu-toolchain/bin/../lib/gcc/avr/4.9.2/../../../../avr/lib/avr5\libm.a(fp_round.o)
 .text          0x00000000        0x0 c:/program files (x86)/atmel/studio/7.0/toolchain/avr8/avr8-gnu-toolchain/bin/../lib/gcc/avr/4.9.2/../../../../avr/lib/avr5\libm.a(fp_split3.o)
 .data          0x00000000        0x0 c:/program files (x86)/atmel/studio/7.0/toolchain/avr8/avr8-gnu-toolchain/bin/../lib/gcc/avr/4.9.2/../../../../avr/lib/avr5\libm.a(fp_split3.o)
 .bss           0x00000000        0x0 c:/program files (x86)/atmel/studio/7.0/toolchain/avr8/avr8-gnu-toolchain/bin/../lib/gcc/avr/4.9.2/../../../../avr/lib/avr5\libm.a(fp_split3.o)
 .text          0x00000000        0x0 c:/program files (x86)/atmel/studio/7.0/toolchain/avr8/avr8-gnu-toolchain/bin/../lib/gcc/avr/4.9.2/../../../../avr/lib/avr5\libm.a(fp_zero.o)
 .data          0x00000000        0x0 c:/program files (x86)/atmel/studio/7.0/toolchain/avr8/avr8-gnu-toolchain/bin/../lib/gcc/avr/4.9.2/../../../../avr/lib/avr5\libm.a(fp_zero.o)
 .bss           0x00000000        0x0 c:/program files (x86)/atmel/studio/7.0/toolchain/avr8/avr8-gnu-toolchain/bin/../lib/gcc/avr/4.9.2/../../../../avr/lib/avr5\libm.a(fp_zero.o)
 .text          0x00000000        0x0 c:/program files (x86)/atmel/studio/7.0/toolchain/avr8/avr8-gnu-toolchain/bin/../lib/gcc/avr/4.9.2/../../../../avr/lib/avr5\libm.a(gesf2.o)
 .data          0x00000000        0x0 c:/program files (x86)/atmel/studio/7.0/toolchain/avr8/avr8-gnu-toolchain/bin/../lib/gcc/avr/4.9.2/../../../../avr/lib/avr5\libm.a(gesf2.o)
 .bss           0x00000000        0x0 c:/program files (x86)/atmel/studio/7.0/toolchain/avr8/avr8-gnu-toolchain/bin/../lib/gcc/avr/4.9.2/../../../../avr/lib/avr5\libm.a(gesf2.o)
 .text          0x00000000        0x0 c:/program files (x86)/atmel/studio/7.0/toolchain/avr8/avr8-gnu-toolchain/bin/../lib/gcc/avr/4.9.2/../../../../avr/lib/avr5\libm.a(mulsf3.o)
 .data          0x00000000        0x0 c:/program files (x86)/atmel/studio/7.0/toolchain/avr8/avr8-gnu-toolchain/bin/../lib/gcc/avr/4.9.2/../../../../avr/lib/avr5\libm.a(mulsf3.o)
 .bss           0x00000000        0x0 c:/program files (x86)/atmel/studio/7.0/toolchain/avr8/avr8-gnu-toolchain/bin/../lib/gcc/avr/4.9.2/../../../../avr/lib/avr5\libm.a(mulsf3.o)
 .text          0x00000000        0x0 c:/program files (x86)/atmel/studio/7.0/toolchain/avr8/avr8-gnu-toolchain/bin/../lib/gcc/avr/4.9.2/../../../../avr/lib/avr5\libm.a(mulsf3x.o)
 .data          0x00000000        0x0 c:/program files (x86)/atmel/studio/7.0/toolchain/avr8/avr8-gnu-toolchain/bin/../lib/gcc/avr/4.9.2/../../../../avr/lib/avr5\libm.a(mulsf3x.o)
 .bss           0x00000000        0x0 c:/program files (x86)/atmel/studio/7.0/toolchain/avr8/avr8-gnu-toolchain/bin/../lib/gcc/avr/4.9.2/../../../../avr/lib/avr5\libm.a(mulsf3x.o)
 .text          0x00000000        0x0 c:/program files (x86)/atmel/studio/7.0/toolchain/avr8/avr8-gnu-toolchain/bin/../lib/gcc/avr/4.9.2/avr5\libgcc.a(_udivmodqi4.o)
 .data          0x00000000        0x0 c:/program files (x86)/atmel/studio/7.0/toolchain/avr8/avr8-gnu-toolchain/bin/../lib/gcc/avr/4.9.2/avr5\libgcc.a(_udivmodqi4.o)
 .bss           0x00000000        0x0 c:/program files (x86)/atmel/studio/7.0/toolchain/avr8/avr8-gnu-toolchain/bin/../lib/gcc/avr/4.9.2/avr5\libgcc.a(_udivmodqi4.o)
 .text.libgcc.mul
                0x00000000        0x0 c:/program files (x86)/atmel/studio/7.0/toolchain/avr8/avr8-gnu-toolchain/bin/../lib/gcc/avr/4.9.2/avr5\libgcc.a(_udivmodqi4.o)
 .text.libgcc   0x00000000        0x0 c:/program files (x86)/atmel/studio/7.0/toolchain/avr8/avr8-gnu-toolchain/bin/../lib/gcc/avr/4.9.2/avr5\libgcc.a(_udivmodqi4.o)
 .text.libgcc.prologue
                0x00000000        0x0 c:/program files (x86)/atmel/studio/7.0/toolchain/avr8/avr8-gnu-toolchain/bin/../lib/gcc/avr/4.9.2/avr5\libgcc.a(_udivmodqi4.o)
 .text.libgcc.builtins
                0x00000000        0x0 c:/program files (x86)/atmel/studio/7.0/toolchain/avr8/avr8-gnu-toolchain/bin/../lib/gcc/avr/4.9.2/avr5\libgcc.a(_udivmodqi4.o)
 .text.libgcc.fmul
                0x00000000        0x0 c:/program files (x86)/atmel/studio/7.0/toolchain/avr8/avr8-gnu-toolchain/bin/../lib/gcc/avr/4.9.2/avr5\libgcc.a(_udivmodqi4.o)
 .text.libgcc.fixed
                0x00000000        0x0 c:/program files (x86)/atmel/studio/7.0/toolchain/avr8/avr8-gnu-toolchain/bin/../lib/gcc/avr/4.9.2/avr5\libgcc.a(_udivmodqi4.o)
 .text          0x00000000        0x0 c:/program files (x86)/atmel/studio/7.0/toolchain/avr8/avr8-gnu-toolchain/bin/../lib/gcc/avr/4.9.2/avr5\libgcc.a(_udivmodhi4.o)
 .data          0x00000000        0x0 c:/program files (x86)/atmel/studio/7.0/toolchain/avr8/avr8-gnu-toolchain/bin/../lib/gcc/avr/4.9.2/avr5\libgcc.a(_udivmodhi4.o)
 .bss           0x00000000        0x0 c:/program files (x86)/atmel/studio/7.0/toolchain/avr8/avr8-gnu-toolchain/bin/../lib/gcc/avr/4.9.2/avr5\libgcc.a(_udivmodhi4.o)
 .text.libgcc.mul
                0x00000000        0x0 c:/program files (x86)/atmel/studio/7.0/toolchain/avr8/avr8-gnu-toolchain/bin/../lib/gcc/avr/4.9.2/avr5\libgcc.a(_udivmodhi4.o)
 .text.libgcc   0x00000000        0x0 c:/program files (x86)/atmel/studio/7.0/toolchain/avr8/avr8-gnu-toolchain/bin/../lib/gcc/avr/4.9.2/avr5\libgcc.a(_udivmodhi4.o)
 .text.libgcc.prologue
                0x00000000        0x0 c:/program files (x86)/atmel/studio/7.0/toolchain/avr8/avr8-gnu-toolchain/bin/../lib/gcc/avr/4.9.2/avr5\libgcc.a(_udivmodhi4.o)
 .text.libgcc.builtins
                0x00000000        0x0 c:/program files (x86)/atmel/studio/7.0/toolchain/avr8/avr8-gnu-toolchain/bin/../lib/gcc/avr/4.9.2/avr5\libgcc.a(_udivmodhi4.o)
 .text.libgcc.fmul
                0x00000000        0x0 c:/program files (x86)/atmel/studio/7.0/toolchain/avr8/avr8-gnu-toolchain/bin/../lib/gcc/avr/4.9.2/avr5\libgcc.a(_udivmodhi4.o)
 .text.libgcc.fixed
                0x00000000        0x0 c:/program files (x86)/atmel/studio/7.0/toolchain/avr8/avr8-gnu-toolchain/bin/../lib/gcc/avr/4.9.2/avr5\libgcc.a(_udivmodhi4.o)
 .text          0x00000000        0x0 c:/program files (x86)/atmel/studio/7.0/toolchain/avr8/avr8-gnu-toolchain/bin/../lib/gcc/avr/4.9.2/avr5\libgcc.a(_divmodhi4.o)
 .data          0x00000000        0x0 c:/program files (x86)/atmel/studio/7.0/toolchain/avr8/avr8-gnu-toolchain/bin/../lib/gcc/avr/4.9.2/avr5\libgcc.a(_divmodhi4.o)
 .bss           0x00000000        0x0 c:/program files (x86)/atmel/studio/7.0/toolchain/avr8/avr8-gnu-toolchain/bin/../lib/gcc/avr/4.9.2/avr5\libgcc.a(_divmodhi4.o)
 .text.libgcc.mul
                0x00000000        0x0 c:/program files (x86)/atmel/studio/7.0/toolchain/avr8/avr8-gnu-toolchain/bin/../lib/gcc/avr/4.9.2/avr5\libgcc.a(_divmodhi4.o)
 .text.libgcc   0x00000000        0x0 c:/program files (x86)/atmel/studio/7.0/toolchain/avr8/avr8-gnu-toolchain/bin/../lib/gcc/avr/4.9.2/avr5\libgcc.a(_divmodhi4.o)
 .text.libgcc.prologue
                0x00000000        0x0 c:/program files (x86)/atmel/studio/7.0/toolchain/avr8/avr8-gnu-toolchain/bin/../lib/gcc/avr/4.9.2/avr5\libgcc.a(_divmodhi4.o)
 .text.libgcc.builtins
                0x00000000        0x0 c:/program files (x86)/atmel/studio/7.0/toolchain/avr8/avr8-gnu-toolchain/bin/../lib/gcc/avr/4.9.2/avr5\libgcc.a(_divmodhi4.o)
 .text.libgcc.fmul
                0x00000000        0x0 c:/program files (x86)/atmel/studio/7.0/toolchain/avr8/avr8-gnu-toolchain/bin/../lib/gcc/avr/4.9.2/avr5\libgcc.a(_divmodhi4.o)
 .text.libgcc.fixed
                0x00000000        0x0 c:/program files (x86)/atmel/studio/7.0/toolchain/avr8/avr8-gnu-toolchain/bin/../lib/gcc/avr/4.9.2/avr5\libgcc.a(_divmodhi4.o)
 .text          0x00000000        0x0 c:/program files (x86)/atmel/studio/7.0/toolchain/avr8/avr8-gnu-toolchain/bin/../lib/gcc/avr/4.9.2/avr5\libgcc.a(_udivmodsi4.o)
 .data          0x00000000        0x0 c:/program files (x86)/atmel/studio/7.0/toolchain/avr8/avr8-gnu-toolchain/bin/../lib/gcc/avr/4.9.2/avr5\libgcc.a(_udivmodsi4.o)
 .bss           0x00000000        0x0 c:/program files (x86)/atmel/studio/7.0/toolchain/avr8/avr8-gnu-toolchain/bin/../lib/gcc/avr/4.9.2/avr5\libgcc.a(_udivmodsi4.o)
 .text.libgcc.mul
                0x00000000        0x0 c:/program files (x86)/atmel/studio/7.0/toolchain/avr8/avr8-gnu-toolchain/bin/../lib/gcc/avr/4.9.2/avr5\libgcc.a(_udivmodsi4.o)
 .text.libgcc.div
                0x00000000       0x44 c:/program files (x86)/atmel/studio/7.0/toolchain/avr8/avr8-gnu-toolchain/bin/../lib/gcc/avr/4.9.2/avr5\libgcc.a(_udivmodsi4.o)
 .text.libgcc   0x00000000        0x0 c:/program files (x86)/atmel/studio/7.0/toolchain/avr8/avr8-gnu-toolchain/bin/../lib/gcc/avr/4.9.2/avr5\libgcc.a(_udivmodsi4.o)
 .text.libgcc.prologue
                0x00000000        0x0 c:/program files (x86)/atmel/studio/7.0/toolchain/avr8/avr8-gnu-toolchain/bin/../lib/gcc/avr/4.9.2/avr5\libgcc.a(_udivmodsi4.o)
 .text.libgcc.builtins
                0x00000000        0x0 c:/program files (x86)/atmel/studio/7.0/toolchain/avr8/avr8-gnu-toolchain/bin/../lib/gcc/avr/4.9.2/avr5\libgcc.a(_udivmodsi4.o)
 .text.libgcc.fmul
                0x00000000        0x0 c:/program files (x86)/atmel/studio/7.0/toolchain/avr8/avr8-gnu-toolchain/bin/../lib/gcc/avr/4.9.2/avr5\libgcc.a(_udivmodsi4.o)
 .text.libgcc.fixed
                0x00000000        0x0 c:/program files (x86)/atmel/studio/7.0/toolchain/avr8/avr8-gnu-toolchain/bin/../lib/gcc/avr/4.9.2/avr5\libgcc.a(_udivmodsi4.o)
 .text          0x00000000        0x0 c:/program files (x86)/atmel/studio/7.0/toolchain/avr8/avr8-gnu-toolchain/bin/../lib/gcc/avr/4.9.2/avr5\libgcc.a(_exit.o)
 .data          0x00000000        0x0 c:/program files (x86)/atmel/studio/7.0/toolchain/avr8/avr8-gnu-toolchain/bin/../lib/gcc/avr/4.9.2/avr5\libgcc.a(_exit.o)
 .bss           0x00000000        0x0 c:/program files (x86)/atmel/studio/7.0/toolchain/avr8/avr8-gnu-toolchain/bin/../lib/gcc/avr/4.9.2/avr5\libgcc.a(_exit.o)
 .text.libgcc.mul
                0x00000000        0x0 c:/program files (x86)/atmel/studio/7.0/toolchain/avr8/avr8-gnu-toolchain/bin/../lib/gcc/avr/4.9.2/avr5\libgcc.a(_exit.o)
 .text.libgcc.div
                0x00000000        0x0 c:/program files (x86)/atmel/studio/7.0/toolchain/avr8/avr8-gnu-toolchain/bin/../lib/gcc/avr/4.9.2/avr5\libgcc.a(_exit.o)
 .text.libgcc   0x00000000        0x0 c:/program files (x86)/atmel/studio/7.0/toolchain/avr8/avr8-gnu-toolchain/bin/../lib/gcc/avr/4.9.2/avr5\libgcc.a(_exit.o)
 .text.libgcc.prologue
                0x00000000        0x0 c:/program files (x86)/atmel/studio/7.0/toolchain/avr8/avr8-gnu-toolchain/bin/../lib/gcc/avr/4.9.2/avr5\libgcc.a(_exit.o)
 .text.libgcc.builtins
                0x00000000        0x0 c:/program files (x86)/atmel/studio/7.0/toolchain/avr8/avr8-gnu-toolchain/bin/../lib/gcc/avr/4.9.2/avr5\libgcc.a(_exit.o)
 .text.libgcc.fmul
                0x00000000        0x0 c:/program files (x86)/atmel/studio/7.0/toolchain/avr8/avr8-gnu-toolchain/bin/../lib/gcc/avr/4.9.2/avr5\libgcc.a(_exit.o)
 .text.libgcc.fixed
                0x00000000        0x0 c:/program files (x86)/atmel/studio/7.0/toolchain/avr8/avr8-gnu-toolchain/bin/../lib/gcc/avr/4.9.2/avr5\libgcc.a(_exit.o)
 .text          0x00000000        0x0 c:/program files (x86)/atmel/studio/7.0/toolchain/avr8/avr8-gnu-toolchain/bin/../lib/gcc/avr/4.9.2/avr5\libgcc.a(_copy_data.o)
 .data          0x00000000        0x0 c:/program files (x86)/atmel/studio/7.0/toolchain/avr8/avr8-gnu-toolchain/bin/../lib/gcc/avr/4.9.2/avr5\libgcc.a(_copy_data.o)
 .bss           0x00000000        0x0 c:/program files (x86)/atmel/studio/7.0/toolchain/avr8/avr8-gnu-toolchain/bin/../lib/gcc/avr/4.9.2/avr5\libgcc.a(_copy_data.o)
 .text.libgcc.mul
                0x00000000        0x0 c:/program files (x86)/atmel/studio/7.0/toolchain/avr8/avr8-gnu-toolchain/bin/../lib/gcc/avr/4.9.2/avr5\libgcc.a(_copy_data.o)
 .text.libgcc.div
                0x00000000        0x0 c:/program files (x86)/atmel/studio/7.0/toolchain/avr8/avr8-gnu-toolchain/bin/../lib/gcc/avr/4.9.2/avr5\libgcc.a(_copy_data.o)
 .text.libgcc   0x00000000        0x0 c:/program files (x86)/atmel/studio/7.0/toolchain/avr8/avr8-gnu-toolchain/bin/../lib/gcc/avr/4.9.2/avr5\libgcc.a(_copy_data.o)
 .text.libgcc.prologue
                0x00000000        0x0 c:/program files (x86)/atmel/studio/7.0/toolchain/avr8/avr8-gnu-toolchain/bin/../lib/gcc/avr/4.9.2/avr5\libgcc.a(_copy_data.o)
 .text.libgcc.builtins
                0x00000000        0x0 c:/program files (x86)/atmel/studio/7.0/toolchain/avr8/avr8-gnu-toolchain/bin/../lib/gcc/avr/4.9.2/avr5\libgcc.a(_copy_data.o)
 .text.libgcc.fmul
                0x00000000        0x0 c:/program files (x86)/atmel/studio/7.0/toolchain/avr8/avr8-gnu-toolchain/bin/../lib/gcc/avr/4.9.2/avr5\libgcc.a(_copy_data.o)
 .text.libgcc.fixed
                0x00000000        0x0 c:/program files (x86)/atmel/studio/7.0/toolchain/avr8/avr8-gnu-toolchain/bin/../lib/gcc/avr/4.9.2/avr5\libgcc.a(_copy_data.o)
 .text          0x00000000        0x0 c:/program files (x86)/atmel/studio/7.0/toolchain/avr8/avr8-gnu-toolchain/bin/../lib/gcc/avr/4.9.2/avr5\libgcc.a(_clear_bss.o)
 .data          0x00000000        0x0 c:/program files (x86)/atmel/studio/7.0/toolchain/avr8/avr8-gnu-toolchain/bin/../lib/gcc/avr/4.9.2/avr5\libgcc.a(_clear_bss.o)
 .bss           0x00000000        0x0 c:/program files (x86)/atmel/studio/7.0/toolchain/avr8/avr8-gnu-toolchain/bin/../lib/gcc/avr/4.9.2/avr5\libgcc.a(_clear_bss.o)
 .text.libgcc.mul
                0x00000000        0x0 c:/program files (x86)/atmel/studio/7.0/toolchain/avr8/avr8-gnu-toolchain/bin/../lib/gcc/avr/4.9.2/avr5\libgcc.a(_clear_bss.o)
 .text.libgcc.div
                0x00000000        0x0 c:/program files (x86)/atmel/studio/7.0/toolchain/avr8/avr8-gnu-toolchain/bin/../lib/gcc/avr/4.9.2/avr5\libgcc.a(_clear_bss.o)
 .text.libgcc   0x00000000        0x0 c:/program files (x86)/atmel/studio/7.0/toolchain/avr8/avr8-gnu-toolchain/bin/../lib/gcc/avr/4.9.2/avr5\libgcc.a(_clear_bss.o)
 .text.libgcc.prologue
                0x00000000        0x0 c:/program files (x86)/atmel/studio/7.0/toolchain/avr8/avr8-gnu-toolchain/bin/../lib/gcc/avr/4.9.2/avr5\libgcc.a(_clear_bss.o)
 .text.libgcc.builtins
                0x00000000        0x0 c:/program files (x86)/atmel/studio/7.0/toolchain/avr8/avr8-gnu-toolchain/bin/../lib/gcc/avr/4.9.2/avr5\libgcc.a(_clear_bss.o)
 .text.libgcc.fmul
                0x00000000        0x0 c:/program files (x86)/atmel/studio/7.0/toolchain/avr8/avr8-gnu-toolchain/bin/../lib/gcc/avr/4.9.2/avr5\libgcc.a(_clear_bss.o)
 .text.libgcc.fixed
                0x00000000        0x0 c:/program files (x86)/atmel/studio/7.0/toolchain/avr8/avr8-gnu-toolchain/bin/../lib/gcc/avr/4.9.2/avr5\libgcc.a(_clear_bss.o)
 .text          0x00000000        0x0 c:/program files (x86)/atmel/studio/7.0/toolchain/avr8/avr8-gnu-toolchain/bin/../lib/gcc/avr/4.9.2/avr5\libgcc.a(_umulhisi3.o)
 .data          0x00000000        0x0 c:/program files (x86)/atmel/studio/7.0/toolchain/avr8/avr8-gnu-toolchain/bin/../lib/gcc/avr/4.9.2/avr5\libgcc.a(_umulhisi3.o)
 .bss           0x00000000        0x0 c:/program files (x86)/atmel/studio/7.0/toolchain/avr8/avr8-gnu-toolchain/bin/../lib/gcc/avr/4.9.2/avr5\libgcc.a(_umulhisi3.o)
 .text.libgcc.mul
                0x00000000       0x1e c:/program files (x86)/atmel/studio/7.0/toolchain/avr8/avr8-gnu-toolchain/bin/../lib/gcc/avr/4.9.2/avr5\libgcc.a(_umulhisi3.o)
 .text.libgcc.div
                0x00000000        0x0 c:/program files (x86)/atmel/studio/7.0/toolchain/avr8/avr8-gnu-toolchain/bin/../lib/gcc/avr/4.9.2/avr5\libgcc.a(_umulhisi3.o)
 .text.libgcc   0x00000000        0x0 c:/program files (x86)/atmel/studio/7.0/toolchain/avr8/avr8-gnu-toolchain/bin/../lib/gcc/avr/4.9.2/avr5\libgcc.a(_umulhisi3.o)
 .text.libgcc.prologue
                0x00000000        0x0 c:/program files (x86)/atmel/studio/7.0/toolchain/avr8/avr8-gnu-toolchain/bin/../lib/gcc/avr/4.9.2/avr5\libgcc.a(_umulhisi3.o)
 .text.libgcc.builtins
                0x00000000        0x0 c:/program files (x86)/atmel/studio/7.0/toolchain/avr8/avr8-gnu-toolchain/bin/../lib/gcc/avr/4.9.2/avr5\libgcc.a(_umulhisi3.o)
 .text.libgcc.fmul
                0x00000000        0x0 c:/program files (x86)/atmel/studio/7.0/toolchain/avr8/avr8-gnu-toolchain/bin/../lib/gcc/avr/4.9.2/avr5\libgcc.a(_umulhisi3.o)
 .text.libgcc.fixed
                0x00000000        0x0 c:/program files (x86)/atmel/studio/7.0/toolchain/avr8/avr8-gnu-toolchain/bin/../lib/gcc/avr/4.9.2/avr5\libgcc.a(_umulhisi3.o)
 .text          0x00000000        0x0 c:/program files (x86)/atmel/studio/7.0/toolchain/avr8/avr8-gnu-toolchain/bin/../lib/gcc/avr/4.9.2/avr5\libgcc.a(_muluhisi3.o)
 .data          0x00000000        0x0 c:/program files (x86)/atmel/studio/7.0/toolchain/avr8/avr8-gnu-toolchain/bin/../lib/gcc/avr/4.9.2/avr5\libgcc.a(_muluhisi3.o)
 .bss           0x00000000        0x0 c:/program files (x86)/atmel/studio/7.0/toolchain/avr8/avr8-gnu-toolchain/bin/../lib/gcc/avr/4.9.2/avr5\libgcc.a(_muluhisi3.o)
 .text.libgcc.mul
                0x00000000       0x16 c:/program files (x86)/atmel/studio/7.0/toolchain/avr8/avr8-gnu-toolchain/bin/../lib/gcc/avr/4.9.2/avr5\libgcc.a(_muluhisi3.o)
 .text.libgcc.div
                0x00000000        0x0 c:/program files (x86)/atmel/studio/7.0/toolchain/avr8/avr8-gnu-toolchain/bin/../lib/gcc/avr/4.9.2/avr5\libgcc.a(_muluhisi3.o)
 .text.libgcc   0x00000000        0x0 c:/program files (x86)/atmel/studio/7.0/toolchain/avr8/avr8-gnu-toolchain/bin/../lib/gcc/avr/4.9.2/avr5\libgcc.a(_muluhisi3.o)
 .text.libgcc.prologue
                0x00000000        0x0 c:/program files (x86)/atmel/studio/7.0/toolchain/avr8/avr8-gnu-toolchain/bin/../lib/gcc/avr/4.9.2/avr5\libgcc.a(_muluhisi3.o)
 .text.libgcc.builtins
                0x00000000        0x0 c:/program files (x86)/atmel/studio/7.0/toolchain/avr8/avr8-gnu-toolchain/bin/../lib/gcc/avr/4.9.2/avr5\libgcc.a(_muluhisi3.o)
 .text.libgcc.fmul
                0x00000000        0x0 c:/program files (x86)/atmel/studio/7.0/toolchain/avr8/avr8-gnu-toolchain/bin/../lib/gcc/avr/4.9.2/avr5\libgcc.a(_muluhisi3.o)
 .text.libgcc.fixed
                0x00000000        0x0 c:/program files (x86)/atmel/studio/7.0/toolchain/avr8/avr8-gnu-toolchain/bin/../lib/gcc/avr/4.9.2/avr5\libgcc.a(_muluhisi3.o)
 .text          0x00000000        0x0 c:/program files (x86)/atmel/studio/7.0/toolchain/avr8/avr8-gnu-toolchain/bin/../lib/gcc/avr/4.9.2/../../../../avr/lib/avr5\libc.a(snprintf.o)
 .data          0x00000000        0x0 c:/program files (x86)/atmel/studio/7.0/toolchain/avr8/avr8-gnu-toolchain/bin/../lib/gcc/avr/4.9.2/../../../../avr/lib/avr5\libc.a(snprintf.o)
 .bss           0x00000000        0x0 c:/program files (x86)/atmel/studio/7.0/toolchain/avr8/avr8-gnu-toolchain/bin/../lib/gcc/avr/4.9.2/../../../../avr/lib/avr5\libc.a(snprintf.o)
 .text          0x00000000        0x0 c:/program files (x86)/atmel/studio/7.0/toolchain/avr8/avr8-gnu-toolchain/bin/../lib/gcc/avr/4.9.2/../../../../avr/lib/avr5\libc.a(vfprintf_std.o)
 .data          0x00000000        0x0 c:/program files (x86)/atmel/studio/7.0/toolchain/avr8/avr8-gnu-toolchain/bin/../lib/gcc/avr/4.9.2/../../../../avr/lib/avr5\libc.a(vfprintf_std.o)
 .bss           0x00000000        0x0 c:/program files (x86)/atmel/studio/7.0/toolchain/avr8/avr8-gnu-toolchain/bin/../lib/gcc/avr/4.9.2/../../../../avr/lib/avr5\libc.a(vfprintf_std.o)
 .text          0x00000000        0x0 c:/program files (x86)/atmel/studio/7.0/toolchain/avr8/avr8-gnu-toolchain/bin/../lib/gcc/avr/4.9.2/../../../../avr/lib/avr5\libc.a(strnlen_P.o)
 .data          0x00000000        0x0 c:/program files (x86)/atmel/studio/7.0/toolchain/avr8/avr8-gnu-toolchain/bin/../lib/gcc/avr/4.9.2/../../../../avr/lib/avr5\libc.a(strnlen_P.o)
 .bss           0x00000000        0x0 c:/program files (x86)/atmel/studio/7.0/toolchain/avr8/avr8-gnu-toolchain/bin/../lib/gcc/avr/4.9.2/../../../../avr/lib/avr5\libc.a(strnlen_P.o)
 .text          0x00000000        0x0 c:/program files (x86)/atmel/studio/7.0/toolchain/avr8/avr8-gnu-toolchain/bin/../lib/gcc/avr/4.9.2/../../../../avr/lib/avr5\libc.a(strnlen.o)
 .data          0x00000000        0x0 c:/program files (x86)/atmel/studio/7.0/toolchain/avr8/avr8-gnu-toolchain/bin/../lib/gcc/avr/4.9.2/../../../../avr/lib/avr5\libc.a(strnlen.o)
 .bss           0x00000000        0x0 c:/program files (x86)/atmel/studio/7.0/toolchain/avr8/avr8-gnu-toolchain/bin/../lib/gcc/avr/4.9.2/../../../../avr/lib/avr5\libc.a(strnlen.o)
 .text          0x00000000        0x0 c:/program files (x86)/atmel/studio/7.0/toolchain/avr8/avr8-gnu-toolchain/bin/../lib/gcc/avr/4.9.2/../../../../avr/lib/avr5\libc.a(fputc.o)
 .data          0x00000000        0x0 c:/program files (x86)/atmel/studio/7.0/toolchain/avr8/avr8-gnu-toolchain/bin/../lib/gcc/avr/4.9.2/../../../../avr/lib/avr5\libc.a(fputc.o)
 .bss           0x00000000        0x0 c:/program files (x86)/atmel/studio/7.0/toolchain/avr8/avr8-gnu-toolchain/bin/../lib/gcc/avr/4.9.2/../../../../avr/lib/avr5\libc.a(fputc.o)
 .text          0x00000000        0x0 c:/program files (x86)/atmel/studio/7.0/toolchain/avr8/avr8-gnu-toolchain/bin/../lib/gcc/avr/4.9.2/../../../../avr/lib/avr5\libc.a(ultoa_invert.o)
 .data          0x00000000        0x0 c:/program files (x86)/atmel/studio/7.0/toolchain/avr8/avr8-gnu-toolchain/bin/../lib/gcc/avr/4.9.2/../../../../avr/lib/avr5\libc.a(ultoa_invert.o)
 .bss           0x00000000        0x0 c:/program files (x86)/atmel/studio/7.0/toolchain/avr8/avr8-gnu-toolchain/bin/../lib/gcc/avr/4.9.2/../../../../avr/lib/avr5\libc.a(ultoa_invert.o)
 .text          0x00000000        0x0 c:/program files (x86)/atmel/studio/7.0/toolchain/avr8/avr8-gnu-toolchain/bin/../lib/gcc/avr/4.9.2/avr5\libgcc.a(_prologue.o)
 .data          0x00000000        0x0 c:/program files (x86)/atmel/studio/7.0/toolchain/avr8/avr8-gnu-toolchain/bin/../lib/gcc/avr/4.9.2/avr5\libgcc.a(_prologue.o)
 .bss           0x00000000        0x0 c:/program files (x86)/atmel/studio/7.0/toolchain/avr8/avr8-gnu-toolchain/bin/../lib/gcc/avr/4.9.2/avr5\libgcc.a(_prologue.o)
 .text.libgcc.mul
                0x00000000        0x0 c:/program files (x86)/atmel/studio/7.0/toolchain/avr8/avr8-gnu-toolchain/bin/../lib/gcc/avr/4.9.2/avr5\libgcc.a(_prologue.o)
 .text.libgcc.div
                0x00000000        0x0 c:/program files (x86)/atmel/studio/7.0/toolchain/avr8/avr8-gnu-toolchain/bin/../lib/gcc/avr/4.9.2/avr5\libgcc.a(_prologue.o)
 .text.libgcc   0x00000000        0x0 c:/program files (x86)/atmel/studio/7.0/toolchain/avr8/avr8-gnu-toolchain/bin/../lib/gcc/avr/4.9.2/avr5\libgcc.a(_prologue.o)
 .text.libgcc.builtins
                0x00000000        0x0 c:/program files (x86)/atmel/studio/7.0/toolchain/avr8/avr8-gnu-toolchain/bin/../lib/gcc/avr/4.9.2/avr5\libgcc.a(_prologue.o)
 .text.libgcc.fmul
                0x00000000        0x0 c:/program files (x86)/atmel/studio/7.0/toolchain/avr8/avr8-gnu-toolchain/bin/../lib/gcc/avr/4.9.2/avr5\libgcc.a(_prologue.o)
 .text.libgcc.fixed
                0x00000000        0x0 c:/program files (x86)/atmel/studio/7.0/toolchain/avr8/avr8-gnu-toolchain/bin/../lib/gcc/avr/4.9.2/avr5\libgcc.a(_prologue.o)
 .text          0x00000000        0x0 c:/program files (x86)/atmel/studio/7.0/toolchain/avr8/avr8-gnu-toolchain/bin/../lib/gcc/avr/4.9.2/avr5\libgcc.a(_epilogue.o)
 .data          0x00000000        0x0 c:/program files (x86)/atmel/studio/7.0/toolchain/avr8/avr8-gnu-toolchain/bin/../lib/gcc/avr/4.9.2/avr5\libgcc.a(_epilogue.o)
 .bss           0x00000000        0x0 c:/program files (x86)/atmel/studio/7.0/toolchain/avr8/avr8-gnu-toolchain/bin/../lib/gcc/avr/4.9.2/avr5\libgcc.a(_epilogue.o)
 .text.libgcc.mul
                0x00000000        0x0 c:/program files (x86)/atmel/studio/7.0/toolchain/avr8/avr8-gnu-toolchain/bin/../lib/gcc/avr/4.9.2/avr5\libgcc.a(_epilogue.o)
 .text.libgcc.div
                0x00000000        0x0 c:/program files (x86)/atmel/studio/7.0/toolchain/avr8/avr8-gnu-toolchain/bin/../lib/gcc/avr/4.9.2/avr5\libgcc.a(_epilogue.o)
 .text.libgcc   0x00000000        0x0 c:/program files (x86)/atmel/studio/7.0/toolchain/avr8/avr8-gnu-toolchain/bin/../lib/gcc/avr/4.9.2/avr5\libgcc.a(_epilogue.o)
 .text.libgcc.builtins
                0x00000000        0x0 c:/program files (x86)/atmel/studio/7.0/toolchain/avr8/avr8-gnu-toolchain/bin/../lib/gcc/avr/4.9.2/avr5\libgcc.a(_epilogue.o)
 .text.libgcc.fmul
                0x00000000        0x0 c:/program files (x86)/atmel/studio/7.0/toolchain/avr8/avr8-gnu-toolchain/bin/../lib/gcc/avr/4.9.2/avr5\libgcc.a(_epilogue.o)
 .text.libgcc.fixed
                0x00000000        0x0 c:/program files (x86)/atmel/studio/7.0/toolchain/avr8/avr8-gnu-toolchain/bin/../lib/gcc/avr/4.9.2/avr5\libgcc.a(_epilogue.o)

Memory Configuration

Name             Origin             Length             Attributes
text             0x00000000         0x00020000         xr
data             0x00800060         0x0000ffa0         rw !x
eeprom           0x00810000         0x00010000         rw !x
fuse             0x00820000         0x00000003         rw !x
lock             0x00830000         0x00000400         rw !x
signature        0x00840000         0x00000400         rw !x
user_signatures  0x00850000         0x00000400         rw !x
*default*        0x00000000         0xffffffff

Linker script and memory map

Address of section .data set to 0x800100
LOAD C:/Program Files (x86)/Atmel/Studio/7.0/Packs/atmel/ATmega_DFP/1.1.130/gcc/dev/atmega328p/avr5/crtatmega328p.o
LOAD src/ASF/common/services/calendar/calendar.o
LOAD src/ASF/common/services/clock/mega/sysclk.o
LOAD src/ASF/mega/drivers/usart/usart_mega.o
LOAD src/gfx_mono/gfx_mono_framebuffer.o
LOAD src/gfx_mono/gfx_mono_generic.o
LOAD src/gfx_mono/gfx_mono_lcd_uc1608.o
LOAD src/gfx_mono/gfx_mono_null.o
LOAD src/gfx_mono/gfx_mono_text.o
LOAD src/gfx_mono/sysfont.o
LOAD src/isr.o
LOAD src/lcd.o
LOAD src/twi.o
LOAD src/ASF/common/boards/user_board/init.o
LOAD src/main.o
START GROUP
LOAD c:/program files (x86)/atmel/studio/7.0/toolchain/avr8/avr8-gnu-toolchain/bin/../lib/gcc/avr/4.9.2/../../../../avr/lib/avr5\libm.a
END GROUP
START GROUP
LOAD c:/program files (x86)/atmel/studio/7.0/toolchain/avr8/avr8-gnu-toolchain/bin/../lib/gcc/avr/4.9.2/avr5\libgcc.a
LOAD c:/program files (x86)/atmel/studio/7.0/toolchain/avr8/avr8-gnu-toolchain/bin/../lib/gcc/avr/4.9.2/../../../../avr/lib/avr5\libm.a
LOAD c:/program files (x86)/atmel/studio/7.0/toolchain/avr8/avr8-gnu-toolchain/bin/../lib/gcc/avr/4.9.2/../../../../avr/lib/avr5\libc.a
LOAD C:/Program Files (x86)/Atmel/Studio/7.0/Packs/atmel/ATmega_DFP/1.1.130/gcc/dev/atmega328p/avr5\libatmega328p.a
END GROUP
                0x00020000                __TEXT_REGION_LENGTH__ = DEFINED (__TEXT_REGION_LENGTH__)?__TEXT_REGION_LENGTH__:0x20000
                0x0000ffa0                __DATA_REGION_LENGTH__ = DEFINED (__DATA_REGION_LENGTH__)?__DATA_REGION_LENGTH__:0xffa0
                0x00010000                __EEPROM_REGION_LENGTH__ = DEFINED (__EEPROM_REGION_LENGTH__)?__EEPROM_REGION_LENGTH__:0x10000
                [0x00000003]                __FUSE_REGION_LENGTH__ = DEFINED (__FUSE_REGION_LENGTH__)?__FUSE_REGION_LENGTH__:0x400
                0x00000400                __LOCK_REGION_LENGTH__ = DEFINED (__LOCK_REGION_LENGTH__)?__LOCK_REGION_LENGTH__:0x400
                0x00000400                __SIGNATURE_REGION_LENGTH__ = DEFINED (__SIGNATURE_REGION_LENGTH__)?__SIGNATURE_REGION_LENGTH__:0x400
                0x00000400                __USER_SIGNATURE_REGION_LENGTH__ = DEFINED (__USER_SIGNATURE_REGION_LENGTH__)?__USER_SIGNATURE_REGION_LENGTH__:0x400

.hash
 *(.hash)

.dynsym
 *(.dynsym)

.dynstr
 *(.dynstr)

.gnu.version
 *(.gnu.version)

.gnu.version_d
 *(.gnu.version_d)

.gnu.version_r
 *(.gnu.version_r)

.rel.init
 *(.rel.init)

.rela.init
 *(.rela.init)

.rel.text
 *(.rel.text)
 *(.rel.text.*)
 *(.rel.gnu.linkonce.t*)

.rela.text
 *(.rela.text)
 *(.rela.text.*)
 *(.rela.gnu.linkonce.t*)

.rel.fini
 *(.rel.fini)

.rela.fini
 *(.rela.fini)

.rel.rodata
 *(.rel.rodata)
 *(.rel.rodata.*)
 *(.rel.gnu.linkonce.r*)

.rela.rodata
 *(.rela.rodata)
 *(.rela.rodata.*)
 *(.rela.gnu.linkonce.r*)

.rel.data
 *(.rel.data)
 *(.rel.data.*)
 *(.rel.gnu.linkonce.d*)

.rela.data
 *(.rela.data)
 *(.rela.data.*)
 *(.rela.gnu.linkonce.d*)

.rel.ctors
 *(.rel.ctors)

.rela.ctors
 *(.rela.ctors)

.rel.dtors
 *(.rel.dtors)

.rela.dtors
 *(.rela.dtors)

.rel.got
 *(.rel.got)

.rela.got
 *(.rela.got)

.rel.bss
 *(.rel.bss)

.rela.bss
 *(.rela.bss)

.rel.plt
 *(.rel.plt)

.rela.plt
 *(.rela.plt)

.text           0x00000000     0x3c28
 *(.vectors)
 .vectors       0x00000000       0x68 C:/Program Files (x86)/Atmel/Studio/7.0/Packs/atmel/ATmega_DFP/1.1.130/gcc/dev/atmega328p/avr5/crtatmega328p.o
                0x00000000                __vector_default
                0x00000000                __vectors
 *(.vectors)
 *(.progmem.gcc*)
                0x00000068                . = ALIGN (0x2)
                0x00000068                __trampolines_start = .
 *(.trampolines)
 .trampolines   0x00000068        0x0 linker stubs
 *(.trampolines*)
                0x00000068                __trampolines_end = .
 *libprintf_flt.a:*(.progmem.data)
 *libc.a:*(.progmem.data)
 *(.progmem*)
 .progmem.data.sysfont_glyphs
                0x00000068      0x292 src/gfx_mono/sysfont.o
 .progmem.data.sysfont_glyphs
                0x000002fa      0x292 src/lcd.o
                0x0000058c                . = ALIGN (0x2)
 *(.jumptables)
 *(.jumptables*)
 *(.lowtext)
 *(.lowtext*)
                0x0000058c                __ctors_start = .
 *(.ctors)
                0x0000058c                __ctors_end = .
                0x0000058c                __dtors_start = .
 *(.dtors)
                0x0000058c                __dtors_end = .
 SORT(*)(.ctors)
 SORT(*)(.dtors)
 *(.init0)
 .init0         0x0000058c        0x0 C:/Program Files (x86)/Atmel/Studio/7.0/Packs/atmel/ATmega_DFP/1.1.130/gcc/dev/atmega328p/avr5/crtatmega328p.o
                0x0000058c                __init
 *(.init0)
 *(.init1)
 *(.init1)
 *(.init2)
 .init2         0x0000058c        0xc C:/Program Files (x86)/Atmel/Studio/7.0/Packs/atmel/ATmega_DFP/1.1.130/gcc/dev/atmega328p/avr5/crtatmega328p.o
 *(.init2)
 *(.init3)
 *(.init3)
 *(.init4)
 .init4         0x00000598       0x16 c:/program files (x86)/atmel/studio/7.0/toolchain/avr8/avr8-gnu-toolchain/bin/../lib/gcc/avr/4.9.2/avr5\libgcc.a(_copy_data.o)
                0x00000598                __do_copy_data
 .init4         0x000005ae       0x10 c:/program files (x86)/atmel/studio/7.0/toolchain/avr8/avr8-gnu-toolchain/bin/../lib/gcc/avr/4.9.2/avr5\libgcc.a(_clear_bss.o)
                0x000005ae                __do_clear_bss
 *(.init4)
 *(.init5)
 *(.init5)
 *(.init6)
 *(.init6)
 *(.init7)
 *(.init7)
 *(.init8)
 *(.init8)
 *(.init9)
 .init9         0x000005be        0x8 C:/Program Files (x86)/Atmel/Studio/7.0/Packs/atmel/ATmega_DFP/1.1.130/gcc/dev/atmega328p/avr5/crtatmega328p.o
 *(.init9)
 *(.text)
                0x000005c6                . = ALIGN (0x2)
 *(.text.*)
 .text.sysclk_init
                0x000005c6       0x32 src/ASF/common/services/clock/mega/sysclk.o
                0x000005c6                sysclk_init
 .text.sysclk_enable_module
                0x000005f8       0x2c src/ASF/common/services/clock/mega/sysclk.o
                0x000005f8                sysclk_enable_module
 .text.sysclk_disable_module
                0x00000624       0x2a src/ASF/common/services/clock/mega/sysclk.o
                0x00000624                sysclk_disable_module
 .text.gfx_mono_generic_draw_horizontal_line
                0x0000064e       0xbe src/gfx_mono/gfx_mono_generic.o
                0x0000064e                gfx_mono_generic_draw_horizontal_line
 .text.gfx_mono_generic_draw_vertical_line
                0x0000070c       0xae src/gfx_mono/gfx_mono_generic.o
                0x0000070c                gfx_mono_generic_draw_vertical_line
 .text.gfx_mono_generic_draw_line
                0x000007ba       0xde src/gfx_mono/gfx_mono_generic.o
                0x000007ba                gfx_mono_generic_draw_line
 .text.gfx_mono_generic_draw_rect
                0x00000898       0x46 src/gfx_mono/gfx_mono_generic.o
                0x00000898                gfx_mono_generic_draw_rect
 .text.gfx_mono_generic_draw_filled_rect
                0x000008de       0x34 src/gfx_mono/gfx_mono_generic.o
                0x000008de                gfx_mono_generic_draw_filled_rect
 .text.gfx_mono_generic_draw_circle
                0x00000912      0x160 src/gfx_mono/gfx_mono_generic.o
                0x00000912                gfx_mono_generic_draw_circle
 .text.gfx_mono_generic_draw_filled_circle
                0x00000a72      0x13e src/gfx_mono/gfx_mono_generic.o
                0x00000a72                gfx_mono_generic_draw_filled_circle
 .text.gfx_mono_lcd_uc1608_put_page
                0x00000bb0       0x50 src/gfx_mono/gfx_mono_lcd_uc1608.o
                0x00000bb0                gfx_mono_lcd_uc1608_put_page
 .text.gfx_mono_lcd_uc1608_put_byte
                0x00000c00       0x24 src/gfx_mono/gfx_mono_lcd_uc1608.o
                0x00000c00                gfx_mono_lcd_uc1608_put_byte
 .text.gfx_mono_lcd_uc1608_get_byte
                0x00000c24       0x1c src/gfx_mono/gfx_mono_lcd_uc1608.o
                0x00000c24                gfx_mono_lcd_uc1608_get_byte
 .text.gfx_mono_lcd_uc1608_mask_byte
                0x00000c40       0x4a src/gfx_mono/gfx_mono_lcd_uc1608.o
                0x00000c40                gfx_mono_lcd_uc1608_mask_byte
 .text.gfx_mono_lcd_uc1608_draw_pixel
                0x00000c8a       0x2c src/gfx_mono/gfx_mono_lcd_uc1608.o
                0x00000c8a                gfx_mono_lcd_uc1608_draw_pixel
 .text.gfx_mono_draw_char
                0x00000cb6       0xd0 src/gfx_mono/gfx_mono_text.o
                0x00000cb6                gfx_mono_draw_char
 .text.gfx_mono_draw_string
                0x00000d86       0x58 src/gfx_mono/gfx_mono_text.o
                0x00000d86                gfx_mono_draw_string
 .text.asm_break
                0x00000dde        0x6 src/isr.o
                0x00000dde                asm_break
 .text.__vector_1
                0x00000de4       0x46 src/isr.o
                0x00000de4                __vector_1
 .text.__vector_2
                0x00000e2a       0x46 src/isr.o
                0x00000e2a                __vector_2
 .text.__vector_3
                0x00000e70       0x46 src/isr.o
                0x00000e70                __vector_3
 .text.__vector_4
                0x00000eb6       0x46 src/isr.o
                0x00000eb6                __vector_4
 .text.__vector_5
                0x00000efc       0x46 src/isr.o
                0x00000efc                __vector_5
 .text.__vector_6
                0x00000f42       0x46 src/isr.o
                0x00000f42                __vector_6
 .text.__vector_7
                0x00000f88       0x46 src/isr.o
                0x00000f88                __vector_7
 .text.__vector_8
                0x00000fce       0x46 src/isr.o
                0x00000fce                __vector_8
 .text.__vector_9
                0x00001014       0xb4 src/isr.o
                0x00001014                __vector_9
 .text.__vector_10
                0x000010c8       0x46 src/isr.o
                0x000010c8                __vector_10
 .text.__vector_11
                0x0000110e       0x46 src/isr.o
                0x0000110e                __vector_11
 .text.__vector_12
                0x00001154       0x46 src/isr.o
                0x00001154                __vector_12
 .text.__vector_13
                0x0000119a      0x11c src/isr.o
                0x0000119a                __vector_13
 .text.__vector_14
                0x000012b6       0x46 src/isr.o
                0x000012b6                __vector_14
 .text.__vector_15
                0x000012fc       0x46 src/isr.o
                0x000012fc                __vector_15
 .text.__vector_16
                0x00001342       0x46 src/isr.o
                0x00001342                __vector_16
 .text.__vector_17
                0x00001388       0x46 src/isr.o
                0x00001388                __vector_17
 .text.__vector_18
                0x000013ce       0x46 src/isr.o
                0x000013ce                __vector_18
 .text.__vector_19
                0x00001414       0x46 src/isr.o
                0x00001414                __vector_19
 .text.__vector_20
                0x0000145a       0x46 src/isr.o
                0x0000145a                __vector_20
 .text.__vector_21__bottom
                0x000014a0      0x11a src/isr.o
                0x000014a0                __vector_21__bottom
 .text.__vector_21
                0x000015ba       0xda src/isr.o
                0x000015ba                __vector_21
 .text.__vector_22
                0x00001694       0x46 src/isr.o
                0x00001694                __vector_22
 .text.__vector_23
                0x000016da       0x46 src/isr.o
                0x000016da                __vector_23
 .text.__vector_24
                0x00001720       0x64 src/isr.o
                0x00001720                __vector_24
 .text.__vector_25
                0x00001784       0x46 src/isr.o
                0x00001784                __vector_25
 .text.cpu_irq_save
                0x000017ca       0x1a src/lcd.o
 .text.__portable_avr_delay_cycles
                0x000017e4       0x16 src/lcd.o
 .text.lcd_bus_read_status
                0x000017fa       0x18 src/lcd.o
                0x000017fa                lcd_bus_read_status
 .text.lcd_bus_write_cmd
                0x00001812       0x1a src/lcd.o
                0x00001812                lcd_bus_write_cmd
 .text.lcd_enable.part.0
                0x0000182c       0x4a src/lcd.o
 .text.lcd_bus_write_ram
                0x00001876       0x1a src/lcd.o
                0x00001876                lcd_bus_write_ram
 .text.lcd_bus_read_ram
                0x00001890       0x2a src/lcd.o
                0x00001890                lcd_bus_read_ram
 .text.lcd_page_set
                0x000018ba        0xc src/lcd.o
                0x000018ba                lcd_page_set
 .text.lcd_col_set
                0x000018c6       0x20 src/lcd.o
                0x000018c6                lcd_col_set
 .text.lcd_cr   0x000018e6       0x10 src/lcd.o
                0x000018e6                lcd_cr
 .text.lcd_home
                0x000018f6        0x6 src/lcd.o
                0x000018f6                lcd_home
 .text.lcd_cls  0x000018fc       0x2a src/lcd.o
                0x000018fc                lcd_cls
 .text.lcd_show_new_data
                0x00001926      0x77c src/lcd.o
                0x00001926                lcd_show_new_data
 .text.lcd_animation_prepare
                0x000020a2      0x100 src/lcd.o
                0x000020a2                lcd_animation_prepare
 .text.lcd_animation_loop
                0x000021a2      0x320 src/lcd.o
                0x000021a2                lcd_animation_loop
 .text.lcd_test
                0x000024c2      0x140 src/lcd.o
                0x000024c2                lcd_test
 .text.isr_lcd_10mhz_ref_osc_show_clk_state
                0x00002602       0x2e src/lcd.o
                0x00002602                isr_lcd_10mhz_ref_osc_show_clk_state
 .text.isr_lcd_10mhz_ref_osc_show_date
                0x00002630       0x46 src/lcd.o
                0x00002630                isr_lcd_10mhz_ref_osc_show_date
 .text.isr_lcd_10mhz_ref_osc_show_time
                0x00002676       0x3c src/lcd.o
                0x00002676                isr_lcd_10mhz_ref_osc_show_time
 .text.isr_lcd_10mhz_ref_osc_show_ppm
                0x000026b2       0x38 src/lcd.o
                0x000026b2                isr_lcd_10mhz_ref_osc_show_ppm
 .text.isr_lcd_10mhz_ref_osc_show_pwm
                0x000026ea       0x24 src/lcd.o
                0x000026ea                isr_lcd_10mhz_ref_osc_show_pwm
 .text.isr_lcd_10mhz_ref_osc_show_pv
                0x0000270e       0x2e src/lcd.o
                0x0000270e                isr_lcd_10mhz_ref_osc_show_pv
 .text.isr_lcd_10mhz_ref_osc_show_sat_use
                0x0000273c       0x30 src/lcd.o
                0x0000273c                isr_lcd_10mhz_ref_osc_show_sat_use
 .text.isr_lcd_10mhz_ref_osc_show_sat_dop
                0x0000276c       0x22 src/lcd.o
                0x0000276c                isr_lcd_10mhz_ref_osc_show_sat_dop
 .text.isr_lcd_10mhz_ref_osc_show_pos_state
                0x0000278e       0x24 src/lcd.o
                0x0000278e                isr_lcd_10mhz_ref_osc_show_pos_state
 .text.isr_lcd_10mhz_ref_osc_show_pos_lat
                0x000027b2       0x46 src/lcd.o
                0x000027b2                isr_lcd_10mhz_ref_osc_show_pos_lat
 .text.isr_lcd_10mhz_ref_osc_show_pos_lon
                0x000027f8       0x46 src/lcd.o
                0x000027f8                isr_lcd_10mhz_ref_osc_show_pos_lon
 .text.isr_lcd_10mhz_ref_osc_show_pos_height
                0x0000283e       0x2e src/lcd.o
                0x0000283e                isr_lcd_10mhz_ref_osc_show_pos_height
 .text.lcd_get_sysfont
                0x0000286c        0x6 src/lcd.o
                0x0000286c                lcd_get_sysfont
 .text.lcd_init
                0x00002872       0x28 src/lcd.o
                0x00002872                lcd_init
 .text.lcd_shutdown
                0x0000289a       0x12 src/lcd.o
                0x0000289a                lcd_shutdown
 .text.s_twi_tx_done
                0x000028ac       0x22 src/twi.o
 .text.s_isr_twi_rcvd_command_closed_form.isra.1.constprop.2
                0x000028ce      0x17a src/twi.o
 .text.__vector_24__bottom
                0x00002a48      0x2f6 src/twi.o
                0x00002a48                __vector_24__bottom
 .text.board_init
                0x00002d3e        0x2 src/ASF/common/boards/user_board/init.o
                0x00002d3e                board_init
 .text.cpu_irq_save
                0x00002d40       0x1a src/main.o
 .text.get_abs_time
                0x00002d5a       0x80 src/main.o
                0x00002d5a                get_abs_time
 .text.mem_set  0x00002dda       0x16 src/main.o
                0x00002dda                mem_set
 .text.s_task   0x00002df0      0x18c src/main.o
                0x00002df0                s_task
 .text.startup.main
                0x00002f7c      0x266 src/main.o
                0x00002f7c                main
 .text.avr-libc.fplib
                0x000031e2        0xa c:/program files (x86)/atmel/studio/7.0/toolchain/avr8/avr8-gnu-toolchain/bin/../lib/gcc/avr/4.9.2/../../../../avr/lib/avr5\libm.a(addsf3.o)
                0x000031e2                __subsf3
                0x000031e4                __addsf3
 .text.avr-libc.fplib
                0x000031ec       0xc0 c:/program files (x86)/atmel/studio/7.0/toolchain/avr8/avr8-gnu-toolchain/bin/../lib/gcc/avr/4.9.2/../../../../avr/lib/avr5\libm.a(addsf3x.o)
                0x00003206                __addsf3x
 .text.avr-libc.fplib
                0x000032ac        0x8 c:/program files (x86)/atmel/studio/7.0/toolchain/avr8/avr8-gnu-toolchain/bin/../lib/gcc/avr/4.9.2/../../../../avr/lib/avr5\libm.a(cmpsf2.o)
                0x000032ac                __nesf2
                0x000032ac                __eqsf2
                0x000032ac                __cmpsf2
                0x000032ac                __ltsf2
                0x000032ac                __lesf2
 .text.avr-libc.fplib
                0x000032b4        0x4 c:/program files (x86)/atmel/studio/7.0/toolchain/avr8/avr8-gnu-toolchain/bin/../lib/gcc/avr/4.9.2/../../../../avr/lib/avr5\libm.a(divsf3.o)
                0x000032b4                __divsf3
 .text.avr-libc.fplib
                0x000032b8       0xcc c:/program files (x86)/atmel/studio/7.0/toolchain/avr8/avr8-gnu-toolchain/bin/../lib/gcc/avr/4.9.2/../../../../avr/lib/avr5\libm.a(divsf3x.o)
                0x000032ce                __divsf3x
                0x000032d2                __divsf3_pse
 .text.avr-libc.fplib
                0x00003384        0xa c:/program files (x86)/atmel/studio/7.0/toolchain/avr8/avr8-gnu-toolchain/bin/../lib/gcc/avr/4.9.2/../../../../avr/lib/avr5\libm.a(fixsfsi.o)
                0x00003384                __fixsfsi
 .text.avr-libc.fplib
                0x0000338e       0x58 c:/program files (x86)/atmel/studio/7.0/toolchain/avr8/avr8-gnu-toolchain/bin/../lib/gcc/avr/4.9.2/../../../../avr/lib/avr5\libm.a(fixunssfsi.o)
                0x0000338e                __fixunssfsi
 .text.avr-libc.fplib
                0x000033e6       0x7a c:/program files (x86)/atmel/studio/7.0/toolchain/avr8/avr8-gnu-toolchain/bin/../lib/gcc/avr/4.9.2/../../../../avr/lib/avr5\libm.a(floatsisf.o)
                0x000033e6                __floatunsisf
                0x000033ea                __floatsisf
 .text.avr-libc.fplib
                0x00003460       0x48 c:/program files (x86)/atmel/studio/7.0/toolchain/avr8/avr8-gnu-toolchain/bin/../lib/gcc/avr/4.9.2/../../../../avr/lib/avr5\libm.a(fp_cmp.o)
                0x00003460                __fp_cmp
 .text.avr-libc.fplib
                0x000034a8        0xc c:/program files (x86)/atmel/studio/7.0/toolchain/avr8/avr8-gnu-toolchain/bin/../lib/gcc/avr/4.9.2/../../../../avr/lib/avr5\libm.a(fp_inf.o)
                0x000034a8                __fp_inf
 .text.avr-libc.fplib
                0x000034b4        0x6 c:/program files (x86)/atmel/studio/7.0/toolchain/avr8/avr8-gnu-toolchain/bin/../lib/gcc/avr/4.9.2/../../../../avr/lib/avr5\libm.a(fp_nan.o)
                0x000034b4                __fp_nan
 .text.avr-libc.fplib
                0x000034ba        0xe c:/program files (x86)/atmel/studio/7.0/toolchain/avr8/avr8-gnu-toolchain/bin/../lib/gcc/avr/4.9.2/../../../../avr/lib/avr5\libm.a(fp_pscA.o)
                0x000034ba                __fp_pscA
 .text.avr-libc.fplib
                0x000034c8        0xe c:/program files (x86)/atmel/studio/7.0/toolchain/avr8/avr8-gnu-toolchain/bin/../lib/gcc/avr/4.9.2/../../../../avr/lib/avr5\libm.a(fp_pscB.o)
                0x000034c8                __fp_pscB
 .text.avr-libc.fplib
                0x000034d6       0x22 c:/program files (x86)/atmel/studio/7.0/toolchain/avr8/avr8-gnu-toolchain/bin/../lib/gcc/avr/4.9.2/../../../../avr/lib/avr5\libm.a(fp_round.o)
                0x000034d6                __fp_round
 .text.avr-libc.fplib
                0x000034f8       0x44 c:/program files (x86)/atmel/studio/7.0/toolchain/avr8/avr8-gnu-toolchain/bin/../lib/gcc/avr/4.9.2/../../../../avr/lib/avr5\libm.a(fp_split3.o)
                0x000034f8                __fp_split3
                0x00003508                __fp_splitA
 .text.avr-libc.fplib
                0x0000353c        0xe c:/program files (x86)/atmel/studio/7.0/toolchain/avr8/avr8-gnu-toolchain/bin/../lib/gcc/avr/4.9.2/../../../../avr/lib/avr5\libm.a(fp_zero.o)
                0x0000353c                __fp_zero
                0x0000353e                __fp_szero
 .text.avr-libc.fplib
                0x0000354a        0x8 c:/program files (x86)/atmel/studio/7.0/toolchain/avr8/avr8-gnu-toolchain/bin/../lib/gcc/avr/4.9.2/../../../../avr/lib/avr5\libm.a(gesf2.o)
                0x0000354a                __gesf2
                0x0000354a                __gtsf2
 .text.avr-libc.fplib
                0x00003552        0x4 c:/program files (x86)/atmel/studio/7.0/toolchain/avr8/avr8-gnu-toolchain/bin/../lib/gcc/avr/4.9.2/../../../../avr/lib/avr5\libm.a(mulsf3.o)
                0x00003552                __mulsf3
 .text.avr-libc.fplib
                0x00003556       0xc2 c:/program files (x86)/atmel/studio/7.0/toolchain/avr8/avr8-gnu-toolchain/bin/../lib/gcc/avr/4.9.2/../../../../avr/lib/avr5\libm.a(mulsf3x.o)
                0x0000356a                __mulsf3x
                0x0000356e                __mulsf3_pse
 .text.libgcc.div
                0x00003618       0x18 c:/program files (x86)/atmel/studio/7.0/toolchain/avr8/avr8-gnu-toolchain/bin/../lib/gcc/avr/4.9.2/avr5\libgcc.a(_udivmodqi4.o)
                0x00003618                __udivmodqi4
 .text.libgcc.div
                0x00003630       0x28 c:/program files (x86)/atmel/studio/7.0/toolchain/avr8/avr8-gnu-toolchain/bin/../lib/gcc/avr/4.9.2/avr5\libgcc.a(_udivmodhi4.o)
                0x00003630                __udivmodhi4
 .text.libgcc.div
                0x00003658       0x26 c:/program files (x86)/atmel/studio/7.0/toolchain/avr8/avr8-gnu-toolchain/bin/../lib/gcc/avr/4.9.2/avr5\libgcc.a(_divmodhi4.o)
                0x00003658                _div
                0x00003658                __divmodhi4
 .text.avr-libc
                0x0000367e       0x5a c:/program files (x86)/atmel/studio/7.0/toolchain/avr8/avr8-gnu-toolchain/bin/../lib/gcc/avr/4.9.2/../../../../avr/lib/avr5\libc.a(snprintf.o)
                0x0000367e                snprintf
 .text.avr-libc
                0x000036d8      0x386 c:/program files (x86)/atmel/studio/7.0/toolchain/avr8/avr8-gnu-toolchain/bin/../lib/gcc/avr/4.9.2/../../../../avr/lib/avr5\libc.a(vfprintf_std.o)
                0x000036d8                vfprintf
 .text.avr-libc
                0x00003a5e       0x16 c:/program files (x86)/atmel/studio/7.0/toolchain/avr8/avr8-gnu-toolchain/bin/../lib/gcc/avr/4.9.2/../../../../avr/lib/avr5\libc.a(strnlen_P.o)
                0x00003a5e                strnlen_P
 .text.avr-libc
                0x00003a74       0x16 c:/program files (x86)/atmel/studio/7.0/toolchain/avr8/avr8-gnu-toolchain/bin/../lib/gcc/avr/4.9.2/../../../../avr/lib/avr5\libc.a(strnlen.o)
                0x00003a74                strnlen
 .text.avr-libc
                0x00003a8a       0x70 c:/program files (x86)/atmel/studio/7.0/toolchain/avr8/avr8-gnu-toolchain/bin/../lib/gcc/avr/4.9.2/../../../../avr/lib/avr5\libc.a(fputc.o)
                0x00003a8a                fputc
 .text.avr-libc
                0x00003afa       0xbc c:/program files (x86)/atmel/studio/7.0/toolchain/avr8/avr8-gnu-toolchain/bin/../lib/gcc/avr/4.9.2/../../../../avr/lib/avr5\libc.a(ultoa_invert.o)
                0x00003afa                __ultoa_invert
 .text.libgcc.prologue
                0x00003bb6       0x38 c:/program files (x86)/atmel/studio/7.0/toolchain/avr8/avr8-gnu-toolchain/bin/../lib/gcc/avr/4.9.2/avr5\libgcc.a(_prologue.o)
                0x00003bb6                __prologue_saves__
 .text.libgcc.prologue
                0x00003bee       0x36 c:/program files (x86)/atmel/studio/7.0/toolchain/avr8/avr8-gnu-toolchain/bin/../lib/gcc/avr/4.9.2/avr5\libgcc.a(_epilogue.o)
                0x00003bee                __epilogue_restores__
                0x00003c24                . = ALIGN (0x2)
 *(.fini9)
 .fini9         0x00003c24        0x0 c:/program files (x86)/atmel/studio/7.0/toolchain/avr8/avr8-gnu-toolchain/bin/../lib/gcc/avr/4.9.2/avr5\libgcc.a(_exit.o)
                0x00003c24                _exit
                0x00003c24                exit
 *(.fini9)
 *(.fini8)
 *(.fini8)
 *(.fini7)
 *(.fini7)
 *(.fini6)
 *(.fini6)
 *(.fini5)
 *(.fini5)
 *(.fini4)
 *(.fini4)
 *(.fini3)
 *(.fini3)
 *(.fini2)
 *(.fini2)
 *(.fini1)
 *(.fini1)
 *(.fini0)
 .fini0         0x00003c24        0x4 c:/program files (x86)/atmel/studio/7.0/toolchain/avr8/avr8-gnu-toolchain/bin/../lib/gcc/avr/4.9.2/avr5\libgcc.a(_exit.o)
 *(.fini0)
                0x00003c28                _etext = .

.data           0x00800100      0x1a2 load address 0x00003c28
                0x00800100                PROVIDE (__data_start, .)
 *(.data)
 *(.data*)
 .data.sw.3137  0x00800100        0x1 src/lcd.o
 .data.idx.3128
                0x00800101        0x1 src/lcd.o
 .data.s_last_animation.3052
                0x00800102        0x1 src/main.o
 *(.rodata)
 *(.rodata*)
 .rodata.sysfont
                0x00800103        0x7 src/gfx_mono/sysfont.o
                0x00800103                sysfont
 .rodata.str1.1
                0x0080010a      0x170 src/lcd.o
 .rodata.str1.1
                0x0080027a       0x28 src/main.o
 *(.gnu.linkonce.d*)
                0x008002a2                . = ALIGN (0x2)
                0x008002a2                _edata = .
                0x008002a2                PROVIDE (__data_end, .)

.bss            0x008002a2      0x122
                0x008002a2                PROVIDE (__bss_start, .)
 *(.bss)
 *(.bss*)
 .bss.second_old.2585
                0x008002a2        0x1 src/isr.o
 .bss.state_ctr.2584
                0x008002a3        0x1 src/isr.o
 .bss.state_old.2583
                0x008002a4        0x1 src/isr.o
 .bss.loop.3136
                0x008002a5        0x2 src/lcd.o
 .bss.l_last.3151
                0x008002a7        0x4 src/lcd.o
 .bss.t_last.3145
                0x008002ab        0x4 src/lcd.o
 .bss.clk_state_old.3113
                0x008002af        0x1 src/lcd.o
 .bss.s_animation_train_right
                0x008002b0       0x3d src/lcd.o
 .bss.s_animation_train_left
                0x008002ed       0x3d src/lcd.o
 .bss.s_animation_time_last_train
                0x0080032a        0x4 src/lcd.o
 .bss.s_animation_time_last_temp
                0x0080032e        0x4 src/lcd.o
 .bss.s_animation_dx
                0x00800332        0x1 src/lcd.o
 .bss.s_animation_train_origin
                0x00800333        0x2 src/lcd.o
 .bss.s_lcd_prepare_buf
                0x00800335       0x30 src/lcd.o
 .bss.s_lcd_ram_read_nonvalid
                0x00800365        0x1 src/lcd.o
 .bss.cnt_i.2653
                0x00800366        0x1 src/twi.o
 .bss.pos_i.2651
                0x00800367        0x1 src/twi.o
 .bss.cnt_o.2654
                0x00800368        0x1 src/twi.o
 .bss.pos_o.2652
                0x00800369        0x1 src/twi.o
 .bss.s_rx_len  0x0080036a        0x1 src/twi.o
 .bss.s_rx_d    0x0080036b        0x8 src/twi.o
 .bss.s_rx_lock
                0x00800373        0x1 src/twi.o
 .bss.s_tx_d    0x00800374        0x8 src/twi.o
 .bss.s_tx_len  0x0080037c        0x1 src/twi.o
 .bss.s_tx_lock
                0x0080037d        0x1 src/twi.o
 .bss.s_tx_next_len
                0x0080037e        0x1 src/twi.o
 .bss.runmode   0x0080037f        0x1 src/main.o
 .bss.g_u32_DEBUG21
                0x00800380        0x4 src/main.o
                0x00800380                g_u32_DEBUG21
 .bss.g_showData
                0x00800384       0x29 src/main.o
                0x00800384                g_showData
 .bss.g_status  0x008003ad        0x1 src/main.o
                0x008003ad                g_status
 .bss.g_audio_pwm_ramp_dwn
                0x008003ae        0x1 src/main.o
                0x008003ae                g_audio_pwm_ramp_dwn
 .bss.g_audio_pwm_accu
                0x008003af        0x2 src/main.o
                0x008003af                g_audio_pwm_accu
 .bss.g_audio_out_loudness
                0x008003b1        0x1 src/main.o
                0x008003b1                g_audio_out_loudness
 .bss.g_lcdbl_dimmer
                0x008003b2        0x1 src/main.o
                0x008003b2                g_lcdbl_dimmer
 .bss.g_temp    0x008003b3        0x4 src/main.o
                0x008003b3                g_temp
 .bss.g_adc_temp
                0x008003b7        0x4 src/main.o
                0x008003b7                g_adc_temp
 .bss.g_adc_light
                0x008003bb        0x4 src/main.o
                0x008003bb                g_adc_light
 .bss.g_adc_state
                0x008003bf        0x1 src/main.o
                0x008003bf                g_adc_state
 .bss.g_timer_abs_msb
                0x008003c0        0x4 src/main.o
                0x008003c0                g_timer_abs_msb
 *(COMMON)
                0x008003c4                PROVIDE (__bss_end, .)
                0x00003c28                __data_load_start = LOADADDR (.data)
                0x00003dca                __data_load_end = (__data_load_start + SIZEOF (.data))

.noinit         0x008003c4        0x0
                [!provide]                PROVIDE (__noinit_start, .)
 *(.noinit*)
                [!provide]                PROVIDE (__noinit_end, .)
                0x008003c4                _end = .
                [!provide]                PROVIDE (__heap_start, .)

.eeprom         0x00810000        0x0
 *(.eeprom*)
                0x00810000                __eeprom_end = .

.fuse
 *(.fuse)
 *(.lfuse)
 *(.hfuse)
 *(.efuse)

.lock
 *(.lock*)

.signature
 *(.signature*)

.user_signatures
 *(.user_signatures*)

.stab
 *(.stab)

.stabstr
 *(.stabstr)

.stab.excl
 *(.stab.excl)

.stab.exclstr
 *(.stab.exclstr)

.stab.index
 *(.stab.index)

.stab.indexstr
 *(.stab.indexstr)

.comment        0x00000000       0x5c
 *(.comment)
 .comment       0x00000000       0x30 src/ASF/common/services/clock/mega/sysclk.o
                                 0x31 (size before relaxing)
 .comment       0x00000030       0x31 src/gfx_mono/gfx_mono_generic.o
 .comment       0x00000030       0x31 src/gfx_mono/gfx_mono_lcd_uc1608.o
 .comment       0x00000030       0x31 src/gfx_mono/gfx_mono_text.o
 .comment       0x00000030       0x31 src/gfx_mono/sysfont.o
 .comment       0x00000030       0x31 src/isr.o
 .comment       0x00000030       0x31 src/lcd.o
 .comment       0x00000030       0x31 src/twi.o
 .comment       0x00000030       0x31 src/ASF/common/boards/user_board/init.o
 .comment       0x00000030       0x31 src/main.o
 .comment       0x00000030       0x31 c:/program files (x86)/atmel/studio/7.0/toolchain/avr8/avr8-gnu-toolchain/bin/../lib/gcc/avr/4.9.2/../../../../avr/lib/avr5\libc.a(snprintf.o)
 .comment       0x00000030       0x2c c:/program files (x86)/atmel/studio/7.0/toolchain/avr8/avr8-gnu-toolchain/bin/../lib/gcc/avr/4.9.2/../../../../avr/lib/avr5\libc.a(vfprintf_std.o)
                                 0x2d (size before relaxing)
 .comment       0x0000005c       0x31 c:/program files (x86)/atmel/studio/7.0/toolchain/avr8/avr8-gnu-toolchain/bin/../lib/gcc/avr/4.9.2/../../../../avr/lib/avr5\libc.a(fputc.o)

.note.gnu.avr.deviceinfo
                0x00000000       0x40
 .note.gnu.avr.deviceinfo
                0x00000000       0x40 C:/Program Files (x86)/Atmel/Studio/7.0/Packs/atmel/ATmega_DFP/1.1.130/gcc/dev/atmega328p/avr5/crtatmega328p.o

.note.gnu.build-id
 *(.note.gnu.build-id)

.debug
 *(.debug)

.line
 *(.line)

.debug_srcinfo
 *(.debug_srcinfo)

.debug_sfnames
 *(.debug_sfnames)

.debug_aranges  0x00000000      0x3e0
 *(.debug_aranges)
 .debug_aranges
                0x00000000       0x30 src/ASF/common/services/clock/mega/sysclk.o
 .debug_aranges
                0x00000030       0x58 src/gfx_mono/gfx_mono_generic.o
 .debug_aranges
                0x00000088       0x50 src/gfx_mono/gfx_mono_lcd_uc1608.o
 .debug_aranges
                0x000000d8       0x40 src/gfx_mono/gfx_mono_text.o
 .debug_aranges
                0x00000118       0x18 src/gfx_mono/sysfont.o
 .debug_aranges
                0x00000130       0xf0 src/isr.o
 .debug_aranges
                0x00000220      0x128 src/lcd.o
 .debug_aranges
                0x00000348       0x30 src/twi.o
 .debug_aranges
                0x00000378       0x20 src/ASF/common/boards/user_board/init.o
 .debug_aranges
                0x00000398       0x48 src/main.o

.debug_pubnames
 *(.debug_pubnames)

.debug_info     0x00000000     0x6e65
 *(.debug_info .gnu.linkonce.wi.*)
 .debug_info    0x00000000      0x5f4 C:/Program Files (x86)/Atmel/Studio/7.0/Packs/atmel/ATmega_DFP/1.1.130/gcc/dev/atmega328p/avr5/crtatmega328p.o
 .debug_info    0x000005f4      0x299 src/ASF/common/services/clock/mega/sysclk.o
 .debug_info    0x0000088d      0xc4e src/gfx_mono/gfx_mono_generic.o
 .debug_info    0x000014db      0x5be src/gfx_mono/gfx_mono_lcd_uc1608.o
 .debug_info    0x00001a99      0x6cc src/gfx_mono/gfx_mono_text.o
 .debug_info    0x00002165      0x139 src/gfx_mono/sysfont.o
 .debug_info    0x0000229e      0xcc5 src/isr.o
 .debug_info    0x00002f63     0x1fc9 src/lcd.o
 .debug_info    0x00004f2c      0x64c src/twi.o
 .debug_info    0x00005578       0xff src/ASF/common/boards/user_board/init.o
 .debug_info    0x00005677     0x17ee src/main.o

.debug_abbrev   0x00000000     0x1c9e
 *(.debug_abbrev)
 .debug_abbrev  0x00000000      0x5a2 C:/Program Files (x86)/Atmel/Studio/7.0/Packs/atmel/ATmega_DFP/1.1.130/gcc/dev/atmega328p/avr5/crtatmega328p.o
 .debug_abbrev  0x000005a2      0x1a1 src/ASF/common/services/clock/mega/sysclk.o
 .debug_abbrev  0x00000743      0x25e src/gfx_mono/gfx_mono_generic.o
 .debug_abbrev  0x000009a1      0x1ef src/gfx_mono/gfx_mono_lcd_uc1608.o
 .debug_abbrev  0x00000b90      0x208 src/gfx_mono/gfx_mono_text.o
 .debug_abbrev  0x00000d98       0xc5 src/gfx_mono/sysfont.o
 .debug_abbrev  0x00000e5d      0x279 src/isr.o
 .debug_abbrev  0x000010d6      0x4cf src/lcd.o
 .debug_abbrev  0x000015a5      0x235 src/twi.o
 .debug_abbrev  0x000017da       0x88 src/ASF/common/boards/user_board/init.o
 .debug_abbrev  0x00001862      0x43c src/main.o

.debug_line     0x00000000     0x320a
 *(.debug_line .debug_line.* .debug_line_end)
 .debug_line    0x00000000      0x133 C:/Program Files (x86)/Atmel/Studio/7.0/Packs/atmel/ATmega_DFP/1.1.130/gcc/dev/atmega328p/avr5/crtatmega328p.o
 .debug_line    0x00000133      0x1cc src/ASF/common/services/clock/mega/sysclk.o
 .debug_line    0x000002ff      0x571 src/gfx_mono/gfx_mono_generic.o
 .debug_line    0x00000870      0x2e4 src/gfx_mono/gfx_mono_lcd_uc1608.o
 .debug_line    0x00000b54      0x2ee src/gfx_mono/gfx_mono_text.o
 .debug_line    0x00000e42       0xac src/gfx_mono/sysfont.o
 .debug_line    0x00000eee      0x5e5 src/isr.o
 .debug_line    0x000014d3     0x10c2 src/lcd.o
 .debug_line    0x00002595      0x40c src/twi.o
 .debug_line    0x000029a1       0xe8 src/ASF/common/boards/user_board/init.o
 .debug_line    0x00002a89      0x781 src/main.o

.debug_frame    0x00000000     0x13b0
 *(.debug_frame)
 .debug_frame   0x00000000       0x74 src/ASF/common/services/clock/mega/sysclk.o
 .debug_frame   0x00000074      0x1fc src/gfx_mono/gfx_mono_generic.o
 .debug_frame   0x00000270       0xdc src/gfx_mono/gfx_mono_lcd_uc1608.o
 .debug_frame   0x0000034c      0x104 src/gfx_mono/gfx_mono_text.o
 .debug_frame   0x00000450      0x8ec src/isr.o
 .debug_frame   0x00000d3c      0x4f0 src/lcd.o
 .debug_frame   0x0000122c       0x54 src/twi.o
 .debug_frame   0x00001280       0x24 src/ASF/common/boards/user_board/init.o
 .debug_frame   0x000012a4      0x10c src/main.o

.debug_str      0x00000000     0x1c4d
 *(.debug_str)
 .debug_str     0x00000000      0x208 C:/Program Files (x86)/Atmel/Studio/7.0/Packs/atmel/ATmega_DFP/1.1.130/gcc/dev/atmega328p/avr5/crtatmega328p.o
 .debug_str     0x00000208      0x211 src/ASF/common/services/clock/mega/sysclk.o
                                0x245 (size before relaxing)
 .debug_str     0x00000419      0x312 src/gfx_mono/gfx_mono_generic.o
                                0x4ce (size before relaxing)
 .debug_str     0x0000072b       0xc2 src/gfx_mono/gfx_mono_lcd_uc1608.o
                                0x342 (size before relaxing)
 .debug_str     0x000007ed      0x1a9 src/gfx_mono/gfx_mono_text.o
                                0x3f8 (size before relaxing)
 .debug_str     0x00000996       0x32 src/gfx_mono/sysfont.o
                                0x207 (size before relaxing)
 .debug_str     0x000009c8      0x688 src/isr.o
                                0x848 (size before relaxing)
 .debug_str     0x00001050      0x563 src/lcd.o
                                0xc3b (size before relaxing)
 .debug_str     0x000015b3       0xf6 src/twi.o
                                0x4c7 (size before relaxing)
 .debug_str     0x000016a9       0x36 src/ASF/common/boards/user_board/init.o
                                0x1e5 (size before relaxing)
 .debug_str     0x000016df      0x56e src/main.o
                                0xed6 (size before relaxing)

.debug_loc      0x00000000     0x5747
 *(.debug_loc)
 .debug_loc     0x00000000      0x18a src/ASF/common/services/clock/mega/sysclk.o
 .debug_loc     0x0000018a     0x1170 src/gfx_mono/gfx_mono_generic.o
 .debug_loc     0x000012fa      0x871 src/gfx_mono/gfx_mono_lcd_uc1608.o
 .debug_loc     0x00001b6b      0x9da src/gfx_mono/gfx_mono_text.o
 .debug_loc     0x00002545     0x1763 src/isr.o
 .debug_loc     0x00003ca8      0xf62 src/lcd.o
 .debug_loc     0x00004c0a      0x578 src/twi.o
 .debug_loc     0x00005182      0x5c5 src/main.o

.debug_macinfo
 *(.debug_macinfo)

.debug_weaknames
 *(.debug_weaknames)

.debug_funcnames
 *(.debug_funcnames)

.debug_typenames
 *(.debug_typenames)

.debug_varnames
 *(.debug_varnames)

.debug_pubtypes
 *(.debug_pubtypes)

.debug_ranges   0x00000000      0x3d0
 *(.debug_ranges)
 .debug_ranges  0x00000000       0x20 src/ASF/common/services/clock/mega/sysclk.o
 .debug_ranges  0x00000020       0x68 src/gfx_mono/gfx_mono_generic.o
 .debug_ranges  0x00000088       0x70 src/gfx_mono/gfx_mono_lcd_uc1608.o
 .debug_ranges  0x000000f8       0x30 src/gfx_mono/gfx_mono_text.o
 .debug_ranges  0x00000128       0xe0 src/isr.o
 .debug_ranges  0x00000208      0x118 src/lcd.o
 .debug_ranges  0x00000320       0x20 src/twi.o
 .debug_ranges  0x00000340       0x10 src/ASF/common/boards/user_board/init.o
 .debug_ranges  0x00000350       0x80 src/main.o

.debug_macro
 *(.debug_macro)
OUTPUT(Smart-LCD_SW.elf elf32-avr)
LOAD linker stubs
