Archive member included to satisfy reference by file (symbol)

c:/program files (x86)/atmel/studio/7.0/toolchain/avr8/avr8-gnu-toolchain/bin/../lib/gcc/avr/4.9.2/../../../../avr/lib/avr5\libm.a(addsf3.o)
                              src/main.o (__subsf3)
c:/program files (x86)/atmel/studio/7.0/toolchain/avr8/avr8-gnu-toolchain/bin/../lib/gcc/avr/4.9.2/../../../../avr/lib/avr5\libm.a(addsf3x.o)
                              c:/program files (x86)/atmel/studio/7.0/toolchain/avr8/avr8-gnu-toolchain/bin/../lib/gcc/avr/4.9.2/../../../../avr/lib/avr5\libm.a(addsf3.o) (__addsf3x)
c:/program files (x86)/atmel/studio/7.0/toolchain/avr8/avr8-gnu-toolchain/bin/../lib/gcc/avr/4.9.2/../../../../avr/lib/avr5\libm.a(cmpsf2.o)
                              src/main.o (__ltsf2)
c:/program files (x86)/atmel/studio/7.0/toolchain/avr8/avr8-gnu-toolchain/bin/../lib/gcc/avr/4.9.2/../../../../avr/lib/avr5\libm.a(divsf3.o)
                              src/main.o (__divsf3)
c:/program files (x86)/atmel/studio/7.0/toolchain/avr8/avr8-gnu-toolchain/bin/../lib/gcc/avr/4.9.2/../../../../avr/lib/avr5\libm.a(divsf3x.o)
                              c:/program files (x86)/atmel/studio/7.0/toolchain/avr8/avr8-gnu-toolchain/bin/../lib/gcc/avr/4.9.2/../../../../avr/lib/avr5\libm.a(divsf3.o) (__divsf3x)
c:/program files (x86)/atmel/studio/7.0/toolchain/avr8/avr8-gnu-toolchain/bin/../lib/gcc/avr/4.9.2/../../../../avr/lib/avr5\libm.a(fixsfsi.o)
                              src/main.o (__fixsfsi)
c:/program files (x86)/atmel/studio/7.0/toolchain/avr8/avr8-gnu-toolchain/bin/../lib/gcc/avr/4.9.2/../../../../avr/lib/avr5\libm.a(fixunssfsi.o)
                              src/main.o (__fixunssfsi)
c:/program files (x86)/atmel/studio/7.0/toolchain/avr8/avr8-gnu-toolchain/bin/../lib/gcc/avr/4.9.2/../../../../avr/lib/avr5\libm.a(floatsisf.o)
                              src/isr.o (__floatunsisf)
c:/program files (x86)/atmel/studio/7.0/toolchain/avr8/avr8-gnu-toolchain/bin/../lib/gcc/avr/4.9.2/../../../../avr/lib/avr5\libm.a(fp_cmp.o)
                              c:/program files (x86)/atmel/studio/7.0/toolchain/avr8/avr8-gnu-toolchain/bin/../lib/gcc/avr/4.9.2/../../../../avr/lib/avr5\libm.a(cmpsf2.o) (__fp_cmp)
c:/program files (x86)/atmel/studio/7.0/toolchain/avr8/avr8-gnu-toolchain/bin/../lib/gcc/avr/4.9.2/../../../../avr/lib/avr5\libm.a(fp_inf.o)
                              c:/program files (x86)/atmel/studio/7.0/toolchain/avr8/avr8-gnu-toolchain/bin/../lib/gcc/avr/4.9.2/../../../../avr/lib/avr5\libm.a(addsf3x.o) (__fp_inf)
c:/program files (x86)/atmel/studio/7.0/toolchain/avr8/avr8-gnu-toolchain/bin/../lib/gcc/avr/4.9.2/../../../../avr/lib/avr5\libm.a(fp_nan.o)
                              c:/program files (x86)/atmel/studio/7.0/toolchain/avr8/avr8-gnu-toolchain/bin/../lib/gcc/avr/4.9.2/../../../../avr/lib/avr5\libm.a(addsf3x.o) (__fp_nan)
c:/program files (x86)/atmel/studio/7.0/toolchain/avr8/avr8-gnu-toolchain/bin/../lib/gcc/avr/4.9.2/../../../../avr/lib/avr5\libm.a(fp_pscA.o)
                              c:/program files (x86)/atmel/studio/7.0/toolchain/avr8/avr8-gnu-toolchain/bin/../lib/gcc/avr/4.9.2/../../../../avr/lib/avr5\libm.a(addsf3x.o) (__fp_pscA)
c:/program files (x86)/atmel/studio/7.0/toolchain/avr8/avr8-gnu-toolchain/bin/../lib/gcc/avr/4.9.2/../../../../avr/lib/avr5\libm.a(fp_pscB.o)
                              c:/program files (x86)/atmel/studio/7.0/toolchain/avr8/avr8-gnu-toolchain/bin/../lib/gcc/avr/4.9.2/../../../../avr/lib/avr5\libm.a(addsf3x.o) (__fp_pscB)
c:/program files (x86)/atmel/studio/7.0/toolchain/avr8/avr8-gnu-toolchain/bin/../lib/gcc/avr/4.9.2/../../../../avr/lib/avr5\libm.a(fp_round.o)
                              c:/program files (x86)/atmel/studio/7.0/toolchain/avr8/avr8-gnu-toolchain/bin/../lib/gcc/avr/4.9.2/../../../../avr/lib/avr5\libm.a(addsf3.o) (__fp_round)
c:/program files (x86)/atmel/studio/7.0/toolchain/avr8/avr8-gnu-toolchain/bin/../lib/gcc/avr/4.9.2/../../../../avr/lib/avr5\libm.a(fp_split3.o)
                              c:/program files (x86)/atmel/studio/7.0/toolchain/avr8/avr8-gnu-toolchain/bin/../lib/gcc/avr/4.9.2/../../../../avr/lib/avr5\libm.a(addsf3x.o) (__fp_split3)
c:/program files (x86)/atmel/studio/7.0/toolchain/avr8/avr8-gnu-toolchain/bin/../lib/gcc/avr/4.9.2/../../../../avr/lib/avr5\libm.a(fp_zero.o)
                              c:/program files (x86)/atmel/studio/7.0/toolchain/avr8/avr8-gnu-toolchain/bin/../lib/gcc/avr/4.9.2/../../../../avr/lib/avr5\libm.a(addsf3x.o) (__fp_zero)
c:/program files (x86)/atmel/studio/7.0/toolchain/avr8/avr8-gnu-toolchain/bin/../lib/gcc/avr/4.9.2/../../../../avr/lib/avr5\libm.a(gesf2.o)
                              src/main.o (__gesf2)
c:/program files (x86)/atmel/studio/7.0/toolchain/avr8/avr8-gnu-toolchain/bin/../lib/gcc/avr/4.9.2/../../../../avr/lib/avr5\libm.a(mulsf3.o)
                              src/isr.o (__mulsf3)
[...]
Memory Configuration

Name             Origin             Length             Attributes
text             0x00000000         0x00020000         xr
data             0x00800060         0x0000ffa0         rw !x
eeprom           0x00810000         0x00010000         rw !x
fuse             0x00820000         0x00000003         rw !x
lock             0x00830000         0x00000400         rw !x
signature        0x00840000         0x00000400         rw !x
user_signatures  0x00850000         0x00000400         rw !x
*default*        0x00000000         0xffffffff

Linker script and memory map

Address of section .data set to 0x800100
LOAD C:/Program Files (x86)/Atmel/Studio/7.0/Packs/atmel/ATmega_DFP/1.1.130/gcc/dev/atmega328p/avr5/crtatmega328p.o
LOAD src/ASF/common/services/calendar/calendar.o
LOAD src/ASF/common/services/clock/mega/sysclk.o
LOAD src/ASF/mega/drivers/usart/usart_mega.o
LOAD src/gfx_mono/gfx_mono_framebuffer.o
LOAD src/gfx_mono/gfx_mono_generic.o
LOAD src/gfx_mono/gfx_mono_lcd_uc1608.o
LOAD src/gfx_mono/gfx_mono_null.o
LOAD src/gfx_mono/gfx_mono_text.o
LOAD src/gfx_mono/sysfont.o
LOAD src/isr.o
LOAD src/lcd.o
LOAD src/twi.o
LOAD src/ASF/common/boards/user_board/init.o
LOAD src/main.o
START GROUP
LOAD c:/program files (x86)/atmel/studio/7.0/toolchain/avr8/avr8-gnu-toolchain/bin/../lib/gcc/avr/4.9.2/../../../../avr/lib/avr5\libm.a
END GROUP
START GROUP
LOAD c:/program files (x86)/atmel/studio/7.0/toolchain/avr8/avr8-gnu-toolchain/bin/../lib/gcc/avr/4.9.2/avr5\libgcc.a
LOAD c:/program files (x86)/atmel/studio/7.0/toolchain/avr8/avr8-gnu-toolchain/bin/../lib/gcc/avr/4.9.2/../../../../avr/lib/avr5\libm.a
LOAD c:/program files (x86)/atmel/studio/7.0/toolchain/avr8/avr8-gnu-toolchain/bin/../lib/gcc/avr/4.9.2/../../../../avr/lib/avr5\libc.a
LOAD C:/Program Files (x86)/Atmel/Studio/7.0/Packs/atmel/ATmega_DFP/1.1.130/gcc/dev/atmega328p/avr5\libatmega328p.a
END GROUP
                0x00020000                __TEXT_REGION_LENGTH__ = DEFINED (__TEXT_REGION_LENGTH__)?__TEXT_REGION_LENGTH__:0x20000
                0x0000ffa0                __DATA_REGION_LENGTH__ = DEFINED (__DATA_REGION_LENGTH__)?__DATA_REGION_LENGTH__:0xffa0
                0x00010000                __EEPROM_REGION_LENGTH__ = DEFINED (__EEPROM_REGION_LENGTH__)?__EEPROM_REGION_LENGTH__:0x10000
                [0x00000003]                __FUSE_REGION_LENGTH__ = DEFINED (__FUSE_REGION_LENGTH__)?__FUSE_REGION_LENGTH__:0x400
                0x00000400                __LOCK_REGION_LENGTH__ = DEFINED (__LOCK_REGION_LENGTH__)?__LOCK_REGION_LENGTH__:0x400
                0x00000400                __SIGNATURE_REGION_LENGTH__ = DEFINED (__SIGNATURE_REGION_LENGTH__)?__SIGNATURE_REGION_LENGTH__:0x400
                0x00000400                __USER_SIGNATURE_REGION_LENGTH__ = DEFINED (__USER_SIGNATURE_REGION_LENGTH__)?__USER_SIGNATURE_REGION_LENGTH__:0x400

.hash
 *(.hash)

.dynsym
 *(.dynsym)

.dynstr
 *(.dynstr)

.gnu.version
 *(.gnu.version)

.gnu.version_d
 *(.gnu.version_d)

.gnu.version_r
 *(.gnu.version_r)

.rel.init
 *(.rel.init)

.rela.init
 *(.rela.init)

.rel.text
 *(.rel.text)
 *(.rel.text.*)
 *(.rel.gnu.linkonce.t*)

.rela.text
 *(.rela.text)
 *(.rela.text.*)
 *(.rela.gnu.linkonce.t*)

.rel.fini
 *(.rel.fini)

.rela.fini
 *(.rela.fini)

.rel.rodata
 *(.rel.rodata)
 *(.rel.rodata.*)
 *(.rel.gnu.linkonce.r*)

.rela.rodata
 *(.rela.rodata)
 *(.rela.rodata.*)
 *(.rela.gnu.linkonce.r*)

.rel.data
 *(.rel.data)
 *(.rel.data.*)
 *(.rel.gnu.linkonce.d*)

.rela.data
 *(.rela.data)
 *(.rela.data.*)
 *(.rela.gnu.linkonce.d*)

.rel.ctors
 *(.rel.ctors)

.rela.ctors
 *(.rela.ctors)

.rel.dtors
 *(.rel.dtors)

.rela.dtors
 *(.rela.dtors)

.rel.got
 *(.rel.got)

.rela.got
 *(.rela.got)

.rel.bss
 *(.rel.bss)

.rela.bss
 *(.rela.bss)

.rel.plt
 *(.rel.plt)

.rela.plt
 *(.rela.plt)

.text           0x00000000     0x20b4
 *(.vectors)
 .vectors       0x00000000       0x68 C:/Program Files (x86)/Atmel/Studio/7.0/Packs/atmel/ATmega_DFP/1.1.130/gcc/dev/atmega328p/avr5/crtatmega328p.o
                0x00000000                __vector_default
                0x00000000                __vectors
 *(.vectors)
 *(.progmem.gcc*)
 .progmem.gcc_sw_table.__vector_24__bottom
                0x00000068      0x182 src/twi.o
                0x000001ea                . = ALIGN (0x2)
                0x000001ea                __trampolines_start = .
 *(.trampolines)
 .trampolines   0x000001ea        0x0 linker stubs
 *(.trampolines*)
                0x000001ea                __trampolines_end = .
 *libprintf_flt.a:*(.progmem.data)
 *libc.a:*(.progmem.data)
 *(.progmem*)
 .progmem.data.sysfont_glyphs
                0x000001ea      0x292 src/gfx_mono/sysfont.o
 .progmem.data.sysfont_glyphs
                0x0000047c      0x292 src/lcd.o
                0x0000070e                . = ALIGN (0x2)
 *(.jumptables)
 *(.jumptables*)
 *(.lowtext)
 *(.lowtext*)
                0x0000070e                __ctors_start = .
 *(.ctors)
                0x0000070e                __ctors_end = .
                0x0000070e                __dtors_start = .
 *(.dtors)
                0x0000070e                __dtors_end = .
 SORT(*)(.ctors)
 SORT(*)(.dtors)
 *(.init0)
 .init0         0x0000070e        0x0 C:/Program Files (x86)/Atmel/Studio/7.0/Packs/atmel/ATmega_DFP/1.1.130/gcc/dev/atmega328p/avr5/crtatmega328p.o
                0x0000070e                __init
 *(.init0)
 *(.init1)
 *(.init1)
 *(.init2)
 .init2         0x0000070e        0xc C:/Program Files (x86)/Atmel/Studio/7.0/Packs/atmel/ATmega_DFP/1.1.130/gcc/dev/atmega328p/avr5/crtatmega328p.o
 *(.init2)
 *(.init3)
 *(.init3)
 *(.init4)
 .init4         0x0000071a       0x16 c:/program files (x86)/atmel/studio/7.0/toolchain/avr8/avr8-gnu-toolchain/bin/../lib/gcc/avr/4.9.2/avr5\libgcc.a(_copy_data.o)
                0x0000071a                __do_copy_data
 .init4         0x00000730       0x10 c:/program files (x86)/atmel/studio/7.0/toolchain/avr8/avr8-gnu-toolchain/bin/../lib/gcc/avr/4.9.2/avr5\libgcc.a(_clear_bss.o)
                0x00000730                __do_clear_bss
 *(.init4)
 *(.init5)
 *(.init5)
 *(.init6)
 *(.init6)
 *(.init7)
 *(.init7)
 *(.init8)
 *(.init8)
 *(.init9)
 .init9         0x00000740        0x8 C:/Program Files (x86)/Atmel/Studio/7.0/Packs/atmel/ATmega_DFP/1.1.130/gcc/dev/atmega328p/avr5/crtatmega328p.o
 *(.init9)
 *(.text)
                0x00000748                . = ALIGN (0x2)
 *(.text.*)
 .text.sysclk_init
                0x00000748       0x32 src/ASF/common/services/clock/mega/sysclk.o
                0x00000748                sysclk_init
 .text.sysclk_enable_module
                0x0000077a       0x2c src/ASF/common/services/clock/mega/sysclk.o
                0x0000077a                sysclk_enable_module
 .text.sysclk_disable_module
                0x000007a6       0x2a src/ASF/common/services/clock/mega/sysclk.o
                0x000007a6                sysclk_disable_module
 .text.gfx_mono_generic_draw_horizontal_line
                0x000007d0       0xd6 src/gfx_mono/gfx_mono_generic.o
                0x000007d0                gfx_mono_generic_draw_horizontal_line
 .text.gfx_mono_generic_draw_vertical_line
                0x000008a6       0xac src/gfx_mono/gfx_mono_generic.o
                0x000008a6                gfx_mono_generic_draw_vertical_line
 .text.gfx_mono_generic_draw_line
                0x00000952       0xd4 src/gfx_mono/gfx_mono_generic.o
                0x00000952                gfx_mono_generic_draw_line
 .text.gfx_mono_generic_draw_rect
                0x00000a26       0x48 src/gfx_mono/gfx_mono_generic.o
                0x00000a26                gfx_mono_generic_draw_rect
 .text.gfx_mono_generic_draw_filled_rect
                0x00000a6e       0x34 src/gfx_mono/gfx_mono_generic.o
                0x00000a6e                gfx_mono_generic_draw_filled_rect
 .text.gfx_mono_generic_draw_circle
                0x00000aa2      0x17c src/gfx_mono/gfx_mono_generic.o
                0x00000aa2                gfx_mono_generic_draw_circle
 .text.gfx_mono_generic_draw_filled_circle
                0x00000c1e      0x136 src/gfx_mono/gfx_mono_generic.o
                0x00000c1e                gfx_mono_generic_draw_filled_circle
 .text.gfx_mono_lcd_uc1608_put_byte
                0x00000d54       0x20 src/gfx_mono/gfx_mono_lcd_uc1608.o
                0x00000d54                gfx_mono_lcd_uc1608_put_byte
 .text.gfx_mono_lcd_uc1608_get_byte
                0x00000d74       0x20 src/gfx_mono/gfx_mono_lcd_uc1608.o
                0x00000d74                gfx_mono_lcd_uc1608_get_byte
 .text.gfx_mono_lcd_uc1608_mask_byte
                0x00000d94       0x46 src/gfx_mono/gfx_mono_lcd_uc1608.o
                0x00000d94                gfx_mono_lcd_uc1608_mask_byte
 .text.gfx_mono_lcd_uc1608_draw_pixel
                0x00000dda       0x2c src/gfx_mono/gfx_mono_lcd_uc1608.o
                0x00000dda                gfx_mono_lcd_uc1608_draw_pixel
 .text.gfx_mono_draw_char
                0x00000e06       0xc0 src/gfx_mono/gfx_mono_text.o
                0x00000e06                gfx_mono_draw_char
 .text.gfx_mono_draw_string
                0x00000ec6       0x52 src/gfx_mono/gfx_mono_text.o
                0x00000ec6                gfx_mono_draw_string
 .text.asm_break
                0x00000f18        0x4 src/isr.o
                0x00000f18                asm_break
 .text.__vector_1
                0x00000f1c       0x16 src/isr.o
                0x00000f1c                __vector_1
 .text.__vector_2
                0x00000f32       0x16 src/isr.o
                0x00000f32                __vector_2
 .text.__vector_3
                0x00000f48       0x16 src/isr.o
                0x00000f48                __vector_3
 .text.__vector_4
                0x00000f5e       0x16 src/isr.o
                0x00000f5e                __vector_4
 .text.__vector_5
                0x00000f74       0x16 src/isr.o
                0x00000f74                __vector_5
 .text.__vector_6
                0x00000f8a       0x16 src/isr.o
                0x00000f8a                __vector_6
 .text.__vector_7
                0x00000fa0       0x16 src/isr.o
                0x00000fa0                __vector_7
 .text.__vector_8
                0x00000fb6       0x16 src/isr.o
                0x00000fb6                __vector_8
 .text.__vector_9
                0x00000fcc       0x16 src/isr.o
                0x00000fcc                __vector_9
 .text.__vector_10
                0x00000fe2       0x16 src/isr.o
                0x00000fe2                __vector_10
 .text.__vector_11
                0x00000ff8       0x16 src/isr.o
                0x00000ff8                __vector_11
 .text.__vector_12
                0x0000100e       0x16 src/isr.o
                0x0000100e                __vector_12
 .text.__vector_13
                0x00001024       0x16 src/isr.o
                0x00001024                __vector_13
 .text.__vector_14
                0x0000103a       0x16 src/isr.o
                0x0000103a                __vector_14
 .text.__vector_15
                0x00001050       0x16 src/isr.o
                0x00001050                __vector_15
 .text.__vector_16
                0x00001066       0x16 src/isr.o
                0x00001066                __vector_16
 .text.__vector_17
                0x0000107c       0x16 src/isr.o
                0x0000107c                __vector_17
 .text.__vector_18
                0x00001092       0x16 src/isr.o
                0x00001092                __vector_18
 .text.__vector_19
                0x000010a8       0x16 src/isr.o
                0x000010a8                __vector_19
 .text.__vector_20
                0x000010be       0x16 src/isr.o
                0x000010be                __vector_20
 .text.__vector_21__bottom
                0x000010d4       0xba src/isr.o
                0x000010d4                __vector_21__bottom
 .text.__vector_21
                0x0000118e       0x8c src/isr.o
                0x0000118e                __vector_21
 .text.__vector_22
                0x0000121a       0x16 src/isr.o
                0x0000121a                __vector_22
 .text.__vector_23
                0x00001230       0x16 src/isr.o
                0x00001230                __vector_23
 .text.__vector_24
                0x00001246       0x58 src/isr.o
                0x00001246                __vector_24
 .text.__vector_25
                0x0000129e       0x16 src/isr.o
                0x0000129e                __vector_25
 .text.lcd_bus_read_status
                0x000012b4       0x30 src/lcd.o
                0x000012b4                lcd_bus_read_status
 .text.lcd_bus_write_cmd
                0x000012e4       0x2c src/lcd.o
                0x000012e4                lcd_bus_write_cmd
 .text.lcd_bus_write_ram
                0x00001310       0x2e src/lcd.o
                0x00001310                lcd_bus_write_ram
 .text.lcd_bus_read_ram
                0x0000133e       0x46 src/lcd.o
                0x0000133e                lcd_bus_read_ram
 .text.lcd_page_set
                0x00001384        0xc src/lcd.o
                0x00001384                lcd_page_set
 .text.lcd_col_set
                0x00001390       0x20 src/lcd.o
                0x00001390                lcd_col_set
 .text.lcd_cr   0x000013b0       0x10 src/lcd.o
                0x000013b0                lcd_cr
 .text.lcd_home
                0x000013c0        0x8 src/lcd.o
                0x000013c0                lcd_home
 .text.lcd_cls  0x000013c8       0x32 src/lcd.o
                0x000013c8                lcd_cls
 .text.lcd_init
                0x000013fa      0x144 src/lcd.o
                0x000013fa                lcd_init
 .text.lcd_shutdown
                0x0000153e       0x14 src/lcd.o
                0x0000153e                lcd_shutdown
 .text.s_twcr_ack
                0x00001552       0x36 src/twi.o
 .text.s_twcr_all
                0x00001588       0x20 src/twi.o
 .text.s_twdr   0x000015a8       0x20 src/twi.o
 .text.s_twi_tx_done
                0x000015c8       0x2a src/twi.o
 .text.__vector_24__bottom
                0x000015f2      0x1ac src/twi.o
                0x000015f2                __vector_24__bottom
 .text.board_init
                0x0000179e        0x2 src/ASF/common/boards/user_board/init.o
                0x0000179e                board_init
 .text.main     0x000017a0      0x480 src/main.o
                0x000017a0                main
 .text.avr-libc.fplib
                0x00001c20        0xa c:/program files (x86)/atmel/studio/7.0/toolchain/avr8/avr8-gnu-toolchain/bin/../lib/gcc/avr/4.9.2/../../../../avr/lib/avr5\libm.a(addsf3.o)
                0x00001c20                __subsf3
                0x00001c22                __addsf3
 .text.avr-libc.fplib
                0x00001c2a       0xc0 c:/program files (x86)/atmel/studio/7.0/toolchain/avr8/avr8-gnu-toolchain/bin/../lib/gcc/avr/4.9.2/../../../../avr/lib/avr5\libm.a(addsf3x.o)
                0x00001c44                __addsf3x
 .text.avr-libc.fplib
                0x00001cea        0x8 c:/program files (x86)/atmel/studio/7.0/toolchain/avr8/avr8-gnu-toolchain/bin/../lib/gcc/avr/4.9.2/../../../../avr/lib/avr5\libm.a(cmpsf2.o)
                0x00001cea                __nesf2
                0x00001cea                __eqsf2
                0x00001cea                __cmpsf2
                0x00001cea                __ltsf2
                0x00001cea                __lesf2
 .text.avr-libc.fplib
                0x00001cf2        0x4 c:/program files (x86)/atmel/studio/7.0/toolchain/avr8/avr8-gnu-toolchain/bin/../lib/gcc/avr/4.9.2/../../../../avr/lib/avr5\libm.a(divsf3.o)
                0x00001cf2                __divsf3
 .text.avr-libc.fplib
                0x00001cf6       0xcc c:/program files (x86)/atmel/studio/7.0/toolchain/avr8/avr8-gnu-toolchain/bin/../lib/gcc/avr/4.9.2/../../../../avr/lib/avr5\libm.a(divsf3x.o)
                0x00001d0c                __divsf3x
                0x00001d10                __divsf3_pse
 .text.avr-libc.fplib
                0x00001dc2        0xa c:/program files (x86)/atmel/studio/7.0/toolchain/avr8/avr8-gnu-toolchain/bin/../lib/gcc/avr/4.9.2/../../../../avr/lib/avr5\libm.a(fixsfsi.o)
                0x00001dc2                __fixsfsi
 .text.avr-libc.fplib
                0x00001dcc       0x58 c:/program files (x86)/atmel/studio/7.0/toolchain/avr8/avr8-gnu-toolchain/bin/../lib/gcc/avr/4.9.2/../../../../avr/lib/avr5\libm.a(fixunssfsi.o)
                0x00001dcc                __fixunssfsi
 .text.avr-libc.fplib
                0x00001e24       0x7a c:/program files (x86)/atmel/studio/7.0/toolchain/avr8/avr8-gnu-toolchain/bin/../lib/gcc/avr/4.9.2/../../../../avr/lib/avr5\libm.a(floatsisf.o)
                0x00001e24                __floatunsisf
                0x00001e28                __floatsisf
 .text.avr-libc.fplib
                0x00001e9e       0x48 c:/program files (x86)/atmel/studio/7.0/toolchain/avr8/avr8-gnu-toolchain/bin/../lib/gcc/avr/4.9.2/../../../../avr/lib/avr5\libm.a(fp_cmp.o)
                0x00001e9e                __fp_cmp
 .text.avr-libc.fplib
                0x00001ee6        0xc c:/program files (x86)/atmel/studio/7.0/toolchain/avr8/avr8-gnu-toolchain/bin/../lib/gcc/avr/4.9.2/../../../../avr/lib/avr5\libm.a(fp_inf.o)
                0x00001ee6                __fp_inf
 .text.avr-libc.fplib
                0x00001ef2        0x6 c:/program files (x86)/atmel/studio/7.0/toolchain/avr8/avr8-gnu-toolchain/bin/../lib/gcc/avr/4.9.2/../../../../avr/lib/avr5\libm.a(fp_nan.o)
                0x00001ef2                __fp_nan
 .text.avr-libc.fplib
                0x00001ef8        0xe c:/program files (x86)/atmel/studio/7.0/toolchain/avr8/avr8-gnu-toolchain/bin/../lib/gcc/avr/4.9.2/../../../../avr/lib/avr5\libm.a(fp_pscA.o)
                0x00001ef8                __fp_pscA
 .text.avr-libc.fplib
                0x00001f06        0xe c:/program files (x86)/atmel/studio/7.0/toolchain/avr8/avr8-gnu-toolchain/bin/../lib/gcc/avr/4.9.2/../../../../avr/lib/avr5\libm.a(fp_pscB.o)
                0x00001f06                __fp_pscB
 .text.avr-libc.fplib
                0x00001f14       0x22 c:/program files (x86)/atmel/studio/7.0/toolchain/avr8/avr8-gnu-toolchain/bin/../lib/gcc/avr/4.9.2/../../../../avr/lib/avr5\libm.a(fp_round.o)
                0x00001f14                __fp_round
 .text.avr-libc.fplib
                0x00001f36       0x44 c:/program files (x86)/atmel/studio/7.0/toolchain/avr8/avr8-gnu-toolchain/bin/../lib/gcc/avr/4.9.2/../../../../avr/lib/avr5\libm.a(fp_split3.o)
                0x00001f36                __fp_split3
                0x00001f46                __fp_splitA
 .text.avr-libc.fplib
                0x00001f7a        0xe c:/program files (x86)/atmel/studio/7.0/toolchain/avr8/avr8-gnu-toolchain/bin/../lib/gcc/avr/4.9.2/../../../../avr/lib/avr5\libm.a(fp_zero.o)
                0x00001f7a                __fp_zero
                0x00001f7c                __fp_szero
 .text.avr-libc.fplib
                0x00001f88        0x8 c:/program files (x86)/atmel/studio/7.0/toolchain/avr8/avr8-gnu-toolchain/bin/../lib/gcc/avr/4.9.2/../../../../avr/lib/avr5\libm.a(gesf2.o)
                0x00001f88                __gesf2
                0x00001f88                __gtsf2
 .text.avr-libc.fplib
                0x00001f90        0x4 c:/program files (x86)/atmel/studio/7.0/toolchain/avr8/avr8-gnu-toolchain/bin/../lib/gcc/avr/4.9.2/../../../../avr/lib/avr5\libm.a(mulsf3.o)
                0x00001f90                __mulsf3
 .text.avr-libc.fplib
                0x00001f94       0xc2 c:/program files (x86)/atmel/studio/7.0/toolchain/avr8/avr8-gnu-toolchain/bin/../lib/gcc/avr/4.9.2/../../../../avr/lib/avr5\libm.a(mulsf3x.o)
                0x00001fa8                __mulsf3x
                0x00001fac                __mulsf3_pse
 .text.libgcc.div
                0x00002056       0x26 c:/program files (x86)/atmel/studio/7.0/toolchain/avr8/avr8-gnu-toolchain/bin/../lib/gcc/avr/4.9.2/avr5\libgcc.a(_divmodhi4.o)
                0x00002056                _div
                0x00002056                __divmodhi4
 .text.libgcc   0x0000207c        0xc c:/program files (x86)/atmel/studio/7.0/toolchain/avr8/avr8-gnu-toolchain/bin/../lib/gcc/avr/4.9.2/avr5\libgcc.a(_tablejump2.o)
                0x0000207c                __tablejump2__
 .text.libgcc.div
                0x00002088       0x28 c:/program files (x86)/atmel/studio/7.0/toolchain/avr8/avr8-gnu-toolchain/bin/../lib/gcc/avr/4.9.2/avr5\libgcc.a(_udivmodhi4.o)
                0x00002088                __udivmodhi4
                0x000020b0                . = ALIGN (0x2)
 *(.fini9)
 .fini9         0x000020b0        0x0 c:/program files (x86)/atmel/studio/7.0/toolchain/avr8/avr8-gnu-toolchain/bin/../lib/gcc/avr/4.9.2/avr5\libgcc.a(_exit.o)
                0x000020b0                _exit
                0x000020b0                exit
 *(.fini9)
 *(.fini8)
 *(.fini8)
 *(.fini7)
 *(.fini7)
 *(.fini6)
 *(.fini6)
 *(.fini5)
 *(.fini5)
 *(.fini4)
 *(.fini4)
 *(.fini3)
 *(.fini3)
 *(.fini2)
 *(.fini2)
 *(.fini1)
 *(.fini1)
 *(.fini0)
 .fini0         0x000020b0        0x4 c:/program files (x86)/atmel/studio/7.0/toolchain/avr8/avr8-gnu-toolchain/bin/../lib/gcc/avr/4.9.2/avr5\libgcc.a(_exit.o)
 *(.fini0)
                0x000020b4                _etext = .

.data           0x00800100       0x18 load address 0x000020b4
                0x00800100                PROVIDE (__data_start, .)
 *(.data)
 *(.data*)
 *(.rodata)
 *(.rodata*)
 .rodata.sysfont
                0x00800100        0x7 src/gfx_mono/sysfont.o
                0x00800100                sysfont
 .rodata.str1.1
                0x00800107       0x11 src/lcd.o
 *(.gnu.linkonce.d*)
                0x00800118                . = ALIGN (0x2)
                0x00800118                _edata = .
                0x00800118                PROVIDE (__data_end, .)

.bss            0x00800118       0x39
                0x00800118                PROVIDE (__bss_start, .)
 *(.bss)
 *(.bss*)
 .bss.s_lcd_ram_read_nonvalid
                0x00800118        0x1 src/lcd.o
 .bss.cnt_i.2505
                0x00800119        0x1 src/twi.o
 .bss.pos_i.2503
                0x0080011a        0x1 src/twi.o
 .bss.cnt_o.2506
                0x0080011b        0x1 src/twi.o
 .bss.pos_o.2504
                0x0080011c        0x1 src/twi.o
 .bss.s_rx_d    0x0080011d        0x8 src/twi.o
 .bss.s_rx_lock
                0x00800125        0x1 src/twi.o
 .bss.s_tx_d    0x00800126        0x8 src/twi.o
 .bss.s_tx_len  0x0080012e        0x1 src/twi.o
 .bss.s_tx_lock
                0x0080012f        0x1 src/twi.o
 .bss.s_tx_next_len
                0x00800130        0x1 src/twi.o
 .bss.pwm.2577  0x00800131        0x1 src/main.o
 .bss.runmode   0x00800132        0x1 src/main.o
 .bss.g_f_DEBUG32
                0x00800133        0x4 src/main.o
                0x00800133                g_f_DEBUG32
 .bss.g_f_DEBUG31
                0x00800137        0x4 src/main.o
                0x00800137                g_f_DEBUG31
 .bss.g_u8_DEBUG13
                0x0080013b        0x1 src/main.o
                0x0080013b                g_u8_DEBUG13
 .bss.g_temp_lcd_last
                0x0080013c        0x4 src/main.o
                0x0080013c                g_temp_lcd_last
 .bss.g_temp    0x00800140        0x4 src/main.o
                0x00800140                g_temp
 .bss.g_adc_temp
                0x00800144        0x4 src/main.o
                0x00800144                g_adc_temp
 .bss.g_adc_ldr_last
                0x00800148        0x4 src/main.o
                0x00800148                g_adc_ldr_last
 .bss.g_adc_ldr
                0x0080014c        0x4 src/main.o
                0x0080014c                g_adc_ldr
 .bss.g_adc_state
                0x00800150        0x1 src/main.o
                0x00800150                g_adc_state
 *(COMMON)
                0x00800151                PROVIDE (__bss_end, .)
                0x000020b4                __data_load_start = LOADADDR (.data)
                0x000020cc                __data_load_end = (__data_load_start + SIZEOF (.data))

.noinit         0x00800151        0x0
                [!provide]                PROVIDE (__noinit_start, .)
 *(.noinit*)
                [!provide]                PROVIDE (__noinit_end, .)
                0x00800151                _end = .
                [!provide]                PROVIDE (__heap_start, .)

.eeprom         0x00810000        0x0
 *(.eeprom*)
                0x00810000                __eeprom_end = .

.fuse
 *(.fuse)
 *(.lfuse)
 *(.hfuse)
 *(.efuse)

.lock
 *(.lock*)

.signature
 *(.signature*)

.user_signatures
 *(.user_signatures*)

.stab
 *(.stab)

.stabstr
 *(.stabstr)

.stab.excl
 *(.stab.excl)

.stab.exclstr
 *(.stab.exclstr)

.stab.index
 *(.stab.index)

.stab.indexstr
 *(.stab.indexstr)

.comment        0x00000000       0x30
 *(.comment)
 .comment       0x00000000       0x30 src/ASF/common/services/clock/mega/sysclk.o
                                 0x31 (size before relaxing)
 .comment       0x00000030       0x31 src/gfx_mono/gfx_mono_generic.o
 .comment       0x00000030       0x31 src/gfx_mono/gfx_mono_lcd_uc1608.o
 .comment       0x00000030       0x31 src/gfx_mono/gfx_mono_text.o
 .comment       0x00000030       0x31 src/gfx_mono/sysfont.o
 .comment       0x00000030       0x31 src/isr.o
 .comment       0x00000030       0x31 src/lcd.o
 .comment       0x00000030       0x31 src/twi.o
 .comment       0x00000030       0x31 src/ASF/common/boards/user_board/init.o
 .comment       0x00000030       0x31 src/main.o

.note.gnu.avr.deviceinfo
                0x00000000       0x40
 .note.gnu.avr.deviceinfo
                0x00000000       0x40 C:/Program Files (x86)/Atmel/Studio/7.0/Packs/atmel/ATmega_DFP/1.1.130/gcc/dev/atmega328p/avr5/crtatmega328p.o

.note.gnu.build-id
 *(.note.gnu.build-id)

.debug
 *(.debug)

.line
 *(.line)

.debug_srcinfo
 *(.debug_srcinfo)

.debug_sfnames
 *(.debug_sfnames)

.debug_aranges  0x00000000      0x320
 *(.debug_aranges)
 .debug_aranges
                0x00000000       0x30 src/ASF/common/services/clock/mega/sysclk.o
 .debug_aranges
                0x00000030       0x58 src/gfx_mono/gfx_mono_generic.o
 .debug_aranges
                0x00000088       0x50 src/gfx_mono/gfx_mono_lcd_uc1608.o
 .debug_aranges
                0x000000d8       0x40 src/gfx_mono/gfx_mono_text.o
 .debug_aranges
                0x00000118       0x18 src/gfx_mono/sysfont.o
 .debug_aranges
                0x00000130       0xf0 src/isr.o
 .debug_aranges
                0x00000220       0x78 src/lcd.o
 .debug_aranges
                0x00000298       0x40 src/twi.o
 .debug_aranges
                0x000002d8       0x20 src/ASF/common/boards/user_board/init.o
 .debug_aranges
                0x000002f8       0x28 src/main.o

.debug_pubnames
 *(.debug_pubnames)

.debug_info     0x00000000     0x583c
 *(.debug_info .gnu.linkonce.wi.*)
 .debug_info    0x00000000      0x5f4 C:/Program Files (x86)/Atmel/Studio/7.0/Packs/atmel/ATmega_DFP/1.1.130/gcc/dev/atmega328p/avr5/crtatmega328p.o
 .debug_info    0x000005f4      0x2a3 src/ASF/common/services/clock/mega/sysclk.o
 .debug_info    0x00000897      0xbf6 src/gfx_mono/gfx_mono_generic.o
 .debug_info    0x0000148d      0x52d src/gfx_mono/gfx_mono_lcd_uc1608.o
 .debug_info    0x000019ba      0x6d7 src/gfx_mono/gfx_mono_text.o
 .debug_info    0x00002091      0x13d src/gfx_mono/sysfont.o
 .debug_info    0x000021ce      0x863 src/isr.o
 .debug_info    0x00002a31     0x1419 src/lcd.o
 .debug_info    0x00003e4a      0x50f src/twi.o
 .debug_info    0x00004359      0x103 src/ASF/common/boards/user_board/init.o
 .debug_info    0x0000445c     0x13e0 src/main.o

.debug_abbrev   0x00000000     0x17b6
 *(.debug_abbrev)
 .debug_abbrev  0x00000000      0x5a2 C:/Program Files (x86)/Atmel/Studio/7.0/Packs/atmel/ATmega_DFP/1.1.130/gcc/dev/atmega328p/avr5/crtatmega328p.o
 .debug_abbrev  0x000005a2      0x1a6 src/ASF/common/services/clock/mega/sysclk.o
 .debug_abbrev  0x00000748      0x1b7 src/gfx_mono/gfx_mono_generic.o
 .debug_abbrev  0x000008ff      0x166 src/gfx_mono/gfx_mono_lcd_uc1608.o
 .debug_abbrev  0x00000a65      0x212 src/gfx_mono/gfx_mono_text.o
 .debug_abbrev  0x00000c77       0xc8 src/gfx_mono/sysfont.o
 .debug_abbrev  0x00000d3f      0x1a6 src/isr.o
 .debug_abbrev  0x00000ee5      0x33c src/lcd.o
 .debug_abbrev  0x00001221      0x1d6 src/twi.o
 .debug_abbrev  0x000013f7       0x8b src/ASF/common/boards/user_board/init.o
 .debug_abbrev  0x00001482      0x334 src/main.o

.debug_line     0x00000000     0x4a3e
 *(.debug_line .debug_line.* .debug_line_end)
 .debug_line    0x00000000      0x133 C:/Program Files (x86)/Atmel/Studio/7.0/Packs/atmel/ATmega_DFP/1.1.130/gcc/dev/atmega328p/avr5/crtatmega328p.o
 .debug_line    0x00000133      0x4ad src/ASF/common/services/clock/mega/sysclk.o
 .debug_line    0x000005e0      0x807 src/gfx_mono/gfx_mono_generic.o
 .debug_line    0x00000de7      0x57d src/gfx_mono/gfx_mono_lcd_uc1608.o
 .debug_line    0x00001364      0x59c src/gfx_mono/gfx_mono_text.o
 .debug_line    0x00001900      0x3a0 src/gfx_mono/sysfont.o
 .debug_line    0x00001ca0      0x93b src/isr.o
 .debug_line    0x000025db      0xb92 src/lcd.o
 .debug_line    0x0000316d      0x870 src/twi.o
 .debug_line    0x000039dd      0x58f src/ASF/common/boards/user_board/init.o
 .debug_line    0x00003f6c      0xad2 src/main.o

.debug_frame    0x00000000      0xac0
 *(.debug_frame)
 .debug_frame   0x00000000       0x74 src/ASF/common/services/clock/mega/sysclk.o
 .debug_frame   0x00000074      0x220 src/gfx_mono/gfx_mono_generic.o
 .debug_frame   0x00000294       0xf4 src/gfx_mono/gfx_mono_lcd_uc1608.o
 .debug_frame   0x00000388      0x10c src/gfx_mono/gfx_mono_text.o
 .debug_frame   0x00000494      0x388 src/isr.o
 .debug_frame   0x0000081c      0x150 src/lcd.o
 .debug_frame   0x0000096c       0x9c src/twi.o
 .debug_frame   0x00000a08       0x24 src/ASF/common/boards/user_board/init.o
 .debug_frame   0x00000a2c       0x94 src/main.o

.debug_str      0x00000000    0x132cc
 *(.debug_str)
 .debug_str     0x00000000      0x208 C:/Program Files (x86)/Atmel/Studio/7.0/Packs/atmel/ATmega_DFP/1.1.130/gcc/dev/atmega328p/avr5/crtatmega328p.o
 .debug_str     0x00000208     0xfa53 src/ASF/common/services/clock/mega/sysclk.o
                               0xfc1c (size before relaxing)
 .debug_str     0x0000fc5b      0xc37 src/gfx_mono/gfx_mono_generic.o
                               0xf76a (size before relaxing)
 .debug_str     0x00010892      0x168 src/gfx_mono/gfx_mono_lcd_uc1608.o
                               0xf67d (size before relaxing)
 .debug_str     0x000109fa      0x21f src/gfx_mono/gfx_mono_text.o
                               0xf703 (size before relaxing)
 .debug_str     0x00010c19     0x10a5 src/gfx_mono/sysfont.o
                              0x1054c (size before relaxing)
 .debug_str     0x00011cbe      0xe8c src/isr.o
                              0x109ef (size before relaxing)
 .debug_str     0x00012b4a      0x17f src/lcd.o
                              0x12469 (size before relaxing)
 .debug_str     0x00012cc9       0xbe src/twi.o
                              0x1079e (size before relaxing)
 .debug_str     0x00012d87       0x36 src/ASF/common/boards/user_board/init.o
                              0x10673 (size before relaxing)
 .debug_str     0x00012dbd      0x50f src/main.o
                              0x1101b (size before relaxing)

.debug_loc      0x00000000     0x393c
 *(.debug_loc)
 .debug_loc     0x00000000      0x18a src/ASF/common/services/clock/mega/sysclk.o
 .debug_loc     0x0000018a     0x11a0 src/gfx_mono/gfx_mono_generic.o
 .debug_loc     0x0000132a      0x7a9 src/gfx_mono/gfx_mono_lcd_uc1608.o
 .debug_loc     0x00001ad3      0x9ea src/gfx_mono/gfx_mono_text.o
 .debug_loc     0x000024bd      0x75d src/isr.o
 .debug_loc     0x00002c1a      0x51d src/lcd.o
 .debug_loc     0x00003137      0x445 src/twi.o
 .debug_loc     0x0000357c      0x3c0 src/main.o

.debug_macinfo
 *(.debug_macinfo)

.debug_weaknames
 *(.debug_weaknames)

.debug_funcnames
 *(.debug_funcnames)

.debug_typenames
 *(.debug_typenames)

.debug_varnames
 *(.debug_varnames)

.debug_pubtypes
 *(.debug_pubtypes)

.debug_ranges   0x00000000      0x2c0
 *(.debug_ranges)
 .debug_ranges  0x00000000       0x20 src/ASF/common/services/clock/mega/sysclk.o
 .debug_ranges  0x00000020       0x48 src/gfx_mono/gfx_mono_generic.o
 .debug_ranges  0x00000068       0x40 src/gfx_mono/gfx_mono_lcd_uc1608.o
 .debug_ranges  0x000000a8       0x30 src/gfx_mono/gfx_mono_text.o
 .debug_ranges  0x000000d8       0xe0 src/isr.o
 .debug_ranges  0x000001b8       0x68 src/lcd.o
 .debug_ranges  0x00000220       0x30 src/twi.o
 .debug_ranges  0x00000250       0x10 src/ASF/common/boards/user_board/init.o
 .debug_ranges  0x00000260       0x60 src/main.o

.debug_macro    0x00000000     0x193b
 *(.debug_macro)
 .debug_macro   0x00000000      0x160 src/ASF/common/services/clock/mega/sysclk.o
 .debug_macro   0x00000160       0x3a src/ASF/common/services/clock/mega/sysclk.o
 .debug_macro   0x0000019a      0x2bf src/ASF/common/services/clock/mega/sysclk.o
 .debug_macro   0x00000459      0x127 src/ASF/common/services/clock/mega/sysclk.o
 .debug_macro   0x00000580       0x7d src/ASF/common/services/clock/mega/sysclk.o
 .debug_macro   0x000005fd      0x153 src/gfx_mono/gfx_mono_generic.o
 .debug_macro   0x00000750      0x162 src/gfx_mono/gfx_mono_lcd_uc1608.o
 .debug_macro   0x000008b2       0x2e src/gfx_mono/gfx_mono_lcd_uc1608.o
 .debug_macro   0x000008e0      0x17a src/gfx_mono/gfx_mono_text.o
 .debug_macro   0x00000a5a       0xaa src/gfx_mono/gfx_mono_text.o
 .debug_macro   0x00000b04      0x180 src/gfx_mono/sysfont.o
 .debug_macro   0x00000c84       0x3a src/gfx_mono/sysfont.o
 .debug_macro   0x00000cbe      0x1e7 src/isr.o
 .debug_macro   0x00000ea5       0x1c src/isr.o
 .debug_macro   0x00000ec1       0x10 src/isr.o
 .debug_macro   0x00000ed1       0x22 src/isr.o
 .debug_macro   0x00000ef3       0x28 src/isr.o
 .debug_macro   0x00000f1b       0x23 src/isr.o
 .debug_macro   0x00000f3e      0x1ce src/isr.o
 .debug_macro   0x0000110c       0x1c src/isr.o
 .debug_macro   0x00001128      0x234 src/lcd.o
 .debug_macro   0x0000135c       0x34 src/lcd.o
 .debug_macro   0x00001390      0x1dd src/twi.o
 .debug_macro   0x0000156d      0x1d4 src/ASF/common/boards/user_board/init.o
 .debug_macro   0x00001741      0x1fa src/main.o
OUTPUT(Smart-LCD_SW.elf elf32-avr)
LOAD linker stubs
