Archive member included to satisfy reference by file (symbol)

c:/program files (x86)/atmel/studio/7.0/toolchain/avr8/avr8-gnu-toolchain/bin/../lib/gcc/avr/4.9.2/../../../../avr/lib/avr5\libm.a(addsf3.o)
                              src/main.o (__subsf3)
c:/program files (x86)/atmel/studio/7.0/toolchain/avr8/avr8-gnu-toolchain/bin/../lib/gcc/avr/4.9.2/../../../../avr/lib/avr5\libm.a(addsf3x.o)
                              c:/program files (x86)/atmel/studio/7.0/toolchain/avr8/avr8-gnu-toolchain/bin/../lib/gcc/avr/4.9.2/../../../../avr/lib/avr5\libm.a(addsf3.o) (__addsf3x)
c:/program files (x86)/atmel/studio/7.0/toolchain/avr8/avr8-gnu-toolchain/bin/../lib/gcc/avr/4.9.2/../../../../avr/lib/avr5\libm.a(cmpsf2.o)
                              src/lcd.o (__ltsf2)
c:/program files (x86)/atmel/studio/7.0/toolchain/avr8/avr8-gnu-toolchain/bin/../lib/gcc/avr/4.9.2/../../../../avr/lib/avr5\libm.a(divsf3.o)
                              src/lcd.o (__divsf3)
c:/program files (x86)/atmel/studio/7.0/toolchain/avr8/avr8-gnu-toolchain/bin/../lib/gcc/avr/4.9.2/../../../../avr/lib/avr5\libm.a(divsf3x.o)
                              c:/program files (x86)/atmel/studio/7.0/toolchain/avr8/avr8-gnu-toolchain/bin/../lib/gcc/avr/4.9.2/../../../../avr/lib/avr5\libm.a(divsf3.o) (__divsf3x)
c:/program files (x86)/atmel/studio/7.0/toolchain/avr8/avr8-gnu-toolchain/bin/../lib/gcc/avr/4.9.2/../../../../avr/lib/avr5\libm.a(fixsfsi.o)
                              src/lcd.o (__fixsfsi)
c:/program files (x86)/atmel/studio/7.0/toolchain/avr8/avr8-gnu-toolchain/bin/../lib/gcc/avr/4.9.2/../../../../avr/lib/avr5\libm.a(fixunssfsi.o)
                              src/main.o (__fixunssfsi)
c:/program files (x86)/atmel/studio/7.0/toolchain/avr8/avr8-gnu-toolchain/bin/../lib/gcc/avr/4.9.2/../../../../avr/lib/avr5\libm.a(floatsisf.o)
                              src/isr.o (__floatunsisf)
c:/program files (x86)/atmel/studio/7.0/toolchain/avr8/avr8-gnu-toolchain/bin/../lib/gcc/avr/4.9.2/../../../../avr/lib/avr5\libm.a(fp_cmp.o)
                              c:/program files (x86)/atmel/studio/7.0/toolchain/avr8/avr8-gnu-toolchain/bin/../lib/gcc/avr/4.9.2/../../../../avr/lib/avr5\libm.a(cmpsf2.o) (__fp_cmp)
c:/program files (x86)/atmel/studio/7.0/toolchain/avr8/avr8-gnu-toolchain/bin/../lib/gcc/avr/4.9.2/../../../../avr/lib/avr5\libm.a(fp_inf.o)
                              c:/program files (x86)/atmel/studio/7.0/toolchain/avr8/avr8-gnu-toolchain/bin/../lib/gcc/avr/4.9.2/../../../../avr/lib/avr5\libm.a(addsf3x.o) (__fp_inf)
c:/program files (x86)/atmel/studio/7.0/toolchain/avr8/avr8-gnu-toolchain/bin/../lib/gcc/avr/4.9.2/../../../../avr/lib/avr5\libm.a(fp_nan.o)
                              c:/program files (x86)/atmel/studio/7.0/toolchain/avr8/avr8-gnu-toolchain/bin/../lib/gcc/avr/4.9.2/../../../../avr/lib/avr5\libm.a(addsf3x.o) (__fp_nan)
c:/program files (x86)/atmel/studio/7.0/toolchain/avr8/avr8-gnu-toolchain/bin/../lib/gcc/avr/4.9.2/../../../../avr/lib/avr5\libm.a(fp_pscA.o)
                              c:/program files (x86)/atmel/studio/7.0/toolchain/avr8/avr8-gnu-toolchain/bin/../lib/gcc/avr/4.9.2/../../../../avr/lib/avr5\libm.a(addsf3x.o) (__fp_pscA)
c:/program files (x86)/atmel/studio/7.0/toolchain/avr8/avr8-gnu-toolchain/bin/../lib/gcc/avr/4.9.2/../../../../avr/lib/avr5\libm.a(fp_pscB.o)
                              c:/program files (x86)/atmel/studio/7.0/toolchain/avr8/avr8-gnu-toolchain/bin/../lib/gcc/avr/4.9.2/../../../../avr/lib/avr5\libm.a(addsf3x.o) (__fp_pscB)
c:/program files (x86)/atmel/studio/7.0/toolchain/avr8/avr8-gnu-toolchain/bin/../lib/gcc/avr/4.9.2/../../../../avr/lib/avr5\libm.a(fp_round.o)
                              c:/program files (x86)/atmel/studio/7.0/toolchain/avr8/avr8-gnu-toolchain/bin/../lib/gcc/avr/4.9.2/../../../../avr/lib/avr5\libm.a(addsf3.o) (__fp_round)
c:/program files (x86)/atmel/studio/7.0/toolchain/avr8/avr8-gnu-toolchain/bin/../lib/gcc/avr/4.9.2/../../../../avr/lib/avr5\libm.a(fp_split3.o)
                              c:/program files (x86)/atmel/studio/7.0/toolchain/avr8/avr8-gnu-toolchain/bin/../lib/gcc/avr/4.9.2/../../../../avr/lib/avr5\libm.a(addsf3x.o) (__fp_split3)
c:/program files (x86)/atmel/studio/7.0/toolchain/avr8/avr8-gnu-toolchain/bin/../lib/gcc/avr/4.9.2/../../../../avr/lib/avr5\libm.a(fp_zero.o)
                              c:/program files (x86)/atmel/studio/7.0/toolchain/avr8/avr8-gnu-toolchain/bin/../lib/gcc/avr/4.9.2/../../../../avr/lib/avr5\libm.a(addsf3x.o) (__fp_zero)
c:/program files (x86)/atmel/studio/7.0/toolchain/avr8/avr8-gnu-toolchain/bin/../lib/gcc/avr/4.9.2/../../../../avr/lib/avr5\libm.a(gesf2.o)
                              src/main.o (__gesf2)
c:/program files (x86)/atmel/studio/7.0/toolchain/avr8/avr8-gnu-toolchain/bin/../lib/gcc/avr/4.9.2/../../../../avr/lib/avr5\libm.a(mulsf3.o)
                              src/isr.o (__mulsf3)
[...]
Memory Configuration

Name             Origin             Length             Attributes
text             0x00000000         0x00020000         xr
data             0x00800060         0x0000ffa0         rw !x
eeprom           0x00810000         0x00010000         rw !x
fuse             0x00820000         0x00000003         rw !x
lock             0x00830000         0x00000400         rw !x
signature        0x00840000         0x00000400         rw !x
user_signatures  0x00850000         0x00000400         rw !x
*default*        0x00000000         0xffffffff

Linker script and memory map

Address of section .data set to 0x800100
LOAD C:/Program Files (x86)/Atmel/Studio/7.0/Packs/atmel/ATmega_DFP/1.1.130/gcc/dev/atmega328p/avr5/crtatmega328p.o
LOAD src/ASF/common/services/calendar/calendar.o
LOAD src/ASF/common/services/clock/mega/sysclk.o
LOAD src/ASF/mega/drivers/usart/usart_mega.o
LOAD src/gfx_mono/gfx_mono_framebuffer.o
LOAD src/gfx_mono/gfx_mono_generic.o
LOAD src/gfx_mono/gfx_mono_lcd_uc1608.o
LOAD src/gfx_mono/gfx_mono_null.o
LOAD src/gfx_mono/gfx_mono_text.o
LOAD src/gfx_mono/sysfont.o
LOAD src/isr.o
LOAD src/lcd.o
LOAD src/twi.o
LOAD src/ASF/common/boards/user_board/init.o
LOAD src/main.o
START GROUP
LOAD c:/program files (x86)/atmel/studio/7.0/toolchain/avr8/avr8-gnu-toolchain/bin/../lib/gcc/avr/4.9.2/../../../../avr/lib/avr5\libm.a
END GROUP
START GROUP
LOAD c:/program files (x86)/atmel/studio/7.0/toolchain/avr8/avr8-gnu-toolchain/bin/../lib/gcc/avr/4.9.2/avr5\libgcc.a
LOAD c:/program files (x86)/atmel/studio/7.0/toolchain/avr8/avr8-gnu-toolchain/bin/../lib/gcc/avr/4.9.2/../../../../avr/lib/avr5\libm.a
LOAD c:/program files (x86)/atmel/studio/7.0/toolchain/avr8/avr8-gnu-toolchain/bin/../lib/gcc/avr/4.9.2/../../../../avr/lib/avr5\libc.a
LOAD C:/Program Files (x86)/Atmel/Studio/7.0/Packs/atmel/ATmega_DFP/1.1.130/gcc/dev/atmega328p/avr5\libatmega328p.a
END GROUP
                0x00020000                __TEXT_REGION_LENGTH__ = DEFINED (__TEXT_REGION_LENGTH__)?__TEXT_REGION_LENGTH__:0x20000
                0x0000ffa0                __DATA_REGION_LENGTH__ = DEFINED (__DATA_REGION_LENGTH__)?__DATA_REGION_LENGTH__:0xffa0
                0x00010000                __EEPROM_REGION_LENGTH__ = DEFINED (__EEPROM_REGION_LENGTH__)?__EEPROM_REGION_LENGTH__:0x10000
                [0x00000003]                __FUSE_REGION_LENGTH__ = DEFINED (__FUSE_REGION_LENGTH__)?__FUSE_REGION_LENGTH__:0x400
                0x00000400                __LOCK_REGION_LENGTH__ = DEFINED (__LOCK_REGION_LENGTH__)?__LOCK_REGION_LENGTH__:0x400
                0x00000400                __SIGNATURE_REGION_LENGTH__ = DEFINED (__SIGNATURE_REGION_LENGTH__)?__SIGNATURE_REGION_LENGTH__:0x400
                0x00000400                __USER_SIGNATURE_REGION_LENGTH__ = DEFINED (__USER_SIGNATURE_REGION_LENGTH__)?__USER_SIGNATURE_REGION_LENGTH__:0x400

.hash
 *(.hash)

.dynsym
 *(.dynsym)

.dynstr
 *(.dynstr)

.gnu.version
 *(.gnu.version)

.gnu.version_d
 *(.gnu.version_d)

.gnu.version_r
 *(.gnu.version_r)

.rel.init
 *(.rel.init)

.rela.init
 *(.rela.init)

.rel.text
 *(.rel.text)
 *(.rel.text.*)
 *(.rel.gnu.linkonce.t*)

.rela.text
 *(.rela.text)
 *(.rela.text.*)
 *(.rela.gnu.linkonce.t*)

.rel.fini
 *(.rel.fini)

.rela.fini
 *(.rela.fini)

.rel.rodata
 *(.rel.rodata)
 *(.rel.rodata.*)
 *(.rel.gnu.linkonce.r*)

.rela.rodata
 *(.rela.rodata)
 *(.rela.rodata.*)
 *(.rela.gnu.linkonce.r*)

.rel.data
 *(.rel.data)
 *(.rel.data.*)
 *(.rel.gnu.linkonce.d*)

.rela.data
 *(.rela.data)
 *(.rela.data.*)
 *(.rela.gnu.linkonce.d*)

.rel.ctors
 *(.rel.ctors)

.rela.ctors
 *(.rela.ctors)

.rel.dtors
 *(.rel.dtors)

.rela.dtors
 *(.rela.dtors)

.rel.got
 *(.rel.got)

.rela.got
 *(.rela.got)

.rel.bss
 *(.rel.bss)

.rela.bss
 *(.rela.bss)

.rel.plt
 *(.rel.plt)

.rela.plt
 *(.rela.plt)

.text           0x00000000     0x24da
 *(.vectors)
 .vectors       0x00000000       0x68 C:/Program Files (x86)/Atmel/Studio/7.0/Packs/atmel/ATmega_DFP/1.1.130/gcc/dev/atmega328p/avr5/crtatmega328p.o
                0x00000000                __vector_default
                0x00000000                __vectors
 *(.vectors)
 *(.progmem.gcc*)
 .progmem.gcc_sw_table.__vector_24__bottom
                0x00000068      0x182 src/twi.o
                0x000001ea                . = ALIGN (0x2)
                0x000001ea                __trampolines_start = .
 *(.trampolines)
 .trampolines   0x000001ea        0x0 linker stubs
 *(.trampolines*)
                0x000001ea                __trampolines_end = .
 *libprintf_flt.a:*(.progmem.data)
 *libc.a:*(.progmem.data)
 *(.progmem*)
 .progmem.data.sysfont_glyphs
                0x000001ea      0x292 src/gfx_mono/sysfont.o
                0x0000047c                . = ALIGN (0x2)
 *(.jumptables)
 *(.jumptables*)
 *(.lowtext)
 *(.lowtext*)
                0x0000047c                __ctors_start = .
 *(.ctors)
                0x0000047c                __ctors_end = .
                0x0000047c                __dtors_start = .
 *(.dtors)
                0x0000047c                __dtors_end = .
 SORT(*)(.ctors)
 SORT(*)(.dtors)
 *(.init0)
 .init0         0x0000047c        0x0 C:/Program Files (x86)/Atmel/Studio/7.0/Packs/atmel/ATmega_DFP/1.1.130/gcc/dev/atmega328p/avr5/crtatmega328p.o
                0x0000047c                __init
 *(.init0)
 *(.init1)
 *(.init1)
 *(.init2)
 .init2         0x0000047c        0xc C:/Program Files (x86)/Atmel/Studio/7.0/Packs/atmel/ATmega_DFP/1.1.130/gcc/dev/atmega328p/avr5/crtatmega328p.o
 *(.init2)
 *(.init3)
 *(.init3)
 *(.init4)
 .init4         0x00000488       0x16 c:/program files (x86)/atmel/studio/7.0/toolchain/avr8/avr8-gnu-toolchain/bin/../lib/gcc/avr/4.9.2/avr5\libgcc.a(_copy_data.o)
                0x00000488                __do_copy_data
 .init4         0x0000049e       0x10 c:/program files (x86)/atmel/studio/7.0/toolchain/avr8/avr8-gnu-toolchain/bin/../lib/gcc/avr/4.9.2/avr5\libgcc.a(_clear_bss.o)
                0x0000049e                __do_clear_bss
 *(.init4)
 *(.init5)
 *(.init5)
 *(.init6)
 *(.init6)
 *(.init7)
 *(.init7)
 *(.init8)
 *(.init8)
 *(.init9)
 .init9         0x000004ae        0x8 C:/Program Files (x86)/Atmel/Studio/7.0/Packs/atmel/ATmega_DFP/1.1.130/gcc/dev/atmega328p/avr5/crtatmega328p.o
 *(.init9)
 *(.text)
                0x000004b6                . = ALIGN (0x2)
 *(.text.*)
 .text.sysclk_init
                0x000004b6       0x32 src/ASF/common/services/clock/mega/sysclk.o
                0x000004b6                sysclk_init
 .text.sysclk_enable_module
                0x000004e8       0x2c src/ASF/common/services/clock/mega/sysclk.o
                0x000004e8                sysclk_enable_module
 .text.gfx_mono_generic_draw_horizontal_line
                0x00000514       0xd6 src/gfx_mono/gfx_mono_generic.o
                0x00000514                gfx_mono_generic_draw_horizontal_line
 .text.gfx_mono_generic_draw_vertical_line
                0x000005ea       0xac src/gfx_mono/gfx_mono_generic.o
                0x000005ea                gfx_mono_generic_draw_vertical_line
 .text.gfx_mono_generic_draw_line
                0x00000696      0x104 src/gfx_mono/gfx_mono_generic.o
                0x00000696                gfx_mono_generic_draw_line
 .text.gfx_mono_generic_draw_rect
                0x0000079a       0x48 src/gfx_mono/gfx_mono_generic.o
                0x0000079a                gfx_mono_generic_draw_rect
 .text.gfx_mono_generic_draw_filled_rect
                0x000007e2       0x34 src/gfx_mono/gfx_mono_generic.o
                0x000007e2                gfx_mono_generic_draw_filled_rect
 .text.gfx_mono_generic_draw_circle
                0x00000816      0x17c src/gfx_mono/gfx_mono_generic.o
                0x00000816                gfx_mono_generic_draw_circle
 .text.gfx_mono_generic_draw_filled_circle
                0x00000992      0x136 src/gfx_mono/gfx_mono_generic.o
                0x00000992                gfx_mono_generic_draw_filled_circle
 .text.gfx_mono_lcd_uc1608_put_page
                0x00000ac8       0x64 src/gfx_mono/gfx_mono_lcd_uc1608.o
                0x00000ac8                gfx_mono_lcd_uc1608_put_page
 .text.gfx_mono_lcd_uc1608_put_byte
                0x00000b2c       0x20 src/gfx_mono/gfx_mono_lcd_uc1608.o
                0x00000b2c                gfx_mono_lcd_uc1608_put_byte
 .text.gfx_mono_lcd_uc1608_get_byte
                0x00000b4c       0x20 src/gfx_mono/gfx_mono_lcd_uc1608.o
                0x00000b4c                gfx_mono_lcd_uc1608_get_byte
 .text.gfx_mono_lcd_uc1608_mask_byte
                0x00000b6c       0x46 src/gfx_mono/gfx_mono_lcd_uc1608.o
                0x00000b6c                gfx_mono_lcd_uc1608_mask_byte
 .text.gfx_mono_lcd_uc1608_draw_pixel
                0x00000bb2       0x2c src/gfx_mono/gfx_mono_lcd_uc1608.o
                0x00000bb2                gfx_mono_lcd_uc1608_draw_pixel
 .text.gfx_mono_draw_char
                0x00000bde       0xc0 src/gfx_mono/gfx_mono_text.o
                0x00000bde                gfx_mono_draw_char
 .text.gfx_mono_draw_string
                0x00000c9e       0x52 src/gfx_mono/gfx_mono_text.o
                0x00000c9e                gfx_mono_draw_string
 .text.asm_break
                0x00000cf0        0x6 src/isr.o
                0x00000cf0                asm_break
 .text.__vector_1
                0x00000cf6       0x46 src/isr.o
                0x00000cf6                __vector_1
 .text.__vector_2
                0x00000d3c       0x46 src/isr.o
                0x00000d3c                __vector_2
 .text.__vector_3
                0x00000d82       0x46 src/isr.o
                0x00000d82                __vector_3
 .text.__vector_4
                0x00000dc8       0x46 src/isr.o
                0x00000dc8                __vector_4
 .text.__vector_5
                0x00000e0e       0x46 src/isr.o
                0x00000e0e                __vector_5
 .text.__vector_6
                0x00000e54       0x46 src/isr.o
                0x00000e54                __vector_6
 .text.__vector_7
                0x00000e9a       0x46 src/isr.o
                0x00000e9a                __vector_7
 .text.__vector_8
                0x00000ee0       0x46 src/isr.o
                0x00000ee0                __vector_8
 .text.__vector_9
                0x00000f26       0x46 src/isr.o
                0x00000f26                __vector_9
 .text.__vector_10
                0x00000f6c       0x46 src/isr.o
                0x00000f6c                __vector_10
 .text.__vector_11
                0x00000fb2       0x46 src/isr.o
                0x00000fb2                __vector_11
 .text.__vector_12
                0x00000ff8       0x46 src/isr.o
                0x00000ff8                __vector_12
 .text.__vector_13
                0x0000103e       0x46 src/isr.o
                0x0000103e                __vector_13
 .text.__vector_14
                0x00001084       0x46 src/isr.o
                0x00001084                __vector_14
 .text.__vector_15
                0x000010ca       0x46 src/isr.o
                0x000010ca                __vector_15
 .text.__vector_16
                0x00001110       0x46 src/isr.o
                0x00001110                __vector_16
 .text.__vector_17
                0x00001156       0x46 src/isr.o
                0x00001156                __vector_17
 .text.__vector_18
                0x0000119c       0x46 src/isr.o
                0x0000119c                __vector_18
 .text.__vector_19
                0x000011e2       0x46 src/isr.o
                0x000011e2                __vector_19
 .text.__vector_20
                0x00001228       0x46 src/isr.o
                0x00001228                __vector_20
 .text.__vector_21__bottom
                0x0000126e      0x134 src/isr.o
                0x0000126e                __vector_21__bottom
 .text.__vector_21
                0x000013a2       0x92 src/isr.o
                0x000013a2                __vector_21
 .text.__vector_22
                0x00001434       0x46 src/isr.o
                0x00001434                __vector_22
 .text.__vector_23
                0x0000147a       0x46 src/isr.o
                0x0000147a                __vector_23
 .text.__vector_24
                0x000014c0       0x58 src/isr.o
                0x000014c0                __vector_24
 .text.__vector_25
                0x00001518       0x46 src/isr.o
                0x00001518                __vector_25
 .text.lcd_bus_read_status
                0x0000155e       0x30 src/lcd.o
                0x0000155e                lcd_bus_read_status
 .text.lcd_bus_write_cmd
                0x0000158e       0x2c src/lcd.o
                0x0000158e                lcd_bus_write_cmd
 .text.lcd_bus_write_ram
                0x000015ba       0x2e src/lcd.o
                0x000015ba                lcd_bus_write_ram
 .text.lcd_bus_read_ram
                0x000015e8       0x46 src/lcd.o
                0x000015e8                lcd_bus_read_ram
 .text.lcd_page_set
                0x0000162e        0xc src/lcd.o
                0x0000162e                lcd_page_set
 .text.lcd_col_set
                0x0000163a       0x20 src/lcd.o
                0x0000163a                lcd_col_set
 .text.lcd_cr   0x0000165a       0x10 src/lcd.o
                0x0000165a                lcd_cr
 .text.lcd_home
                0x0000166a        0x8 src/lcd.o
                0x0000166a                lcd_home
 .text.lcd_cls  0x00001672       0x32 src/lcd.o
                0x00001672                lcd_cls
 .text.lcd_init
                0x000016a4      0x43e src/lcd.o
                0x000016a4                lcd_init
 .text.s_twcr_ack
                0x00001ae2       0x36 src/twi.o
 .text.s_twcr_all
                0x00001b18       0x20 src/twi.o
 .text.s_twdr   0x00001b38       0x20 src/twi.o
 .text.s_twi_tx_done
                0x00001b58       0x2a src/twi.o
 .text.__vector_24__bottom
                0x00001b82      0x1ac src/twi.o
                0x00001b82                __vector_24__bottom
 .text.board_init
                0x00001d2e        0x2 src/ASF/common/boards/user_board/init.o
                0x00001d2e                board_init
 .text.s_task   0x00001d30      0x1c2 src/main.o
                0x00001d30                s_task
 .text.main     0x00001ef2      0x154 src/main.o
                0x00001ef2                main
 .text.avr-libc.fplib
                0x00002046        0xa c:/program files (x86)/atmel/studio/7.0/toolchain/avr8/avr8-gnu-toolchain/bin/../lib/gcc/avr/4.9.2/../../../../avr/lib/avr5\libm.a(addsf3.o)
                0x00002046                __subsf3
                0x00002048                __addsf3
 .text.avr-libc.fplib
                0x00002050       0xc0 c:/program files (x86)/atmel/studio/7.0/toolchain/avr8/avr8-gnu-toolchain/bin/../lib/gcc/avr/4.9.2/../../../../avr/lib/avr5\libm.a(addsf3x.o)
                0x0000206a                __addsf3x
 .text.avr-libc.fplib
                0x00002110        0x8 c:/program files (x86)/atmel/studio/7.0/toolchain/avr8/avr8-gnu-toolchain/bin/../lib/gcc/avr/4.9.2/../../../../avr/lib/avr5\libm.a(cmpsf2.o)
                0x00002110                __nesf2
                0x00002110                __eqsf2
                0x00002110                __cmpsf2
                0x00002110                __ltsf2
                0x00002110                __lesf2
 .text.avr-libc.fplib
                0x00002118        0x4 c:/program files (x86)/atmel/studio/7.0/toolchain/avr8/avr8-gnu-toolchain/bin/../lib/gcc/avr/4.9.2/../../../../avr/lib/avr5\libm.a(divsf3.o)
                0x00002118                __divsf3
 .text.avr-libc.fplib
                0x0000211c       0xcc c:/program files (x86)/atmel/studio/7.0/toolchain/avr8/avr8-gnu-toolchain/bin/../lib/gcc/avr/4.9.2/../../../../avr/lib/avr5\libm.a(divsf3x.o)
                0x00002132                __divsf3x
                0x00002136                __divsf3_pse
 .text.avr-libc.fplib
                0x000021e8        0xa c:/program files (x86)/atmel/studio/7.0/toolchain/avr8/avr8-gnu-toolchain/bin/../lib/gcc/avr/4.9.2/../../../../avr/lib/avr5\libm.a(fixsfsi.o)
                0x000021e8                __fixsfsi
 .text.avr-libc.fplib
                0x000021f2       0x58 c:/program files (x86)/atmel/studio/7.0/toolchain/avr8/avr8-gnu-toolchain/bin/../lib/gcc/avr/4.9.2/../../../../avr/lib/avr5\libm.a(fixunssfsi.o)
                0x000021f2                __fixunssfsi
 .text.avr-libc.fplib
                0x0000224a       0x7a c:/program files (x86)/atmel/studio/7.0/toolchain/avr8/avr8-gnu-toolchain/bin/../lib/gcc/avr/4.9.2/../../../../avr/lib/avr5\libm.a(floatsisf.o)
                0x0000224a                __floatunsisf
                0x0000224e                __floatsisf
 .text.avr-libc.fplib
                0x000022c4       0x48 c:/program files (x86)/atmel/studio/7.0/toolchain/avr8/avr8-gnu-toolchain/bin/../lib/gcc/avr/4.9.2/../../../../avr/lib/avr5\libm.a(fp_cmp.o)
                0x000022c4                __fp_cmp
 .text.avr-libc.fplib
                0x0000230c        0xc c:/program files (x86)/atmel/studio/7.0/toolchain/avr8/avr8-gnu-toolchain/bin/../lib/gcc/avr/4.9.2/../../../../avr/lib/avr5\libm.a(fp_inf.o)
                0x0000230c                __fp_inf
 .text.avr-libc.fplib
                0x00002318        0x6 c:/program files (x86)/atmel/studio/7.0/toolchain/avr8/avr8-gnu-toolchain/bin/../lib/gcc/avr/4.9.2/../../../../avr/lib/avr5\libm.a(fp_nan.o)
                0x00002318                __fp_nan
 .text.avr-libc.fplib
                0x0000231e        0xe c:/program files (x86)/atmel/studio/7.0/toolchain/avr8/avr8-gnu-toolchain/bin/../lib/gcc/avr/4.9.2/../../../../avr/lib/avr5\libm.a(fp_pscA.o)
                0x0000231e                __fp_pscA
 .text.avr-libc.fplib
                0x0000232c        0xe c:/program files (x86)/atmel/studio/7.0/toolchain/avr8/avr8-gnu-toolchain/bin/../lib/gcc/avr/4.9.2/../../../../avr/lib/avr5\libm.a(fp_pscB.o)
                0x0000232c                __fp_pscB
 .text.avr-libc.fplib
                0x0000233a       0x22 c:/program files (x86)/atmel/studio/7.0/toolchain/avr8/avr8-gnu-toolchain/bin/../lib/gcc/avr/4.9.2/../../../../avr/lib/avr5\libm.a(fp_round.o)
                0x0000233a                __fp_round
 .text.avr-libc.fplib
                0x0000235c       0x44 c:/program files (x86)/atmel/studio/7.0/toolchain/avr8/avr8-gnu-toolchain/bin/../lib/gcc/avr/4.9.2/../../../../avr/lib/avr5\libm.a(fp_split3.o)
                0x0000235c                __fp_split3
                0x0000236c                __fp_splitA
 .text.avr-libc.fplib
                0x000023a0        0xe c:/program files (x86)/atmel/studio/7.0/toolchain/avr8/avr8-gnu-toolchain/bin/../lib/gcc/avr/4.9.2/../../../../avr/lib/avr5\libm.a(fp_zero.o)
                0x000023a0                __fp_zero
                0x000023a2                __fp_szero
 .text.avr-libc.fplib
                0x000023ae        0x8 c:/program files (x86)/atmel/studio/7.0/toolchain/avr8/avr8-gnu-toolchain/bin/../lib/gcc/avr/4.9.2/../../../../avr/lib/avr5\libm.a(gesf2.o)
                0x000023ae                __gesf2
                0x000023ae                __gtsf2
 .text.avr-libc.fplib
                0x000023b6        0x4 c:/program files (x86)/atmel/studio/7.0/toolchain/avr8/avr8-gnu-toolchain/bin/../lib/gcc/avr/4.9.2/../../../../avr/lib/avr5\libm.a(mulsf3.o)
                0x000023b6                __mulsf3
 .text.avr-libc.fplib
                0x000023ba       0xc2 c:/program files (x86)/atmel/studio/7.0/toolchain/avr8/avr8-gnu-toolchain/bin/../lib/gcc/avr/4.9.2/../../../../avr/lib/avr5\libm.a(mulsf3x.o)
                0x000023ce                __mulsf3x
                0x000023d2                __mulsf3_pse
 .text.libgcc.div
                0x0000247c       0x26 c:/program files (x86)/atmel/studio/7.0/toolchain/avr8/avr8-gnu-toolchain/bin/../lib/gcc/avr/4.9.2/avr5\libgcc.a(_divmodhi4.o)
                0x0000247c                _div
                0x0000247c                __divmodhi4
 .text.libgcc   0x000024a2        0xc c:/program files (x86)/atmel/studio/7.0/toolchain/avr8/avr8-gnu-toolchain/bin/../lib/gcc/avr/4.9.2/avr5\libgcc.a(_tablejump2.o)
                0x000024a2                __tablejump2__
 .text.libgcc.div
                0x000024ae       0x28 c:/program files (x86)/atmel/studio/7.0/toolchain/avr8/avr8-gnu-toolchain/bin/../lib/gcc/avr/4.9.2/avr5\libgcc.a(_udivmodhi4.o)
                0x000024ae                __udivmodhi4
                0x000024d6                . = ALIGN (0x2)
 *(.fini9)
 .fini9         0x000024d6        0x0 c:/program files (x86)/atmel/studio/7.0/toolchain/avr8/avr8-gnu-toolchain/bin/../lib/gcc/avr/4.9.2/avr5\libgcc.a(_exit.o)
                0x000024d6                _exit
                0x000024d6                exit
 *(.fini9)
 *(.fini8)
 *(.fini8)
 *(.fini7)
 *(.fini7)
 *(.fini6)
 *(.fini6)
 *(.fini5)
 *(.fini5)
 *(.fini4)
 *(.fini4)
 *(.fini3)
 *(.fini3)
 *(.fini2)
 *(.fini2)
 *(.fini1)
 *(.fini1)
 *(.fini0)
 .fini0         0x000024d6        0x4 c:/program files (x86)/atmel/studio/7.0/toolchain/avr8/avr8-gnu-toolchain/bin/../lib/gcc/avr/4.9.2/avr5\libgcc.a(_exit.o)
 *(.fini0)
                0x000024da                _etext = .

.data           0x00800100       0x18 load address 0x000024da
                0x00800100                PROVIDE (__data_start, .)
 *(.data)
 *(.data*)
 *(.rodata)
 *(.rodata*)
 .rodata.sysfont
                0x00800100        0x7 src/gfx_mono/sysfont.o
                0x00800100                sysfont
 .rodata.str1.1
                0x00800107       0x11 src/lcd.o
 *(.gnu.linkonce.d*)
                0x00800118                . = ALIGN (0x2)
                0x00800118                _edata = .
                0x00800118                PROVIDE (__data_end, .)

.bss            0x00800118       0x41
                0x00800118                PROVIDE (__bss_start, .)
 *(.bss)
 *(.bss*)
 .bss.l_ocr2a.2587
                0x00800118        0x1 src/isr.o
 .bss.test2b.2584
                0x00800119        0x1 src/isr.o
 .bss.test2.2583
                0x0080011a        0x2 src/isr.o
 .bss.test1.2582
                0x0080011c        0x2 src/isr.o
 .bss.loop.2696
                0x0080011e        0x2 src/lcd.o
 .bss.s_lcd_ram_read_nonvalid
                0x00800120        0x1 src/lcd.o
 .bss.cnt_i.2505
                0x00800121        0x1 src/twi.o
 .bss.pos_i.2503
                0x00800122        0x1 src/twi.o
 .bss.cnt_o.2506
                0x00800123        0x1 src/twi.o
 .bss.pos_o.2504
                0x00800124        0x1 src/twi.o
 .bss.s_rx_d    0x00800125        0x8 src/twi.o
 .bss.s_rx_lock
                0x0080012d        0x1 src/twi.o
 .bss.s_tx_d    0x0080012e        0x8 src/twi.o
 .bss.s_tx_len  0x00800136        0x1 src/twi.o
 .bss.s_tx_lock
                0x00800137        0x1 src/twi.o
 .bss.s_tx_next_len
                0x00800138        0x1 src/twi.o
 .bss.pwm.2556  0x00800139        0x1 src/main.o
 .bss.runmode   0x0080013a        0x1 src/main.o
 .bss.g_f_DEBUG32
                0x0080013b        0x4 src/main.o
                0x0080013b                g_f_DEBUG32
 .bss.g_f_DEBUG31
                0x0080013f        0x4 src/main.o
                0x0080013f                g_f_DEBUG31
 .bss.g_u8_DEBUG13
                0x00800143        0x1 src/main.o
                0x00800143                g_u8_DEBUG13
 .bss.g_temp_lcd_last
                0x00800144        0x4 src/main.o
                0x00800144                g_temp_lcd_last
 .bss.g_temp    0x00800148        0x4 src/main.o
                0x00800148                g_temp
 .bss.g_adc_temp
                0x0080014c        0x4 src/main.o
                0x0080014c                g_adc_temp
 .bss.g_adc_ldr_last
                0x00800150        0x4 src/main.o
                0x00800150                g_adc_ldr_last
 .bss.g_adc_ldr
                0x00800154        0x4 src/main.o
                0x00800154                g_adc_ldr
 .bss.g_adc_state
                0x00800158        0x1 src/main.o
                0x00800158                g_adc_state
 *(COMMON)
                0x00800159                PROVIDE (__bss_end, .)
                0x000024da                __data_load_start = LOADADDR (.data)
                0x000024f2                __data_load_end = (__data_load_start + SIZEOF (.data))

.noinit         0x00800159        0x0
                [!provide]                PROVIDE (__noinit_start, .)
 *(.noinit*)
                [!provide]                PROVIDE (__noinit_end, .)
                0x00800159                _end = .
                [!provide]                PROVIDE (__heap_start, .)

.eeprom         0x00810000        0x0
 *(.eeprom*)
                0x00810000                __eeprom_end = .

.fuse
 *(.fuse)
 *(.lfuse)
 *(.hfuse)
 *(.efuse)

.lock
 *(.lock*)

.signature
 *(.signature*)

.user_signatures
 *(.user_signatures*)

.stab
 *(.stab)

.stabstr
 *(.stabstr)

.stab.excl
 *(.stab.excl)

.stab.exclstr
 *(.stab.exclstr)

.stab.index
 *(.stab.index)

.stab.indexstr
 *(.stab.indexstr)

.comment        0x00000000       0x30
 *(.comment)
 .comment       0x00000000       0x30 src/ASF/common/services/clock/mega/sysclk.o
                                 0x31 (size before relaxing)
 .comment       0x00000030       0x31 src/gfx_mono/gfx_mono_generic.o
 .comment       0x00000030       0x31 src/gfx_mono/gfx_mono_lcd_uc1608.o
 .comment       0x00000030       0x31 src/gfx_mono/gfx_mono_text.o
 .comment       0x00000030       0x31 src/gfx_mono/sysfont.o
 .comment       0x00000030       0x31 src/isr.o
 .comment       0x00000030       0x31 src/lcd.o
 .comment       0x00000030       0x31 src/twi.o
 .comment       0x00000030       0x31 src/ASF/common/boards/user_board/init.o
 .comment       0x00000030       0x31 src/main.o

.note.gnu.avr.deviceinfo
                0x00000000       0x40
 .note.gnu.avr.deviceinfo
                0x00000000       0x40 C:/Program Files (x86)/Atmel/Studio/7.0/Packs/atmel/ATmega_DFP/1.1.130/gcc/dev/atmega328p/avr5/crtatmega328p.o

.note.gnu.build-id
 *(.note.gnu.build-id)

.debug
 *(.debug)

.line
 *(.line)

.debug_srcinfo
 *(.debug_srcinfo)

.debug_sfnames
 *(.debug_sfnames)

.debug_aranges  0x00000000      0x338
 *(.debug_aranges)
 .debug_aranges
                0x00000000       0x30 src/ASF/common/services/clock/mega/sysclk.o
 .debug_aranges
                0x00000030       0x58 src/gfx_mono/gfx_mono_generic.o
 .debug_aranges
                0x00000088       0x50 src/gfx_mono/gfx_mono_lcd_uc1608.o
 .debug_aranges
                0x000000d8       0x40 src/gfx_mono/gfx_mono_text.o
 .debug_aranges
                0x00000118       0x18 src/gfx_mono/sysfont.o
 .debug_aranges
                0x00000130       0xf0 src/isr.o
 .debug_aranges
                0x00000220       0x88 src/lcd.o
 .debug_aranges
                0x000002a8       0x40 src/twi.o
 .debug_aranges
                0x000002e8       0x20 src/ASF/common/boards/user_board/init.o
 .debug_aranges
                0x00000308       0x30 src/main.o

.debug_pubnames
 *(.debug_pubnames)

.debug_info     0x00000000     0x5611
 *(.debug_info .gnu.linkonce.wi.*)
 .debug_info    0x00000000      0x5f4 C:/Program Files (x86)/Atmel/Studio/7.0/Packs/atmel/ATmega_DFP/1.1.130/gcc/dev/atmega328p/avr5/crtatmega328p.o
 .debug_info    0x000005f4      0x2a3 src/ASF/common/services/clock/mega/sysclk.o
 .debug_info    0x00000897      0xbeb src/gfx_mono/gfx_mono_generic.o
 .debug_info    0x00001482      0x52d src/gfx_mono/gfx_mono_lcd_uc1608.o
 .debug_info    0x000019af      0x6d7 src/gfx_mono/gfx_mono_text.o
 .debug_info    0x00002086      0x13d src/gfx_mono/sysfont.o
 .debug_info    0x000021c3      0x872 src/isr.o
 .debug_info    0x00002a35     0x1954 src/lcd.o
 .debug_info    0x00004389      0x50f src/twi.o
 .debug_info    0x00004898      0x103 src/ASF/common/boards/user_board/init.o
 .debug_info    0x0000499b      0xc76 src/main.o

.debug_abbrev   0x00000000     0x18b5
 *(.debug_abbrev)
 .debug_abbrev  0x00000000      0x5a2 C:/Program Files (x86)/Atmel/Studio/7.0/Packs/atmel/ATmega_DFP/1.1.130/gcc/dev/atmega328p/avr5/crtatmega328p.o
 .debug_abbrev  0x000005a2      0x1a6 src/ASF/common/services/clock/mega/sysclk.o
 .debug_abbrev  0x00000748      0x1b7 src/gfx_mono/gfx_mono_generic.o
 .debug_abbrev  0x000008ff      0x166 src/gfx_mono/gfx_mono_lcd_uc1608.o
 .debug_abbrev  0x00000a65      0x212 src/gfx_mono/gfx_mono_text.o
 .debug_abbrev  0x00000c77       0xc8 src/gfx_mono/sysfont.o
 .debug_abbrev  0x00000d3f      0x1da src/isr.o
 .debug_abbrev  0x00000f19      0x3f6 src/lcd.o
 .debug_abbrev  0x0000130f      0x1d6 src/twi.o
 .debug_abbrev  0x000014e5       0x8b src/ASF/common/boards/user_board/init.o
 .debug_abbrev  0x00001570      0x345 src/main.o

.debug_line     0x00000000     0x4aa9
 *(.debug_line .debug_line.* .debug_line_end)
 .debug_line    0x00000000      0x133 C:/Program Files (x86)/Atmel/Studio/7.0/Packs/atmel/ATmega_DFP/1.1.130/gcc/dev/atmega328p/avr5/crtatmega328p.o
 .debug_line    0x00000133      0x4ad src/ASF/common/services/clock/mega/sysclk.o
 .debug_line    0x000005e0      0x831 src/gfx_mono/gfx_mono_generic.o
 .debug_line    0x00000e11      0x585 src/gfx_mono/gfx_mono_lcd_uc1608.o
 .debug_line    0x00001396      0x59c src/gfx_mono/gfx_mono_text.o
 .debug_line    0x00001932      0x3a0 src/gfx_mono/sysfont.o
 .debug_line    0x00001cd2      0x99e src/isr.o
 .debug_line    0x00002670      0xdbf src/lcd.o
 .debug_line    0x0000342f      0x870 src/twi.o
 .debug_line    0x00003c9f      0x58f src/ASF/common/boards/user_board/init.o
 .debug_line    0x0000422e      0x87b src/main.o

.debug_frame    0x00000000     0x10b0
 *(.debug_frame)
 .debug_frame   0x00000000       0x74 src/ASF/common/services/clock/mega/sysclk.o
 .debug_frame   0x00000074      0x224 src/gfx_mono/gfx_mono_generic.o
 .debug_frame   0x00000298       0xf4 src/gfx_mono/gfx_mono_lcd_uc1608.o
 .debug_frame   0x0000038c      0x10c src/gfx_mono/gfx_mono_text.o
 .debug_frame   0x00000498      0x8fc src/isr.o
 .debug_frame   0x00000d94      0x1bc src/lcd.o
 .debug_frame   0x00000f50       0x9c src/twi.o
 .debug_frame   0x00000fec       0x24 src/ASF/common/boards/user_board/init.o
 .debug_frame   0x00001010       0xa0 src/main.o

.debug_str      0x00000000    0x133ab
 *(.debug_str)
 .debug_str     0x00000000      0x208 C:/Program Files (x86)/Atmel/Studio/7.0/Packs/atmel/ATmega_DFP/1.1.130/gcc/dev/atmega328p/avr5/crtatmega328p.o
 .debug_str     0x00000208     0xfa53 src/ASF/common/services/clock/mega/sysclk.o
                               0xfc1c (size before relaxing)
 .debug_str     0x0000fc5b      0xc37 src/gfx_mono/gfx_mono_generic.o
                               0xf763 (size before relaxing)
 .debug_str     0x00010892      0x168 src/gfx_mono/gfx_mono_lcd_uc1608.o
                               0xf67d (size before relaxing)
 .debug_str     0x000109fa      0x21f src/gfx_mono/gfx_mono_text.o
                               0xf703 (size before relaxing)
 .debug_str     0x00010c19     0x10a5 src/gfx_mono/sysfont.o
                              0x1054c (size before relaxing)
 .debug_str     0x00011cbe      0xebe src/isr.o
                              0x10a21 (size before relaxing)
 .debug_str     0x00012b7c      0x21f src/lcd.o
                              0x12502 (size before relaxing)
 .debug_str     0x00012d9b       0xbe src/twi.o
                              0x1079e (size before relaxing)
 .debug_str     0x00012e59       0x36 src/ASF/common/boards/user_board/init.o
                              0x10673 (size before relaxing)
 .debug_str     0x00012e8f      0x51c src/main.o
                              0x1101c (size before relaxing)

.debug_loc      0x00000000     0x4acc
 *(.debug_loc)
 .debug_loc     0x00000000      0x18a src/ASF/common/services/clock/mega/sysclk.o
 .debug_loc     0x0000018a     0x1225 src/gfx_mono/gfx_mono_generic.o
 .debug_loc     0x000013af      0x76f src/gfx_mono/gfx_mono_lcd_uc1608.o
 .debug_loc     0x00001b1e      0x9ea src/gfx_mono/gfx_mono_text.o
 .debug_loc     0x00002508     0x15ca src/isr.o
 .debug_loc     0x00003ad2      0x87d src/lcd.o
 .debug_loc     0x0000434f      0x445 src/twi.o
 .debug_loc     0x00004794      0x338 src/main.o

.debug_macinfo
 *(.debug_macinfo)

.debug_weaknames
 *(.debug_weaknames)

.debug_funcnames
 *(.debug_funcnames)

.debug_typenames
 *(.debug_typenames)

.debug_varnames
 *(.debug_varnames)

.debug_pubtypes
 *(.debug_pubtypes)

.debug_ranges   0x00000000      0x2c8
 *(.debug_ranges)
 .debug_ranges  0x00000000       0x20 src/ASF/common/services/clock/mega/sysclk.o
 .debug_ranges  0x00000020       0x48 src/gfx_mono/gfx_mono_generic.o
 .debug_ranges  0x00000068       0x40 src/gfx_mono/gfx_mono_lcd_uc1608.o
 .debug_ranges  0x000000a8       0x30 src/gfx_mono/gfx_mono_text.o
 .debug_ranges  0x000000d8       0xe0 src/isr.o
 .debug_ranges  0x000001b8       0xb0 src/lcd.o
 .debug_ranges  0x00000268       0x30 src/twi.o
 .debug_ranges  0x00000298       0x10 src/ASF/common/boards/user_board/init.o
 .debug_ranges  0x000002a8       0x20 src/main.o

.debug_macro    0x00000000     0x1945
 *(.debug_macro)
 .debug_macro   0x00000000      0x160 src/ASF/common/services/clock/mega/sysclk.o
 .debug_macro   0x00000160       0x3a src/ASF/common/services/clock/mega/sysclk.o
 .debug_macro   0x0000019a      0x2bf src/ASF/common/services/clock/mega/sysclk.o
 .debug_macro   0x00000459      0x127 src/ASF/common/services/clock/mega/sysclk.o
 .debug_macro   0x00000580       0x7d src/ASF/common/services/clock/mega/sysclk.o
 .debug_macro   0x000005fd      0x153 src/gfx_mono/gfx_mono_generic.o
 .debug_macro   0x00000750      0x162 src/gfx_mono/gfx_mono_lcd_uc1608.o
 .debug_macro   0x000008b2       0x2e src/gfx_mono/gfx_mono_lcd_uc1608.o
 .debug_macro   0x000008e0      0x17a src/gfx_mono/gfx_mono_text.o
 .debug_macro   0x00000a5a       0xaa src/gfx_mono/gfx_mono_text.o
 .debug_macro   0x00000b04      0x180 src/gfx_mono/sysfont.o
 .debug_macro   0x00000c84       0x3a src/gfx_mono/sysfont.o
 .debug_macro   0x00000cbe      0x1e7 src/isr.o
 .debug_macro   0x00000ea5       0x1c src/isr.o
 .debug_macro   0x00000ec1       0x10 src/isr.o
 .debug_macro   0x00000ed1       0x22 src/isr.o
 .debug_macro   0x00000ef3       0x28 src/isr.o
 .debug_macro   0x00000f1b       0x23 src/isr.o
 .debug_macro   0x00000f3e      0x1ce src/isr.o
 .debug_macro   0x0000110c       0x1c src/isr.o
 .debug_macro   0x00001128      0x23e src/lcd.o
 .debug_macro   0x00001366       0x34 src/lcd.o
 .debug_macro   0x0000139a      0x1dd src/twi.o
 .debug_macro   0x00001577      0x1d4 src/ASF/common/boards/user_board/init.o
 .debug_macro   0x0000174b      0x1fa src/main.o
OUTPUT(Smart-LCD_SW.elf elf32-avr)
LOAD linker stubs
